Archive member included because of file (symbol)

c:/winavr-20100110/bin/../lib/gcc/avr/4.3.3/../../../../avr/lib/avr6\libprintf_flt.a(vfprintf_flt.o)
                              (vfprintf)
c:/winavr-20100110/bin/../lib/gcc/avr/4.3.3/../../../../avr/lib/avr6\libm.a(acos.o)
                              ArmsPic.o (acos)
c:/winavr-20100110/bin/../lib/gcc/avr/4.3.3/../../../../avr/lib/avr6\libm.a(addsf3.o)
                              ArmsPic.o (__subsf3)
c:/winavr-20100110/bin/../lib/gcc/avr/4.3.3/../../../../avr/lib/avr6\libm.a(addsf3x.o)
                              c:/winavr-20100110/bin/../lib/gcc/avr/4.3.3/../../../../avr/lib/avr6\libm.a(acos.o) (__addsf3x)
c:/winavr-20100110/bin/../lib/gcc/avr/4.3.3/../../../../avr/lib/avr6\libm.a(asin.o)
                              ArmsPic.o (asin)
c:/winavr-20100110/bin/../lib/gcc/avr/4.3.3/../../../../avr/lib/avr6\libm.a(atan2.o)
                              ArmsPic.o (atan2)
c:/winavr-20100110/bin/../lib/gcc/avr/4.3.3/../../../../avr/lib/avr6\libm.a(atan.o)
                              c:/winavr-20100110/bin/../lib/gcc/avr/4.3.3/../../../../avr/lib/avr6\libm.a(atan2.o) (atan)
c:/winavr-20100110/bin/../lib/gcc/avr/4.3.3/../../../../avr/lib/avr6\libm.a(cmpsf2.o)
                              ArmsPic.o (__eqsf2)
c:/winavr-20100110/bin/../lib/gcc/avr/4.3.3/../../../../avr/lib/avr6\libm.a(cos.o)
                              ArmsPic.o (cos)
c:/winavr-20100110/bin/../lib/gcc/avr/4.3.3/../../../../avr/lib/avr6\libm.a(divsf3.o)
                              ArmsPic.o (__divsf3)
c:/winavr-20100110/bin/../lib/gcc/avr/4.3.3/../../../../avr/lib/avr6\libm.a(divsf3x.o)
                              c:/winavr-20100110/bin/../lib/gcc/avr/4.3.3/../../../../avr/lib/avr6\libm.a(divsf3.o) (__divsf3x)
c:/winavr-20100110/bin/../lib/gcc/avr/4.3.3/../../../../avr/lib/avr6\libm.a(fixsfsi.o)
                              ArmsPic.o (__fixsfsi)
c:/winavr-20100110/bin/../lib/gcc/avr/4.3.3/../../../../avr/lib/avr6\libm.a(fixunssfsi.o)
                              ArmsPic.o (__fixunssfsi)
c:/winavr-20100110/bin/../lib/gcc/avr/4.3.3/../../../../avr/lib/avr6\libm.a(floatsisf.o)
                              ArmsPic.o (__floatsisf)
c:/winavr-20100110/bin/../lib/gcc/avr/4.3.3/../../../../avr/lib/avr6\libm.a(fp_arccos.o)
                              c:/winavr-20100110/bin/../lib/gcc/avr/4.3.3/../../../../avr/lib/avr6\libm.a(acos.o) (__fp_arccos)
c:/winavr-20100110/bin/../lib/gcc/avr/4.3.3/../../../../avr/lib/avr6\libm.a(fp_cmp.o)
                              c:/winavr-20100110/bin/../lib/gcc/avr/4.3.3/../../../../avr/lib/avr6\libm.a(cmpsf2.o) (__fp_cmp)
c:/winavr-20100110/bin/../lib/gcc/avr/4.3.3/../../../../avr/lib/avr6\libm.a(fp_inf.o)
                              c:/winavr-20100110/bin/../lib/gcc/avr/4.3.3/../../../../avr/lib/avr6\libm.a(addsf3x.o) (__fp_inf)
c:/winavr-20100110/bin/../lib/gcc/avr/4.3.3/../../../../avr/lib/avr6\libm.a(fp_nan.o)
                              c:/winavr-20100110/bin/../lib/gcc/avr/4.3.3/../../../../avr/lib/avr6\libm.a(addsf3x.o) (__fp_nan)
c:/winavr-20100110/bin/../lib/gcc/avr/4.3.3/../../../../avr/lib/avr6\libm.a(fp_powser.o)
                              c:/winavr-20100110/bin/../lib/gcc/avr/4.3.3/../../../../avr/lib/avr6\libm.a(atan.o) (__fp_powser)
c:/winavr-20100110/bin/../lib/gcc/avr/4.3.3/../../../../avr/lib/avr6\libm.a(fp_powsodd.o)
                              c:/winavr-20100110/bin/../lib/gcc/avr/4.3.3/../../../../avr/lib/avr6\libm.a(asin.o) (__fp_powsodd)
c:/winavr-20100110/bin/../lib/gcc/avr/4.3.3/../../../../avr/lib/avr6\libm.a(fp_pscA.o)
                              c:/winavr-20100110/bin/../lib/gcc/avr/4.3.3/../../../../avr/lib/avr6\libm.a(addsf3x.o) (__fp_pscA)
c:/winavr-20100110/bin/../lib/gcc/avr/4.3.3/../../../../avr/lib/avr6\libm.a(fp_pscB.o)
                              c:/winavr-20100110/bin/../lib/gcc/avr/4.3.3/../../../../avr/lib/avr6\libm.a(addsf3x.o) (__fp_pscB)
c:/winavr-20100110/bin/../lib/gcc/avr/4.3.3/../../../../avr/lib/avr6\libm.a(fp_rempio2.o)
                              c:/winavr-20100110/bin/../lib/gcc/avr/4.3.3/../../../../avr/lib/avr6\libm.a(cos.o) (__fp_rempio2)
c:/winavr-20100110/bin/../lib/gcc/avr/4.3.3/../../../../avr/lib/avr6\libm.a(fp_round.o)
                              c:/winavr-20100110/bin/../lib/gcc/avr/4.3.3/../../../../avr/lib/avr6\libm.a(acos.o) (__fp_round)
c:/winavr-20100110/bin/../lib/gcc/avr/4.3.3/../../../../avr/lib/avr6\libm.a(fp_sinus.o)
                              c:/winavr-20100110/bin/../lib/gcc/avr/4.3.3/../../../../avr/lib/avr6\libm.a(cos.o) (__fp_sinus)
c:/winavr-20100110/bin/../lib/gcc/avr/4.3.3/../../../../avr/lib/avr6\libm.a(fp_split3.o)
                              c:/winavr-20100110/bin/../lib/gcc/avr/4.3.3/../../../../avr/lib/avr6\libm.a(addsf3x.o) (__fp_split3)
c:/winavr-20100110/bin/../lib/gcc/avr/4.3.3/../../../../avr/lib/avr6\libm.a(fp_zero.o)
                              c:/winavr-20100110/bin/../lib/gcc/avr/4.3.3/../../../../avr/lib/avr6\libm.a(addsf3x.o) (__fp_zero)
c:/winavr-20100110/bin/../lib/gcc/avr/4.3.3/../../../../avr/lib/avr6\libm.a(gesf2.o)
                              ArmsPic.o (__gesf2)
c:/winavr-20100110/bin/../lib/gcc/avr/4.3.3/../../../../avr/lib/avr6\libm.a(inverse.o)
                              c:/winavr-20100110/bin/../lib/gcc/avr/4.3.3/../../../../avr/lib/avr6\libm.a(atan.o) (inverse)
c:/winavr-20100110/bin/../lib/gcc/avr/4.3.3/../../../../avr/lib/avr6\libm.a(mulsf3.o)
                              ArmsPic.o (__mulsf3)
c:/winavr-20100110/bin/../lib/gcc/avr/4.3.3/../../../../avr/lib/avr6\libm.a(mulsf3x.o)
                              c:/winavr-20100110/bin/../lib/gcc/avr/4.3.3/../../../../avr/lib/avr6\libm.a(atan.o) (__mulsf3x)
c:/winavr-20100110/bin/../lib/gcc/avr/4.3.3/../../../../avr/lib/avr6\libm.a(pow.o)
                              ArmsPic.o (pow)
c:/winavr-20100110/bin/../lib/gcc/avr/4.3.3/../../../../avr/lib/avr6\libm.a(sin.o)
                              ArmsPic.o (sin)
c:/winavr-20100110/bin/../lib/gcc/avr/4.3.3/../../../../avr/lib/avr6\libm.a(sqrt.o)
                              ArmsPic.o (sqrt)
c:/winavr-20100110/bin/../lib/gcc/avr/4.3.3/../../../../avr/lib/avr6\libm.a(square.o)
                              c:/winavr-20100110/bin/../lib/gcc/avr/4.3.3/../../../../avr/lib/avr6\libm.a(atan.o) (square)
c:/winavr-20100110/bin/../lib/gcc/avr/4.3.3/../../../../avr/lib/avr6\libm.a(exp.o)
                              c:/winavr-20100110/bin/../lib/gcc/avr/4.3.3/../../../../avr/lib/avr6\libm.a(pow.o) (exp)
c:/winavr-20100110/bin/../lib/gcc/avr/4.3.3/../../../../avr/lib/avr6\libm.a(fp_mpack.o)
                              c:/winavr-20100110/bin/../lib/gcc/avr/4.3.3/../../../../avr/lib/avr6\libm.a(sqrt.o) (__fp_mpack)
c:/winavr-20100110/bin/../lib/gcc/avr/4.3.3/../../../../avr/lib/avr6\libm.a(fp_norm2.o)
                              c:/winavr-20100110/bin/../lib/gcc/avr/4.3.3/../../../../avr/lib/avr6\libm.a(sqrt.o) (__fp_norm2)
c:/winavr-20100110/bin/../lib/gcc/avr/4.3.3/../../../../avr/lib/avr6\libm.a(ldexp.o)
                              c:/winavr-20100110/bin/../lib/gcc/avr/4.3.3/../../../../avr/lib/avr6\libm.a(exp.o) (ldexp)
c:/winavr-20100110/bin/../lib/gcc/avr/4.3.3/../../../../avr/lib/avr6\libm.a(log.o)
                              c:/winavr-20100110/bin/../lib/gcc/avr/4.3.3/../../../../avr/lib/avr6\libm.a(pow.o) (log)
c:/winavr-20100110/bin/../lib/gcc/avr/4.3.3/../../../../avr/lib/avr6\libm.a(modf.o)
                              c:/winavr-20100110/bin/../lib/gcc/avr/4.3.3/../../../../avr/lib/avr6\libm.a(exp.o) (modf)
c:/winavr-20100110/bin/../lib/gcc/avr/4.3.3/../../../../avr/lib/avr6\libc.a(strtod.o)
                              ArmsPic.o (strtod)
c:/winavr-20100110/bin/../lib/gcc/avr/4.3.3/../../../../avr/lib/avr6\libc.a(exit.o)
                              c:/winavr-20100110/bin/../lib/gcc/avr/4.3.3/../../../../avr/lib/avr6/crtm2561.o (exit)
c:/winavr-20100110/bin/../lib/gcc/avr/4.3.3/../../../../avr/lib/avr6\libc.a(ftoa_engine.o)
                              c:/winavr-20100110/bin/../lib/gcc/avr/4.3.3/../../../../avr/lib/avr6\libprintf_flt.a(vfprintf_flt.o) (__ftoa_engine)
c:/winavr-20100110/bin/../lib/gcc/avr/4.3.3/../../../../avr/lib/avr6\libc.a(isspace.o)
                              c:/winavr-20100110/bin/../lib/gcc/avr/4.3.3/../../../../avr/lib/avr6\libc.a(strtod.o) (isspace)
c:/winavr-20100110/bin/../lib/gcc/avr/4.3.3/../../../../avr/lib/avr6\libc.a(strncasecmp_P.o)
                              c:/winavr-20100110/bin/../lib/gcc/avr/4.3.3/../../../../avr/lib/avr6\libc.a(strtod.o) (strncasecmp_P)
c:/winavr-20100110/bin/../lib/gcc/avr/4.3.3/../../../../avr/lib/avr6\libc.a(strnlen_P.o)
                              c:/winavr-20100110/bin/../lib/gcc/avr/4.3.3/../../../../avr/lib/avr6\libprintf_flt.a(vfprintf_flt.o) (strnlen_P)
c:/winavr-20100110/bin/../lib/gcc/avr/4.3.3/../../../../avr/lib/avr6\libc.a(strnlen.o)
                              c:/winavr-20100110/bin/../lib/gcc/avr/4.3.3/../../../../avr/lib/avr6\libprintf_flt.a(vfprintf_flt.o) (strnlen)
c:/winavr-20100110/bin/../lib/gcc/avr/4.3.3/../../../../avr/lib/avr6\libc.a(fdevopen.o)
                              ArmsPic.o (fdevopen)
c:/winavr-20100110/bin/../lib/gcc/avr/4.3.3/../../../../avr/lib/avr6\libc.a(fputc.o)
                              c:/winavr-20100110/bin/../lib/gcc/avr/4.3.3/../../../../avr/lib/avr6\libprintf_flt.a(vfprintf_flt.o) (fputc)
c:/winavr-20100110/bin/../lib/gcc/avr/4.3.3/../../../../avr/lib/avr6\libc.a(iob.o)
                              c:/winavr-20100110/bin/../lib/gcc/avr/4.3.3/../../../../avr/lib/avr6\libc.a(fdevopen.o) (__iob)
c:/winavr-20100110/bin/../lib/gcc/avr/4.3.3/../../../../avr/lib/avr6\libc.a(printf.o)
                              ArmsPic.o (printf)
c:/winavr-20100110/bin/../lib/gcc/avr/4.3.3/../../../../avr/lib/avr6\libc.a(puts.o)
                              ArmsPic.o (puts)
c:/winavr-20100110/bin/../lib/gcc/avr/4.3.3/../../../../avr/lib/avr6\libc.a(ultoa_invert.o)
                              c:/winavr-20100110/bin/../lib/gcc/avr/4.3.3/../../../../avr/lib/avr6\libprintf_flt.a(vfprintf_flt.o) (__ultoa_invert)
c:/winavr-20100110/bin/../lib/gcc/avr/4.3.3/../../../../avr/lib/avr6\libc.a(calloc.o)
                              c:/winavr-20100110/bin/../lib/gcc/avr/4.3.3/../../../../avr/lib/avr6\libc.a(fdevopen.o) (calloc)
c:/winavr-20100110/bin/../lib/gcc/avr/4.3.3/../../../../avr/lib/avr6\libc.a(errno.o)
                              c:/winavr-20100110/bin/../lib/gcc/avr/4.3.3/../../../../avr/lib/avr6\libc.a(strtod.o) (errno)
c:/winavr-20100110/bin/../lib/gcc/avr/4.3.3/../../../../avr/lib/avr6\libc.a(malloc.o)
                              c:/winavr-20100110/bin/../lib/gcc/avr/4.3.3/../../../../avr/lib/avr6\libc.a(calloc.o) (malloc)
c:/winavr-20100110/bin/../lib/gcc/avr/4.3.3/../../../../avr/lib/avr6\libc.a(cty_isfalse.o)
                              c:/winavr-20100110/bin/../lib/gcc/avr/4.3.3/../../../../avr/lib/avr6\libc.a(isspace.o) (__ctype_isfalse)
c:/winavr-20100110/bin/../lib/gcc/avr/4.3.3/../../../../avr/lib/avr6\libc.a(memset.o)
                              c:/winavr-20100110/bin/../lib/gcc/avr/4.3.3/../../../../avr/lib/avr6\libc.a(calloc.o) (memset)
C:\Users\Robocup\Desktop\FirmwareArms3\ArmsPicR newServos\lib\libdynamixel.a(dynamixel.o)
                              ArmsPic.o (dxl_get_result)
C:\Users\Robocup\Desktop\FirmwareArms3\ArmsPicR newServos\lib\libdynamixel.a(dxl_hal.o)
                              C:\Users\Robocup\Desktop\FirmwareArms3\ArmsPicR newServos\lib\libdynamixel.a(dynamixel.o) (dxl_hal_open)
c:/winavr-20100110/bin/../lib/gcc/avr/4.3.3/avr6\libgcc.a(_exit.o)
                              c:/winavr-20100110/bin/../lib/gcc/avr/4.3.3/../../../../avr/lib/avr6\libc.a(exit.o) (_exit)
c:/winavr-20100110/bin/../lib/gcc/avr/4.3.3/avr6\libgcc.a(_clear_bss.o)
                              ArmsPic.o (__do_clear_bss)

Allocating common symbols
Common symbol       size              file

ids                 0x12              ArmsPic.o
initialQPosition    0x1c              ArmsPic.o
PERcoef             0x70              ArmsPic.o
errno               0x2               c:/winavr-20100110/bin/../lib/gcc/avr/4.3.3/../../../../avr/lib/avr6\libc.a(errno.o)
MinHand             0x8               ArmsPic.o
ceroPosition        0x24              ArmsPic.o
gwReturnDelayCountNum
                    0x2               C:\Users\Robocup\Desktop\FirmwareArms3\ArmsPicR newServos\lib\libdynamixel.a(dxl_hal.o)
maxDegrees          0x24              ArmsPic.o
__brkval            0x2               c:/winavr-20100110/bin/../lib/gcc/avr/4.3.3/../../../../avr/lib/avr6\libc.a(malloc.o)
currentXPosition    0x1c              ArmsPic.o
lastPosition        0x1c              ArmsPic.o
maxTorque           0x24              ArmsPic.o
maxBits             0x24              ArmsPic.o
LSPBcoef            0x70              ArmsPic.o
dDH                 0x1c              ArmsPic.o
H0                  0x200             ArmsPic.o
H07                 0x40              ArmsPic.o
CommStatus          0x2               ArmsPic.o
gfByteTransTime_us  0x4               C:\Users\Robocup\Desktop\FirmwareArms3\ArmsPicR newServos\lib\libdynamixel.a(dxl_hal.o)
H                   0x200             ArmsPic.o
gwTimeoutCountNum   0x2               C:\Users\Robocup\Desktop\FirmwareArms3\ArmsPicR newServos\lib\libdynamixel.a(dxl_hal.o)
thetaDH             0x1c              ArmsPic.o
gwCountNum          0x2               C:\Users\Robocup\Desktop\FirmwareArms3\ArmsPicR newServos\lib\libdynamixel.a(dxl_hal.o)
aDH                 0x1c              ArmsPic.o
currentQPosition    0x1c              ArmsPic.o
id_hand             0x8               ArmsPic.o
cw                  0x12              ArmsPic.o
MaxHand             0x8               ArmsPic.o
comando             0x21              ArmsPic.o
qDH                 0x1c              ArmsPic.o
desiredQPosition    0x1c              ArmsPic.o
__flp               0x2               c:/winavr-20100110/bin/../lib/gcc/avr/4.3.3/../../../../avr/lib/avr6\libc.a(malloc.o)
differentialPosition
                    0x1c              ArmsPic.o
alphaDH             0x1c              ArmsPic.o
__iob               0x6               c:/winavr-20100110/bin/../lib/gcc/avr/4.3.3/../../../../avr/lib/avr6\libc.a(iob.o)
desiredXPosition    0x1c              ArmsPic.o

Memory Configuration

Name             Origin             Length             Attributes
text             0x00000000         0x00100000         xr
data             0x00800200         0x0000fe00         rw !x
eeprom           0x00810000         0x00010000         rw !x
fuse             0x00820000         0x00000400         rw !x
lock             0x00830000         0x00000400         rw !x
signature        0x00840000         0x00000400         rw !x
*default*        0x00000000         0xffffffff

Linker script and memory map

Address of section .data set to 0x800200
LOAD c:/winavr-20100110/bin/../lib/gcc/avr/4.3.3/../../../../avr/lib/avr6/crtm2561.o
LOAD ArmsPic.o
LOAD c:/winavr-20100110/bin/../lib/gcc/avr/4.3.3/../../../../avr/lib/avr6\libprintf_flt.a
LOAD c:/winavr-20100110/bin/../lib/gcc/avr/4.3.3/../../../../avr/lib/avr6\libm.a
LOAD c:/winavr-20100110/bin/../lib/gcc/avr/4.3.3/../../../../avr/lib/avr6\libprintf_min.a
LOAD c:/winavr-20100110/bin/../lib/gcc/avr/4.3.3/../../../../avr/lib/avr6\libscanf_flt.a
LOAD c:/winavr-20100110/bin/../lib/gcc/avr/4.3.3/../../../../avr/lib/avr6\libscanf_min.a
LOAD c:/winavr-20100110/bin/../lib/gcc/avr/4.3.3/../../../../avr/lib/avr6\libc.a
LOAD C:\Users\Robocup\Desktop\FirmwareArms3\ArmsPicR newServos\lib\libserial.a
LOAD C:\Users\Robocup\Desktop\FirmwareArms3\ArmsPicR newServos\lib\libdynamixel.a
LOAD c:/winavr-20100110/bin/../lib/gcc/avr/4.3.3/avr6\libgcc.a
LOAD c:/winavr-20100110/bin/../lib/gcc/avr/4.3.3/../../../../avr/lib/avr6\libc.a
LOAD c:/winavr-20100110/bin/../lib/gcc/avr/4.3.3/avr6\libgcc.a

.hash
 *(.hash)

.dynsym
 *(.dynsym)

.dynstr
 *(.dynstr)

.gnu.version
 *(.gnu.version)

.gnu.version_d
 *(.gnu.version_d)

.gnu.version_r
 *(.gnu.version_r)

.rel.init
 *(.rel.init)

.rela.init
 *(.rela.init)

.rel.text
 *(.rel.text)
 *(.rel.text.*)
 *(.rel.gnu.linkonce.t*)

.rela.text
 *(.rela.text)
 *(.rela.text.*)
 *(.rela.gnu.linkonce.t*)

.rel.fini
 *(.rel.fini)

.rela.fini
 *(.rela.fini)

.rel.rodata
 *(.rel.rodata)
 *(.rel.rodata.*)
 *(.rel.gnu.linkonce.r*)

.rela.rodata
 *(.rela.rodata)
 *(.rela.rodata.*)
 *(.rela.gnu.linkonce.r*)

.rel.data
 *(.rel.data)
 *(.rel.data.*)
 *(.rel.gnu.linkonce.d*)

.rela.data
 *(.rela.data)
 *(.rela.data.*)
 *(.rela.gnu.linkonce.d*)

.rel.ctors
 *(.rel.ctors)

.rela.ctors
 *(.rela.ctors)

.rel.dtors
 *(.rel.dtors)

.rela.dtors
 *(.rela.dtors)

.rel.got
 *(.rel.got)

.rela.got
 *(.rela.got)

.rel.bss
 *(.rel.bss)

.rela.bss
 *(.rela.bss)

.rel.plt
 *(.rel.plt)

.rela.plt
 *(.rela.plt)

.text           0x00000000     0x8a00
 *(.vectors)
 .vectors       0x00000000       0xcc c:/winavr-20100110/bin/../lib/gcc/avr/4.3.3/../../../../avr/lib/avr6/crtm2561.o
                0x00000000                __vectors
                0x00000000                __vector_default
 *(.vectors)
 *(.progmem.gcc*)
 .progmem.gcc_sw_table
                0x000000cc       0x70 ArmsPic.o
 .progmem.gcc_fplib
                0x0000013c       0x14 c:/winavr-20100110/bin/../lib/gcc/avr/4.3.3/../../../../avr/lib/avr6\libm.a(asin.o)
 .progmem.gcc_fplib
                0x00000150       0x2d c:/winavr-20100110/bin/../lib/gcc/avr/4.3.3/../../../../avr/lib/avr6\libm.a(atan.o)
 .progmem.gcc_fplib
                0x0000017d       0x28 c:/winavr-20100110/bin/../lib/gcc/avr/4.3.3/../../../../avr/lib/avr6\libm.a(fp_arccos.o)
 .progmem.gcc_fplib
                0x000001a5       0x1e c:/winavr-20100110/bin/../lib/gcc/avr/4.3.3/../../../../avr/lib/avr6\libm.a(fp_sinus.o)
 .progmem.gcc_fplib
                0x000001c3       0x28 c:/winavr-20100110/bin/../lib/gcc/avr/4.3.3/../../../../avr/lib/avr6\libm.a(exp.o)
 .progmem.gcc_fplib
                0x000001eb       0x5a c:/winavr-20100110/bin/../lib/gcc/avr/4.3.3/../../../../avr/lib/avr6\libm.a(log.o)
 *(.progmem*)
 .progmem.data  0x00000245        0x8 c:/winavr-20100110/bin/../lib/gcc/avr/4.3.3/../../../../avr/lib/avr6\libprintf_flt.a(vfprintf_flt.o)
 .progmem.data  0x0000024d       0x3b c:/winavr-20100110/bin/../lib/gcc/avr/4.3.3/../../../../avr/lib/avr6\libc.a(strtod.o)
 .progmem.data  0x00000288       0xfa c:/winavr-20100110/bin/../lib/gcc/avr/4.3.3/../../../../avr/lib/avr6\libc.a(ftoa_engine.o)
                0x00000382                . = ALIGN (0x2)
                0x00000382                __trampolines_start = .
 *(.trampolines)
 .trampolines   0x00000382        0x0 linker stubs
 *(.trampolines*)
                0x00000382                __trampolines_end = .
 *(.jumptables)
 *(.jumptables*)
 *(.lowtext)
 *(.lowtext*)
                0x00000382                __ctors_start = .
 *(.ctors)
                0x00000382                __ctors_end = .
                0x00000382                __dtors_start = .
 *(.dtors)
                0x00000382                __dtors_end = .
 SORT(*)(.ctors)
 SORT(*)(.dtors)
 *(.init0)
 .init0         0x00000382        0x0 c:/winavr-20100110/bin/../lib/gcc/avr/4.3.3/../../../../avr/lib/avr6/crtm2561.o
                0x00000382                __init
 *(.init0)
 *(.init1)
 *(.init1)
 *(.init2)
 .init2         0x00000382       0x10 c:/winavr-20100110/bin/../lib/gcc/avr/4.3.3/../../../../avr/lib/avr6/crtm2561.o
 *(.init2)
 *(.init3)
 *(.init3)
 *(.init4)
 .init4         0x00000392       0x1a c:/winavr-20100110/bin/../lib/gcc/avr/4.3.3/../../../../avr/lib/avr6/crtm2561.o
                0x00000392                __do_copy_data
 .init4         0x000003ac       0x10 c:/winavr-20100110/bin/../lib/gcc/avr/4.3.3/avr6\libgcc.a(_clear_bss.o)
                0x000003ac                __do_clear_bss
 *(.init4)
 *(.init5)
 *(.init5)
 *(.init6)
 *(.init6)
 *(.init7)
 *(.init7)
 *(.init8)
 *(.init8)
 *(.init9)
 .init9         0x000003bc        0x8 c:/winavr-20100110/bin/../lib/gcc/avr/4.3.3/../../../../avr/lib/avr6/crtm2561.o
 *(.init9)
 *(.text)
 .text          0x000003c4        0x4 c:/winavr-20100110/bin/../lib/gcc/avr/4.3.3/../../../../avr/lib/avr6/crtm2561.o
                0x000003c4                __vector_38
                0x000003c4                __vector_22
                0x000003c4                __vector_28
                0x000003c4                __vector_1
                0x000003c4                __vector_32
                0x000003c4                __vector_34
                0x000003c4                __vector_24
                0x000003c4                __vector_12
                0x000003c4                __vector_46
                0x000003c4                __bad_interrupt
                0x000003c4                __vector_6
                0x000003c4                __vector_31
                0x000003c4                __vector_35
                0x000003c4                __vector_39
                0x000003c4                __vector_3
                0x000003c4                __vector_23
                0x000003c4                __vector_30
                0x000003c4                __vector_45
                0x000003c4                __vector_11
                0x000003c4                __vector_13
                0x000003c4                __vector_17
                0x000003c4                __vector_19
                0x000003c4                __vector_7
                0x000003c4                __vector_49
                0x000003c4                __vector_41
                0x000003c4                __vector_43
                0x000003c4                __vector_27
                0x000003c4                __vector_5
                0x000003c4                __vector_33
                0x000003c4                __vector_47
                0x000003c4                __vector_37
                0x000003c4                __vector_4
                0x000003c4                __vector_44
                0x000003c4                __vector_9
                0x000003c4                __vector_2
                0x000003c4                __vector_21
                0x000003c4                __vector_15
                0x000003c4                __vector_29
                0x000003c4                __vector_40
                0x000003c4                __vector_8
                0x000003c4                __vector_26
                0x000003c4                __vector_48
                0x000003c4                __vector_14
                0x000003c4                __vector_10
                0x000003c4                __vector_50
                0x000003c4                __vector_16
                0x000003c4                __vector_18
                0x000003c4                __vector_20
                0x000003c4                __vector_42
 .text          0x000003c8     0x63ae ArmsPic.o
                0x0000145c                serial_get_queue
                0x0000280c                showHelp
                0x000028fc                perQuintico
                0x000057a8                ArmTorque
                0x0000231c                ArmTorqueControl
                0x0000064a                SetConstants
                0x00002728                executeGripper
                0x0000152c                std_getchar
                0x000020d2                MovePerc
                0x00000c30                SetKConstants
                0x000006f4                Absolute
                0x00000582                SetTorque
                0x00005d00                ServoTorqueEnabled
                0x0000227a                SetTorqueControl
                0x00001542                Leds
                0x00002512                GetPosition
                0x00002896                serial_initialize
                0x000013a8                is_digit
                0x00006704                TorqueEnabled
                0x000027aa                ArmGetPosition
                0x00001426                serial_put_queue
                0x00002172                OpenHand
                0x00002b2c                evalLSPB
                0x0000110e                coefLSPB
                0x000050c4                Ping
                0x000051de                SetUpServos
                0x000012ae                is_alpha
                0x000051b8                GetVoltage
                0x000013ba                serial_write
                0x000015b6                PrintCommStatus
                0x00006710                ChangeBaud
                0x00004f72                Ping2
                0x00004f08                PrintErrorCode
                0x00006646                main
                0x000013e2                serial_get_qstate
                0x00002344                CloseGripper
                0x000003c8                SetPosition
                0x000014ec                std_putchar
                0x00005954                executeControl
                0x00000726                multVMV
                0x000032b2                ForwardKinematics
                0x000049b6                TestMult
                0x0000170c                fetchCommand
                0x0000266c                ObjectInHand
                0x000011e4                __vector_36
                0x00002230                SetMaxSpeeds
                0x00005884                ArmPosition
                0x000050e8                ArmPing
                0x000012ce                cmdX
                0x000023ca                OpenGripper
                0x00001494                serial_read
                0x00002fec                CalculateHT
                0x00005da0                ArmTorqueEnabled
                0x000021ee                SetSpeedPerc
                0x000009d0                mult
                0x000034e8                InverseKinematics
                0x00000ee2                InvH
                0x00004a9e                SetdesiredPosition
                0x00005e04                execCommand
                0x00002474                GetLoad
                0x000029da                coefQuintico
                0x00002776                updateQPosition
                0x00001636                fetchParam
                0x00002d5a                CalculateDH
                0x00004fc8                StatusReport
                0x00001fd4                SetTorque2
                0x000008ae                multMV
 .text          0x00006776        0x0 c:/winavr-20100110/bin/../lib/gcc/avr/4.3.3/../../../../avr/lib/avr6\libprintf_flt.a(vfprintf_flt.o)
 .text          0x00006776        0x0 c:/winavr-20100110/bin/../lib/gcc/avr/4.3.3/../../../../avr/lib/avr6\libm.a(acos.o)
 .text          0x00006776        0x0 c:/winavr-20100110/bin/../lib/gcc/avr/4.3.3/../../../../avr/lib/avr6\libm.a(addsf3.o)
 .text          0x00006776        0x0 c:/winavr-20100110/bin/../lib/gcc/avr/4.3.3/../../../../avr/lib/avr6\libm.a(addsf3x.o)
 .text          0x00006776        0x0 c:/winavr-20100110/bin/../lib/gcc/avr/4.3.3/../../../../avr/lib/avr6\libm.a(asin.o)
 .text          0x00006776        0x0 c:/winavr-20100110/bin/../lib/gcc/avr/4.3.3/../../../../avr/lib/avr6\libm.a(atan2.o)
 .text          0x00006776        0x0 c:/winavr-20100110/bin/../lib/gcc/avr/4.3.3/../../../../avr/lib/avr6\libm.a(atan.o)
 .text          0x00006776        0x0 c:/winavr-20100110/bin/../lib/gcc/avr/4.3.3/../../../../avr/lib/avr6\libm.a(cmpsf2.o)
 .text          0x00006776        0x0 c:/winavr-20100110/bin/../lib/gcc/avr/4.3.3/../../../../avr/lib/avr6\libm.a(cos.o)
 .text          0x00006776        0x0 c:/winavr-20100110/bin/../lib/gcc/avr/4.3.3/../../../../avr/lib/avr6\libm.a(divsf3.o)
 .text          0x00006776        0x0 c:/winavr-20100110/bin/../lib/gcc/avr/4.3.3/../../../../avr/lib/avr6\libm.a(divsf3x.o)
 .text          0x00006776        0x0 c:/winavr-20100110/bin/../lib/gcc/avr/4.3.3/../../../../avr/lib/avr6\libm.a(fixsfsi.o)
 .text          0x00006776        0x0 c:/winavr-20100110/bin/../lib/gcc/avr/4.3.3/../../../../avr/lib/avr6\libm.a(fixunssfsi.o)
 .text          0x00006776        0x0 c:/winavr-20100110/bin/../lib/gcc/avr/4.3.3/../../../../avr/lib/avr6\libm.a(floatsisf.o)
 .text          0x00006776        0x0 c:/winavr-20100110/bin/../lib/gcc/avr/4.3.3/../../../../avr/lib/avr6\libm.a(fp_arccos.o)
 .text          0x00006776        0x0 c:/winavr-20100110/bin/../lib/gcc/avr/4.3.3/../../../../avr/lib/avr6\libm.a(fp_cmp.o)
 .text          0x00006776        0x0 c:/winavr-20100110/bin/../lib/gcc/avr/4.3.3/../../../../avr/lib/avr6\libm.a(fp_inf.o)
 .text          0x00006776        0x0 c:/winavr-20100110/bin/../lib/gcc/avr/4.3.3/../../../../avr/lib/avr6\libm.a(fp_nan.o)
 .text          0x00006776        0x0 c:/winavr-20100110/bin/../lib/gcc/avr/4.3.3/../../../../avr/lib/avr6\libm.a(fp_powser.o)
 .text          0x00006776        0x0 c:/winavr-20100110/bin/../lib/gcc/avr/4.3.3/../../../../avr/lib/avr6\libm.a(fp_powsodd.o)
 .text          0x00006776        0x0 c:/winavr-20100110/bin/../lib/gcc/avr/4.3.3/../../../../avr/lib/avr6\libm.a(fp_pscA.o)
 .text          0x00006776        0x0 c:/winavr-20100110/bin/../lib/gcc/avr/4.3.3/../../../../avr/lib/avr6\libm.a(fp_pscB.o)
 .text          0x00006776        0x0 c:/winavr-20100110/bin/../lib/gcc/avr/4.3.3/../../../../avr/lib/avr6\libm.a(fp_rempio2.o)
 .text          0x00006776        0x0 c:/winavr-20100110/bin/../lib/gcc/avr/4.3.3/../../../../avr/lib/avr6\libm.a(fp_round.o)
 .text          0x00006776        0x0 c:/winavr-20100110/bin/../lib/gcc/avr/4.3.3/../../../../avr/lib/avr6\libm.a(fp_sinus.o)
 .text          0x00006776        0x0 c:/winavr-20100110/bin/../lib/gcc/avr/4.3.3/../../../../avr/lib/avr6\libm.a(fp_split3.o)
 .text          0x00006776        0x0 c:/winavr-20100110/bin/../lib/gcc/avr/4.3.3/../../../../avr/lib/avr6\libm.a(fp_zero.o)
 .text          0x00006776        0x0 c:/winavr-20100110/bin/../lib/gcc/avr/4.3.3/../../../../avr/lib/avr6\libm.a(gesf2.o)
 .text          0x00006776        0x0 c:/winavr-20100110/bin/../lib/gcc/avr/4.3.3/../../../../avr/lib/avr6\libm.a(inverse.o)
 .text          0x00006776        0x0 c:/winavr-20100110/bin/../lib/gcc/avr/4.3.3/../../../../avr/lib/avr6\libm.a(mulsf3.o)
 .text          0x00006776        0x0 c:/winavr-20100110/bin/../lib/gcc/avr/4.3.3/../../../../avr/lib/avr6\libm.a(mulsf3x.o)
 .text          0x00006776        0x0 c:/winavr-20100110/bin/../lib/gcc/avr/4.3.3/../../../../avr/lib/avr6\libm.a(pow.o)
 .text          0x00006776        0x0 c:/winavr-20100110/bin/../lib/gcc/avr/4.3.3/../../../../avr/lib/avr6\libm.a(sin.o)
 .text          0x00006776        0x0 c:/winavr-20100110/bin/../lib/gcc/avr/4.3.3/../../../../avr/lib/avr6\libm.a(sqrt.o)
 .text          0x00006776        0x0 c:/winavr-20100110/bin/../lib/gcc/avr/4.3.3/../../../../avr/lib/avr6\libm.a(square.o)
 .text          0x00006776        0x0 c:/winavr-20100110/bin/../lib/gcc/avr/4.3.3/../../../../avr/lib/avr6\libm.a(exp.o)
 .text          0x00006776        0x0 c:/winavr-20100110/bin/../lib/gcc/avr/4.3.3/../../../../avr/lib/avr6\libm.a(fp_mpack.o)
 .text          0x00006776        0x0 c:/winavr-20100110/bin/../lib/gcc/avr/4.3.3/../../../../avr/lib/avr6\libm.a(fp_norm2.o)
 .text          0x00006776        0x0 c:/winavr-20100110/bin/../lib/gcc/avr/4.3.3/../../../../avr/lib/avr6\libm.a(ldexp.o)
 .text          0x00006776        0x0 c:/winavr-20100110/bin/../lib/gcc/avr/4.3.3/../../../../avr/lib/avr6\libm.a(log.o)
 .text          0x00006776        0x0 c:/winavr-20100110/bin/../lib/gcc/avr/4.3.3/../../../../avr/lib/avr6\libm.a(modf.o)
 .text          0x00006776        0x0 c:/winavr-20100110/bin/../lib/gcc/avr/4.3.3/../../../../avr/lib/avr6\libc.a(strtod.o)
 .text          0x00006776        0x0 c:/winavr-20100110/bin/../lib/gcc/avr/4.3.3/../../../../avr/lib/avr6\libc.a(exit.o)
 .text          0x00006776        0x0 c:/winavr-20100110/bin/../lib/gcc/avr/4.3.3/../../../../avr/lib/avr6\libc.a(ftoa_engine.o)
 .text          0x00006776        0x0 c:/winavr-20100110/bin/../lib/gcc/avr/4.3.3/../../../../avr/lib/avr6\libc.a(isspace.o)
 .text          0x00006776        0x0 c:/winavr-20100110/bin/../lib/gcc/avr/4.3.3/../../../../avr/lib/avr6\libc.a(strncasecmp_P.o)
 .text          0x00006776        0x0 c:/winavr-20100110/bin/../lib/gcc/avr/4.3.3/../../../../avr/lib/avr6\libc.a(strnlen_P.o)
 .text          0x00006776        0x0 c:/winavr-20100110/bin/../lib/gcc/avr/4.3.3/../../../../avr/lib/avr6\libc.a(strnlen.o)
 .text          0x00006776        0x0 c:/winavr-20100110/bin/../lib/gcc/avr/4.3.3/../../../../avr/lib/avr6\libc.a(fdevopen.o)
 .text          0x00006776        0x0 c:/winavr-20100110/bin/../lib/gcc/avr/4.3.3/../../../../avr/lib/avr6\libc.a(fputc.o)
 .text          0x00006776        0x0 c:/winavr-20100110/bin/../lib/gcc/avr/4.3.3/../../../../avr/lib/avr6\libc.a(iob.o)
 .text          0x00006776        0x0 c:/winavr-20100110/bin/../lib/gcc/avr/4.3.3/../../../../avr/lib/avr6\libc.a(printf.o)
 .text          0x00006776        0x0 c:/winavr-20100110/bin/../lib/gcc/avr/4.3.3/../../../../avr/lib/avr6\libc.a(puts.o)
 .text          0x00006776        0x0 c:/winavr-20100110/bin/../lib/gcc/avr/4.3.3/../../../../avr/lib/avr6\libc.a(ultoa_invert.o)
 .text          0x00006776        0x0 c:/winavr-20100110/bin/../lib/gcc/avr/4.3.3/../../../../avr/lib/avr6\libc.a(calloc.o)
 .text          0x00006776        0x0 c:/winavr-20100110/bin/../lib/gcc/avr/4.3.3/../../../../avr/lib/avr6\libc.a(errno.o)
 .text          0x00006776        0x0 c:/winavr-20100110/bin/../lib/gcc/avr/4.3.3/../../../../avr/lib/avr6\libc.a(malloc.o)
 .text          0x00006776        0x0 c:/winavr-20100110/bin/../lib/gcc/avr/4.3.3/../../../../avr/lib/avr6\libc.a(cty_isfalse.o)
 .text          0x00006776        0x0 c:/winavr-20100110/bin/../lib/gcc/avr/4.3.3/../../../../avr/lib/avr6\libc.a(memset.o)
 .text          0x00006776      0x454 C:\Users\Robocup\Desktop\FirmwareArms3\ArmsPicR newServos\lib\libdynamixel.a(dynamixel.o)
                0x00006b44                dxl_ping
                0x0000679c                dxl_get_rxpacket_error
                0x00006ae0                dxl_write_byte
                0x000067e0                dxl_rx_packet
                0x00006796                dxl_set_txpacket_length
                0x00006776                dxl_get_result
                0x00006b0e                dxl_read_byte
                0x00006976                dxl_tx_packet
                0x00006b6a                dxl_terminate
                0x00006786                dxl_set_txpacket_instruction
                0x000067b0                dxl_get_rxpacket_length
                0x00006a6c                dxl_write_word
                0x000067d8                dxl_get_highbyte
                0x00006b70                dxl_initialize
                0x000067c4                dxl_makeword
                0x000067d0                dxl_get_lowbyte
                0x000067b8                dxl_get_rxpacket_parameter
                0x00006780                dxl_set_txpacket_id
                0x00006aa2                dxl_read_word
                0x00006a4a                dxl_txrx_packet
                0x0000678c                dxl_set_txpacket_parameter
 .text          0x00006bca      0x3c2 C:\Users\Robocup\Desktop\FirmwareArms3\ArmsPicR newServos\lib\libdynamixel.a(dxl_hal.o)
                0x00006c7c                dxl_hal_close
                0x00006ea6                dxl_hal_get_queue
                0x00006ede                dxl_hal_rx
                0x00006f38                __vector_25
                0x00006c88                dxl_hal_tx
                0x00006c7e                dxl_hal_clear
                0x00006bca                dxl_hal_open
                0x00006e70                dxl_hal_put_queue
                0x00006e2c                dxl_hal_get_qstate
                0x00006cd0                dxl_hal_set_timeout
                0x00006cf2                dxl_hal_timeout
 .text          0x00006f8c        0x0 c:/winavr-20100110/bin/../lib/gcc/avr/4.3.3/avr6\libgcc.a(_exit.o)
 .text          0x00006f8c        0x0 c:/winavr-20100110/bin/../lib/gcc/avr/4.3.3/avr6\libgcc.a(_clear_bss.o)
                0x00006f8c                . = ALIGN (0x2)
 *(.text.*)
 .text.avr-libc
                0x00006f8c      0x760 c:/winavr-20100110/bin/../lib/gcc/avr/4.3.3/../../../../avr/lib/avr6\libprintf_flt.a(vfprintf_flt.o)
                0x00006f8c                vfprintf
 .text.avr-libc.fplib
                0x000076ec       0x1c c:/winavr-20100110/bin/../lib/gcc/avr/4.3.3/../../../../avr/lib/avr6\libm.a(acos.o)
                0x000076ec                acos
 .text.avr-libc.fplib
                0x00007708        0xa c:/winavr-20100110/bin/../lib/gcc/avr/4.3.3/../../../../avr/lib/avr6\libm.a(addsf3.o)
                0x00007708                __subsf3
                0x0000770a                __addsf3
 .text.avr-libc.fplib
                0x00007712       0xc0 c:/winavr-20100110/bin/../lib/gcc/avr/4.3.3/../../../../avr/lib/avr6\libm.a(addsf3x.o)
                0x0000772c                __addsf3x
 .text.avr-libc.fplib
                0x000077d2       0x2e c:/winavr-20100110/bin/../lib/gcc/avr/4.3.3/../../../../avr/lib/avr6\libm.a(asin.o)
                0x000077d2                asin
 .text.avr-libc.fplib
                0x00007800       0x74 c:/winavr-20100110/bin/../lib/gcc/avr/4.3.3/../../../../avr/lib/avr6\libm.a(atan2.o)
                0x0000781e                atan2
 .text.avr-libc.fplib
                0x00007874       0x50 c:/winavr-20100110/bin/../lib/gcc/avr/4.3.3/../../../../avr/lib/avr6\libm.a(atan.o)
                0x00007874                atan
 .text.avr-libc.fplib
                0x000078c4        0x8 c:/winavr-20100110/bin/../lib/gcc/avr/4.3.3/../../../../avr/lib/avr6\libm.a(cmpsf2.o)
                0x000078c4                __lesf2
                0x000078c4                __nesf2
                0x000078c4                __eqsf2
                0x000078c4                __cmpsf2
                0x000078c4                __ltsf2
 .text.avr-libc.fplib
                0x000078cc        0x6 c:/winavr-20100110/bin/../lib/gcc/avr/4.3.3/../../../../avr/lib/avr6\libm.a(cos.o)
                0x000078cc                cos
 .text.avr-libc.fplib
                0x000078d2        0x4 c:/winavr-20100110/bin/../lib/gcc/avr/4.3.3/../../../../avr/lib/avr6\libm.a(divsf3.o)
                0x000078d2                __divsf3
 .text.avr-libc.fplib
                0x000078d6       0xcc c:/winavr-20100110/bin/../lib/gcc/avr/4.3.3/../../../../avr/lib/avr6\libm.a(divsf3x.o)
                0x000078ec                __divsf3x
                0x000078f0                __divsf3_pse
 .text.avr-libc.fplib
                0x000079a2        0xa c:/winavr-20100110/bin/../lib/gcc/avr/4.3.3/../../../../avr/lib/avr6\libm.a(fixsfsi.o)
                0x000079a2                __fixsfsi
 .text.avr-libc.fplib
                0x000079ac       0x58 c:/winavr-20100110/bin/../lib/gcc/avr/4.3.3/../../../../avr/lib/avr6\libm.a(fixunssfsi.o)
                0x000079ac                __fixunssfsi
 .text.avr-libc.fplib
                0x00007a04       0x7a c:/winavr-20100110/bin/../lib/gcc/avr/4.3.3/../../../../avr/lib/avr6\libm.a(floatsisf.o)
                0x00007a08                __floatsisf
                0x00007a04                __floatunsisf
 .text.avr-libc.fplib
                0x00007a7e       0x36 c:/winavr-20100110/bin/../lib/gcc/avr/4.3.3/../../../../avr/lib/avr6\libm.a(fp_arccos.o)
                0x00007a7e                __fp_arccos
 .text.avr-libc.fplib
                0x00007ab4       0x48 c:/winavr-20100110/bin/../lib/gcc/avr/4.3.3/../../../../avr/lib/avr6\libm.a(fp_cmp.o)
                0x00007ab4                __fp_cmp
 .text.avr-libc.fplib
                0x00007afc        0xc c:/winavr-20100110/bin/../lib/gcc/avr/4.3.3/../../../../avr/lib/avr6\libm.a(fp_inf.o)
                0x00007afc                __fp_inf
 .text.avr-libc.fplib
                0x00007b08        0x6 c:/winavr-20100110/bin/../lib/gcc/avr/4.3.3/../../../../avr/lib/avr6\libm.a(fp_nan.o)
                0x00007b08                __fp_nan
 .text.avr-libc.fplib
                0x00007b0e       0x4a c:/winavr-20100110/bin/../lib/gcc/avr/4.3.3/../../../../avr/lib/avr6\libm.a(fp_powser.o)
                0x00007b0e                __fp_powser
 .text.avr-libc.fplib
                0x00007b58       0x22 c:/winavr-20100110/bin/../lib/gcc/avr/4.3.3/../../../../avr/lib/avr6\libm.a(fp_powsodd.o)
                0x00007b58                __fp_powsodd
 .text.avr-libc.fplib
                0x00007b7a        0xe c:/winavr-20100110/bin/../lib/gcc/avr/4.3.3/../../../../avr/lib/avr6\libm.a(fp_pscA.o)
                0x00007b7a                __fp_pscA
 .text.avr-libc.fplib
                0x00007b88        0xe c:/winavr-20100110/bin/../lib/gcc/avr/4.3.3/../../../../avr/lib/avr6\libm.a(fp_pscB.o)
                0x00007b88                __fp_pscB
 .text.avr-libc.fplib
                0x00007b96       0x50 c:/winavr-20100110/bin/../lib/gcc/avr/4.3.3/../../../../avr/lib/avr6\libm.a(fp_rempio2.o)
                0x00007b98                __fp_rempio2
 .text.avr-libc.fplib
                0x00007be6       0x22 c:/winavr-20100110/bin/../lib/gcc/avr/4.3.3/../../../../avr/lib/avr6\libm.a(fp_round.o)
                0x00007be6                __fp_round
 .text.avr-libc.fplib
                0x00007c08       0x22 c:/winavr-20100110/bin/../lib/gcc/avr/4.3.3/../../../../avr/lib/avr6\libm.a(fp_sinus.o)
                0x00007c08                __fp_sinus
 .text.avr-libc.fplib
                0x00007c2a       0x44 c:/winavr-20100110/bin/../lib/gcc/avr/4.3.3/../../../../avr/lib/avr6\libm.a(fp_split3.o)
                0x00007c2a                __fp_split3
                0x00007c3a                __fp_splitA
 .text.avr-libc.fplib
                0x00007c6e        0xe c:/winavr-20100110/bin/../lib/gcc/avr/4.3.3/../../../../avr/lib/avr6\libm.a(fp_zero.o)
                0x00007c6e                __fp_zero
                0x00007c70                __fp_szero
 .text.avr-libc.fplib
                0x00007c7c        0x8 c:/winavr-20100110/bin/../lib/gcc/avr/4.3.3/../../../../avr/lib/avr6\libm.a(gesf2.o)
                0x00007c7c                __gtsf2
                0x00007c7c                __gesf2
 .text.avr-libc.fplib
                0x00007c84        0xe c:/winavr-20100110/bin/../lib/gcc/avr/4.3.3/../../../../avr/lib/avr6\libm.a(inverse.o)
                0x00007c84                inverse
 .text.avr-libc.fplib
                0x00007c92        0x4 c:/winavr-20100110/bin/../lib/gcc/avr/4.3.3/../../../../avr/lib/avr6\libm.a(mulsf3.o)
                0x00007c92                __mulsf3
 .text.avr-libc.fplib
                0x00007c96       0xc2 c:/winavr-20100110/bin/../lib/gcc/avr/4.3.3/../../../../avr/lib/avr6\libm.a(mulsf3x.o)
                0x00007cae                __mulsf3_pse
                0x00007caa                __mulsf3x
 .text.avr-libc.fplib
                0x00007d58       0x98 c:/winavr-20100110/bin/../lib/gcc/avr/4.3.3/../../../../avr/lib/avr6\libm.a(pow.o)
                0x00007d58                pow
 .text.avr-libc.fplib
                0x00007df0        0xc c:/winavr-20100110/bin/../lib/gcc/avr/4.3.3/../../../../avr/lib/avr6\libm.a(sin.o)
                0x00007df0                sin
 .text.avr-libc.fplib
                0x00007dfc       0x84 c:/winavr-20100110/bin/../lib/gcc/avr/4.3.3/../../../../avr/lib/avr6\libm.a(sqrt.o)
                0x00007e04                sqrt
 .text.avr-libc.fplib
                0x00007e80        0x6 c:/winavr-20100110/bin/../lib/gcc/avr/4.3.3/../../../../avr/lib/avr6\libm.a(square.o)
                0x00007e80                square
 .text.avr-libc.fplib
                0x00007e86       0x62 c:/winavr-20100110/bin/../lib/gcc/avr/4.3.3/../../../../avr/lib/avr6\libm.a(exp.o)
                0x00007e90                exp
 .text.avr-libc.fplib
                0x00007ee8       0x1c c:/winavr-20100110/bin/../lib/gcc/avr/4.3.3/../../../../avr/lib/avr6\libm.a(fp_mpack.o)
                0x00007eec                __fp_mpack_finite
                0x00007ee8                __fp_mpack
 .text.avr-libc.fplib
                0x00007f04        0xe c:/winavr-20100110/bin/../lib/gcc/avr/4.3.3/../../../../avr/lib/avr6\libm.a(fp_norm2.o)
                0x00007f04                __fp_norm2
 .text.avr-libc.fplib
                0x00007f12       0x6c c:/winavr-20100110/bin/../lib/gcc/avr/4.3.3/../../../../avr/lib/avr6\libm.a(ldexp.o)
                0x00007f16                ldexp
 .text.avr-libc.fplib
                0x00007f7e       0x8a c:/winavr-20100110/bin/../lib/gcc/avr/4.3.3/../../../../avr/lib/avr6\libm.a(log.o)
                0x00007f88                log
 .text.avr-libc.fplib
                0x00008008       0x66 c:/winavr-20100110/bin/../lib/gcc/avr/4.3.3/../../../../avr/lib/avr6\libm.a(modf.o)
                0x00008008                modff
                0x00008008                modf
 .text.avr-libc
                0x0000806e      0x2dc c:/winavr-20100110/bin/../lib/gcc/avr/4.3.3/../../../../avr/lib/avr6\libc.a(strtod.o)
                0x0000806e                strtod
 .text.avr-libc
                0x0000834a        0x6 c:/winavr-20100110/bin/../lib/gcc/avr/4.3.3/../../../../avr/lib/avr6\libc.a(exit.o)
                0x0000834a                exit
 .text.avr-libc
                0x00008350      0x1b0 c:/winavr-20100110/bin/../lib/gcc/avr/4.3.3/../../../../avr/lib/avr6\libc.a(ftoa_engine.o)
                0x00008350                __ftoa_engine
 .text.avr-libc
                0x00008500       0x10 c:/winavr-20100110/bin/../lib/gcc/avr/4.3.3/../../../../avr/lib/avr6\libc.a(isspace.o)
                0x00008500                isspace
 .text.avr-libc
                0x00008510       0x30 c:/winavr-20100110/bin/../lib/gcc/avr/4.3.3/../../../../avr/lib/avr6\libc.a(strncasecmp_P.o)
                0x00008510                strncasecmp_P
 .text.avr-libc
                0x00008540       0x16 c:/winavr-20100110/bin/../lib/gcc/avr/4.3.3/../../../../avr/lib/avr6\libc.a(strnlen_P.o)
                0x00008540                strnlen_P
 .text.avr-libc
                0x00008556       0x16 c:/winavr-20100110/bin/../lib/gcc/avr/4.3.3/../../../../avr/lib/avr6\libc.a(strnlen.o)
                0x00008556                strnlen
 .text.avr-libc
                0x0000856c       0x98 c:/winavr-20100110/bin/../lib/gcc/avr/4.3.3/../../../../avr/lib/avr6\libc.a(fdevopen.o)
                0x0000856c                fdevopen
 .text.avr-libc
                0x00008604       0x58 c:/winavr-20100110/bin/../lib/gcc/avr/4.3.3/../../../../avr/lib/avr6\libc.a(fputc.o)
                0x00008604                fputc
 .text.avr-libc
                0x0000865c       0x24 c:/winavr-20100110/bin/../lib/gcc/avr/4.3.3/../../../../avr/lib/avr6\libc.a(printf.o)
                0x0000865c                printf
 .text.avr-libc
                0x00008680       0x6a c:/winavr-20100110/bin/../lib/gcc/avr/4.3.3/../../../../avr/lib/avr6\libc.a(puts.o)
                0x00008680                puts
 .text.avr-libc
                0x000086ea       0xbc c:/winavr-20100110/bin/../lib/gcc/avr/4.3.3/../../../../avr/lib/avr6\libc.a(ultoa_invert.o)
                0x000086ea                __ultoa_invert
 .text.avr-libc
                0x000087a6       0x38 c:/winavr-20100110/bin/../lib/gcc/avr/4.3.3/../../../../avr/lib/avr6\libc.a(calloc.o)
                0x000087a6                calloc
 .text.avr-libc
                0x000087de      0x20a c:/winavr-20100110/bin/../lib/gcc/avr/4.3.3/../../../../avr/lib/avr6\libc.a(malloc.o)
                0x000087de                malloc
                0x00008938                free
 .text.avr-libc
                0x000089e8        0x6 c:/winavr-20100110/bin/../lib/gcc/avr/4.3.3/../../../../avr/lib/avr6\libc.a(cty_isfalse.o)
                0x000089ec                __ctype_istrue
                0x000089e8                __ctype_isfalse
 .text.avr-libc
                0x000089ee        0xe c:/winavr-20100110/bin/../lib/gcc/avr/4.3.3/../../../../avr/lib/avr6\libc.a(memset.o)
                0x000089ee                memset
 .text.libgcc   0x000089fc        0x0 c:/winavr-20100110/bin/../lib/gcc/avr/4.3.3/avr6\libgcc.a(_exit.o)
 .text.libgcc   0x000089fc        0x0 c:/winavr-20100110/bin/../lib/gcc/avr/4.3.3/avr6\libgcc.a(_clear_bss.o)
                0x000089fc                . = ALIGN (0x2)
 *(.fini9)
 .fini9         0x000089fc        0x0 c:/winavr-20100110/bin/../lib/gcc/avr/4.3.3/avr6\libgcc.a(_exit.o)
                0x000089fc                _exit
 *(.fini9)
 *(.fini8)
 *(.fini8)
 *(.fini7)
 *(.fini7)
 *(.fini6)
 *(.fini6)
 *(.fini5)
 *(.fini5)
 *(.fini4)
 *(.fini4)
 *(.fini3)
 *(.fini3)
 *(.fini2)
 *(.fini2)
 *(.fini1)
 *(.fini1)
 *(.fini0)
 .fini0         0x000089fc        0x4 c:/winavr-20100110/bin/../lib/gcc/avr/4.3.3/avr6\libgcc.a(_exit.o)
 *(.fini0)
                0x00008a00                _etext = .

.data           0x00800200      0x6e4 load address 0x00008a00
                0x00800200                PROVIDE (__data_start, .)
 *(.data)
 .data          0x00800200        0x0 c:/winavr-20100110/bin/../lib/gcc/avr/4.3.3/../../../../avr/lib/avr6/crtm2561.o
 .data          0x00800200      0x6db ArmsPic.o
                0x008008cf                maxTol
                0x008008d7                sampleTime
                0x008008d5                doReading
                0x008008d3                doLoop
 .data          0x008008db        0x0 c:/winavr-20100110/bin/../lib/gcc/avr/4.3.3/../../../../avr/lib/avr6\libprintf_flt.a(vfprintf_flt.o)
 .data          0x008008db        0x0 c:/winavr-20100110/bin/../lib/gcc/avr/4.3.3/../../../../avr/lib/avr6\libm.a(acos.o)
 .data          0x008008db        0x0 c:/winavr-20100110/bin/../lib/gcc/avr/4.3.3/../../../../avr/lib/avr6\libm.a(addsf3.o)
 .data          0x008008db        0x0 c:/winavr-20100110/bin/../lib/gcc/avr/4.3.3/../../../../avr/lib/avr6\libm.a(addsf3x.o)
 .data          0x008008db        0x0 c:/winavr-20100110/bin/../lib/gcc/avr/4.3.3/../../../../avr/lib/avr6\libm.a(asin.o)
 .data          0x008008db        0x0 c:/winavr-20100110/bin/../lib/gcc/avr/4.3.3/../../../../avr/lib/avr6\libm.a(atan2.o)
 .data          0x008008db        0x0 c:/winavr-20100110/bin/../lib/gcc/avr/4.3.3/../../../../avr/lib/avr6\libm.a(atan.o)
 .data          0x008008db        0x0 c:/winavr-20100110/bin/../lib/gcc/avr/4.3.3/../../../../avr/lib/avr6\libm.a(cmpsf2.o)
 .data          0x008008db        0x0 c:/winavr-20100110/bin/../lib/gcc/avr/4.3.3/../../../../avr/lib/avr6\libm.a(cos.o)
 .data          0x008008db        0x0 c:/winavr-20100110/bin/../lib/gcc/avr/4.3.3/../../../../avr/lib/avr6\libm.a(divsf3.o)
 .data          0x008008db        0x0 c:/winavr-20100110/bin/../lib/gcc/avr/4.3.3/../../../../avr/lib/avr6\libm.a(divsf3x.o)
 .data          0x008008db        0x0 c:/winavr-20100110/bin/../lib/gcc/avr/4.3.3/../../../../avr/lib/avr6\libm.a(fixsfsi.o)
 .data          0x008008db        0x0 c:/winavr-20100110/bin/../lib/gcc/avr/4.3.3/../../../../avr/lib/avr6\libm.a(fixunssfsi.o)
 .data          0x008008db        0x0 c:/winavr-20100110/bin/../lib/gcc/avr/4.3.3/../../../../avr/lib/avr6\libm.a(floatsisf.o)
 .data          0x008008db        0x0 c:/winavr-20100110/bin/../lib/gcc/avr/4.3.3/../../../../avr/lib/avr6\libm.a(fp_arccos.o)
 .data          0x008008db        0x0 c:/winavr-20100110/bin/../lib/gcc/avr/4.3.3/../../../../avr/lib/avr6\libm.a(fp_cmp.o)
 .data          0x008008db        0x0 c:/winavr-20100110/bin/../lib/gcc/avr/4.3.3/../../../../avr/lib/avr6\libm.a(fp_inf.o)
 .data          0x008008db        0x0 c:/winavr-20100110/bin/../lib/gcc/avr/4.3.3/../../../../avr/lib/avr6\libm.a(fp_nan.o)
 .data          0x008008db        0x0 c:/winavr-20100110/bin/../lib/gcc/avr/4.3.3/../../../../avr/lib/avr6\libm.a(fp_powser.o)
 .data          0x008008db        0x0 c:/winavr-20100110/bin/../lib/gcc/avr/4.3.3/../../../../avr/lib/avr6\libm.a(fp_powsodd.o)
 .data          0x008008db        0x0 c:/winavr-20100110/bin/../lib/gcc/avr/4.3.3/../../../../avr/lib/avr6\libm.a(fp_pscA.o)
 .data          0x008008db        0x0 c:/winavr-20100110/bin/../lib/gcc/avr/4.3.3/../../../../avr/lib/avr6\libm.a(fp_pscB.o)
 .data          0x008008db        0x0 c:/winavr-20100110/bin/../lib/gcc/avr/4.3.3/../../../../avr/lib/avr6\libm.a(fp_rempio2.o)
 .data          0x008008db        0x0 c:/winavr-20100110/bin/../lib/gcc/avr/4.3.3/../../../../avr/lib/avr6\libm.a(fp_round.o)
 .data          0x008008db        0x0 c:/winavr-20100110/bin/../lib/gcc/avr/4.3.3/../../../../avr/lib/avr6\libm.a(fp_sinus.o)
 .data          0x008008db        0x0 c:/winavr-20100110/bin/../lib/gcc/avr/4.3.3/../../../../avr/lib/avr6\libm.a(fp_split3.o)
 .data          0x008008db        0x0 c:/winavr-20100110/bin/../lib/gcc/avr/4.3.3/../../../../avr/lib/avr6\libm.a(fp_zero.o)
 .data          0x008008db        0x0 c:/winavr-20100110/bin/../lib/gcc/avr/4.3.3/../../../../avr/lib/avr6\libm.a(gesf2.o)
 .data          0x008008db        0x0 c:/winavr-20100110/bin/../lib/gcc/avr/4.3.3/../../../../avr/lib/avr6\libm.a(inverse.o)
 .data          0x008008db        0x0 c:/winavr-20100110/bin/../lib/gcc/avr/4.3.3/../../../../avr/lib/avr6\libm.a(mulsf3.o)
 .data          0x008008db        0x0 c:/winavr-20100110/bin/../lib/gcc/avr/4.3.3/../../../../avr/lib/avr6\libm.a(mulsf3x.o)
 .data          0x008008db        0x0 c:/winavr-20100110/bin/../lib/gcc/avr/4.3.3/../../../../avr/lib/avr6\libm.a(pow.o)
 .data          0x008008db        0x0 c:/winavr-20100110/bin/../lib/gcc/avr/4.3.3/../../../../avr/lib/avr6\libm.a(sin.o)
 .data          0x008008db        0x0 c:/winavr-20100110/bin/../lib/gcc/avr/4.3.3/../../../../avr/lib/avr6\libm.a(sqrt.o)
 .data          0x008008db        0x0 c:/winavr-20100110/bin/../lib/gcc/avr/4.3.3/../../../../avr/lib/avr6\libm.a(square.o)
 .data          0x008008db        0x0 c:/winavr-20100110/bin/../lib/gcc/avr/4.3.3/../../../../avr/lib/avr6\libm.a(exp.o)
 .data          0x008008db        0x0 c:/winavr-20100110/bin/../lib/gcc/avr/4.3.3/../../../../avr/lib/avr6\libm.a(fp_mpack.o)
 .data          0x008008db        0x0 c:/winavr-20100110/bin/../lib/gcc/avr/4.3.3/../../../../avr/lib/avr6\libm.a(fp_norm2.o)
 .data          0x008008db        0x0 c:/winavr-20100110/bin/../lib/gcc/avr/4.3.3/../../../../avr/lib/avr6\libm.a(ldexp.o)
 .data          0x008008db        0x0 c:/winavr-20100110/bin/../lib/gcc/avr/4.3.3/../../../../avr/lib/avr6\libm.a(log.o)
 .data          0x008008db        0x0 c:/winavr-20100110/bin/../lib/gcc/avr/4.3.3/../../../../avr/lib/avr6\libm.a(modf.o)
 .data          0x008008db        0x0 c:/winavr-20100110/bin/../lib/gcc/avr/4.3.3/../../../../avr/lib/avr6\libc.a(strtod.o)
 .data          0x008008db        0x0 c:/winavr-20100110/bin/../lib/gcc/avr/4.3.3/../../../../avr/lib/avr6\libc.a(exit.o)
 .data          0x008008db        0x0 c:/winavr-20100110/bin/../lib/gcc/avr/4.3.3/../../../../avr/lib/avr6\libc.a(ftoa_engine.o)
 .data          0x008008db        0x0 c:/winavr-20100110/bin/../lib/gcc/avr/4.3.3/../../../../avr/lib/avr6\libc.a(isspace.o)
 .data          0x008008db        0x0 c:/winavr-20100110/bin/../lib/gcc/avr/4.3.3/../../../../avr/lib/avr6\libc.a(strncasecmp_P.o)
 .data          0x008008db        0x0 c:/winavr-20100110/bin/../lib/gcc/avr/4.3.3/../../../../avr/lib/avr6\libc.a(strnlen_P.o)
 .data          0x008008db        0x0 c:/winavr-20100110/bin/../lib/gcc/avr/4.3.3/../../../../avr/lib/avr6\libc.a(strnlen.o)
 .data          0x008008db        0x0 c:/winavr-20100110/bin/../lib/gcc/avr/4.3.3/../../../../avr/lib/avr6\libc.a(fdevopen.o)
 .data          0x008008db        0x0 c:/winavr-20100110/bin/../lib/gcc/avr/4.3.3/../../../../avr/lib/avr6\libc.a(fputc.o)
 .data          0x008008db        0x0 c:/winavr-20100110/bin/../lib/gcc/avr/4.3.3/../../../../avr/lib/avr6\libc.a(iob.o)
 .data          0x008008db        0x0 c:/winavr-20100110/bin/../lib/gcc/avr/4.3.3/../../../../avr/lib/avr6\libc.a(printf.o)
 .data          0x008008db        0x0 c:/winavr-20100110/bin/../lib/gcc/avr/4.3.3/../../../../avr/lib/avr6\libc.a(puts.o)
 .data          0x008008db        0x0 c:/winavr-20100110/bin/../lib/gcc/avr/4.3.3/../../../../avr/lib/avr6\libc.a(ultoa_invert.o)
 .data          0x008008db        0x0 c:/winavr-20100110/bin/../lib/gcc/avr/4.3.3/../../../../avr/lib/avr6\libc.a(calloc.o)
 .data          0x008008db        0x0 c:/winavr-20100110/bin/../lib/gcc/avr/4.3.3/../../../../avr/lib/avr6\libc.a(errno.o)
 .data          0x008008db        0x6 c:/winavr-20100110/bin/../lib/gcc/avr/4.3.3/../../../../avr/lib/avr6\libc.a(malloc.o)
                0x008008dd                __malloc_heap_start
                0x008008df                __malloc_heap_end
                0x008008db                __malloc_margin
 .data          0x008008e1        0x0 c:/winavr-20100110/bin/../lib/gcc/avr/4.3.3/../../../../avr/lib/avr6\libc.a(cty_isfalse.o)
 .data          0x008008e1        0x0 c:/winavr-20100110/bin/../lib/gcc/avr/4.3.3/../../../../avr/lib/avr6\libc.a(memset.o)
 .data          0x008008e1        0x2 C:\Users\Robocup\Desktop\FirmwareArms3\ArmsPicR newServos\lib\libdynamixel.a(dynamixel.o)
                0x008008e1                gbCommStatus
 .data          0x008008e3        0x0 C:\Users\Robocup\Desktop\FirmwareArms3\ArmsPicR newServos\lib\libdynamixel.a(dxl_hal.o)
 .data          0x008008e3        0x0 c:/winavr-20100110/bin/../lib/gcc/avr/4.3.3/avr6\libgcc.a(_exit.o)
 .data          0x008008e3        0x0 c:/winavr-20100110/bin/../lib/gcc/avr/4.3.3/avr6\libgcc.a(_clear_bss.o)
 *(.data*)
 *(.rodata)
 *(.rodata*)
 *(.gnu.linkonce.d*)
                0x008008e4                . = ALIGN (0x2)
 *fill*         0x008008e3        0x1 00
                0x008008e4                _edata = .
                0x008008e4                PROVIDE (__data_end, .)

.bss            0x008008e4      0xa06
                0x008008e4                PROVIDE (__bss_start, .)
 *(.bss)
 .bss           0x008008e4        0x0 c:/winavr-20100110/bin/../lib/gcc/avr/4.3.3/../../../../avr/lib/avr6/crtm2561.o
 .bss           0x008008e4       0xa5 ArmsPic.o
                0x008008ec                executionTF
                0x0080097d                bufferTail
                0x008008f6                desiredForce
                0x00800980                Voltage
                0x008008f2                instructionSet
                0x0080097c                bufferHead
                0x008008fa                gripperCounter
                0x008008e4                printStatus
                0x008008fc                buffer
                0x0080097e                cmdReady
                0x008008f0                timeCounter
                0x00800984                count
                0x008008e6                object
                0x008008e8                doControl
                0x008008ea                printPosLoop
                0x008008f4                doGripper
 .bss           0x00800989        0x0 c:/winavr-20100110/bin/../lib/gcc/avr/4.3.3/../../../../avr/lib/avr6\libprintf_flt.a(vfprintf_flt.o)
 .bss           0x00800989        0x0 c:/winavr-20100110/bin/../lib/gcc/avr/4.3.3/../../../../avr/lib/avr6\libm.a(acos.o)
 .bss           0x00800989        0x0 c:/winavr-20100110/bin/../lib/gcc/avr/4.3.3/../../../../avr/lib/avr6\libm.a(addsf3.o)
 .bss           0x00800989        0x0 c:/winavr-20100110/bin/../lib/gcc/avr/4.3.3/../../../../avr/lib/avr6\libm.a(addsf3x.o)
 .bss           0x00800989        0x0 c:/winavr-20100110/bin/../lib/gcc/avr/4.3.3/../../../../avr/lib/avr6\libm.a(asin.o)
 .bss           0x00800989        0x0 c:/winavr-20100110/bin/../lib/gcc/avr/4.3.3/../../../../avr/lib/avr6\libm.a(atan2.o)
 .bss           0x00800989        0x0 c:/winavr-20100110/bin/../lib/gcc/avr/4.3.3/../../../../avr/lib/avr6\libm.a(atan.o)
 .bss           0x00800989        0x0 c:/winavr-20100110/bin/../lib/gcc/avr/4.3.3/../../../../avr/lib/avr6\libm.a(cmpsf2.o)
 .bss           0x00800989        0x0 c:/winavr-20100110/bin/../lib/gcc/avr/4.3.3/../../../../avr/lib/avr6\libm.a(cos.o)
 .bss           0x00800989        0x0 c:/winavr-20100110/bin/../lib/gcc/avr/4.3.3/../../../../avr/lib/avr6\libm.a(divsf3.o)
 .bss           0x00800989        0x0 c:/winavr-20100110/bin/../lib/gcc/avr/4.3.3/../../../../avr/lib/avr6\libm.a(divsf3x.o)
 .bss           0x00800989        0x0 c:/winavr-20100110/bin/../lib/gcc/avr/4.3.3/../../../../avr/lib/avr6\libm.a(fixsfsi.o)
 .bss           0x00800989        0x0 c:/winavr-20100110/bin/../lib/gcc/avr/4.3.3/../../../../avr/lib/avr6\libm.a(fixunssfsi.o)
 .bss           0x00800989        0x0 c:/winavr-20100110/bin/../lib/gcc/avr/4.3.3/../../../../avr/lib/avr6\libm.a(floatsisf.o)
 .bss           0x00800989        0x0 c:/winavr-20100110/bin/../lib/gcc/avr/4.3.3/../../../../avr/lib/avr6\libm.a(fp_arccos.o)
 .bss           0x00800989        0x0 c:/winavr-20100110/bin/../lib/gcc/avr/4.3.3/../../../../avr/lib/avr6\libm.a(fp_cmp.o)
 .bss           0x00800989        0x0 c:/winavr-20100110/bin/../lib/gcc/avr/4.3.3/../../../../avr/lib/avr6\libm.a(fp_inf.o)
 .bss           0x00800989        0x0 c:/winavr-20100110/bin/../lib/gcc/avr/4.3.3/../../../../avr/lib/avr6\libm.a(fp_nan.o)
 .bss           0x00800989        0x0 c:/winavr-20100110/bin/../lib/gcc/avr/4.3.3/../../../../avr/lib/avr6\libm.a(fp_powser.o)
 .bss           0x00800989        0x0 c:/winavr-20100110/bin/../lib/gcc/avr/4.3.3/../../../../avr/lib/avr6\libm.a(fp_powsodd.o)
 .bss           0x00800989        0x0 c:/winavr-20100110/bin/../lib/gcc/avr/4.3.3/../../../../avr/lib/avr6\libm.a(fp_pscA.o)
 .bss           0x00800989        0x0 c:/winavr-20100110/bin/../lib/gcc/avr/4.3.3/../../../../avr/lib/avr6\libm.a(fp_pscB.o)
 .bss           0x00800989        0x0 c:/winavr-20100110/bin/../lib/gcc/avr/4.3.3/../../../../avr/lib/avr6\libm.a(fp_rempio2.o)
 .bss           0x00800989        0x0 c:/winavr-20100110/bin/../lib/gcc/avr/4.3.3/../../../../avr/lib/avr6\libm.a(fp_round.o)
 .bss           0x00800989        0x0 c:/winavr-20100110/bin/../lib/gcc/avr/4.3.3/../../../../avr/lib/avr6\libm.a(fp_sinus.o)
 .bss           0x00800989        0x0 c:/winavr-20100110/bin/../lib/gcc/avr/4.3.3/../../../../avr/lib/avr6\libm.a(fp_split3.o)
 .bss           0x00800989        0x0 c:/winavr-20100110/bin/../lib/gcc/avr/4.3.3/../../../../avr/lib/avr6\libm.a(fp_zero.o)
 .bss           0x00800989        0x0 c:/winavr-20100110/bin/../lib/gcc/avr/4.3.3/../../../../avr/lib/avr6\libm.a(gesf2.o)
 .bss           0x00800989        0x0 c:/winavr-20100110/bin/../lib/gcc/avr/4.3.3/../../../../avr/lib/avr6\libm.a(inverse.o)
 .bss           0x00800989        0x0 c:/winavr-20100110/bin/../lib/gcc/avr/4.3.3/../../../../avr/lib/avr6\libm.a(mulsf3.o)
 .bss           0x00800989        0x0 c:/winavr-20100110/bin/../lib/gcc/avr/4.3.3/../../../../avr/lib/avr6\libm.a(mulsf3x.o)
 .bss           0x00800989        0x0 c:/winavr-20100110/bin/../lib/gcc/avr/4.3.3/../../../../avr/lib/avr6\libm.a(pow.o)
 .bss           0x00800989        0x0 c:/winavr-20100110/bin/../lib/gcc/avr/4.3.3/../../../../avr/lib/avr6\libm.a(sin.o)
 .bss           0x00800989        0x0 c:/winavr-20100110/bin/../lib/gcc/avr/4.3.3/../../../../avr/lib/avr6\libm.a(sqrt.o)
 .bss           0x00800989        0x0 c:/winavr-20100110/bin/../lib/gcc/avr/4.3.3/../../../../avr/lib/avr6\libm.a(square.o)
 .bss           0x00800989        0x0 c:/winavr-20100110/bin/../lib/gcc/avr/4.3.3/../../../../avr/lib/avr6\libm.a(exp.o)
 .bss           0x00800989        0x0 c:/winavr-20100110/bin/../lib/gcc/avr/4.3.3/../../../../avr/lib/avr6\libm.a(fp_mpack.o)
 .bss           0x00800989        0x0 c:/winavr-20100110/bin/../lib/gcc/avr/4.3.3/../../../../avr/lib/avr6\libm.a(fp_norm2.o)
 .bss           0x00800989        0x0 c:/winavr-20100110/bin/../lib/gcc/avr/4.3.3/../../../../avr/lib/avr6\libm.a(ldexp.o)
 .bss           0x00800989        0x0 c:/winavr-20100110/bin/../lib/gcc/avr/4.3.3/../../../../avr/lib/avr6\libm.a(log.o)
 .bss           0x00800989        0x0 c:/winavr-20100110/bin/../lib/gcc/avr/4.3.3/../../../../avr/lib/avr6\libm.a(modf.o)
 .bss           0x00800989        0x0 c:/winavr-20100110/bin/../lib/gcc/avr/4.3.3/../../../../avr/lib/avr6\libc.a(strtod.o)
 .bss           0x00800989        0x0 c:/winavr-20100110/bin/../lib/gcc/avr/4.3.3/../../../../avr/lib/avr6\libc.a(exit.o)
 .bss           0x00800989        0x0 c:/winavr-20100110/bin/../lib/gcc/avr/4.3.3/../../../../avr/lib/avr6\libc.a(ftoa_engine.o)
 .bss           0x00800989        0x0 c:/winavr-20100110/bin/../lib/gcc/avr/4.3.3/../../../../avr/lib/avr6\libc.a(isspace.o)
 .bss           0x00800989        0x0 c:/winavr-20100110/bin/../lib/gcc/avr/4.3.3/../../../../avr/lib/avr6\libc.a(strncasecmp_P.o)
 .bss           0x00800989        0x0 c:/winavr-20100110/bin/../lib/gcc/avr/4.3.3/../../../../avr/lib/avr6\libc.a(strnlen_P.o)
 .bss           0x00800989        0x0 c:/winavr-20100110/bin/../lib/gcc/avr/4.3.3/../../../../avr/lib/avr6\libc.a(strnlen.o)
 .bss           0x00800989        0x0 c:/winavr-20100110/bin/../lib/gcc/avr/4.3.3/../../../../avr/lib/avr6\libc.a(fdevopen.o)
 .bss           0x00800989        0x0 c:/winavr-20100110/bin/../lib/gcc/avr/4.3.3/../../../../avr/lib/avr6\libc.a(fputc.o)
 .bss           0x00800989        0x0 c:/winavr-20100110/bin/../lib/gcc/avr/4.3.3/../../../../avr/lib/avr6\libc.a(iob.o)
 .bss           0x00800989        0x0 c:/winavr-20100110/bin/../lib/gcc/avr/4.3.3/../../../../avr/lib/avr6\libc.a(printf.o)
 .bss           0x00800989        0x0 c:/winavr-20100110/bin/../lib/gcc/avr/4.3.3/../../../../avr/lib/avr6\libc.a(puts.o)
 .bss           0x00800989        0x0 c:/winavr-20100110/bin/../lib/gcc/avr/4.3.3/../../../../avr/lib/avr6\libc.a(ultoa_invert.o)
 .bss           0x00800989        0x0 c:/winavr-20100110/bin/../lib/gcc/avr/4.3.3/../../../../avr/lib/avr6\libc.a(calloc.o)
 .bss           0x00800989        0x0 c:/winavr-20100110/bin/../lib/gcc/avr/4.3.3/../../../../avr/lib/avr6\libc.a(errno.o)
 .bss           0x00800989        0x0 c:/winavr-20100110/bin/../lib/gcc/avr/4.3.3/../../../../avr/lib/avr6\libc.a(malloc.o)
 .bss           0x00800989        0x0 c:/winavr-20100110/bin/../lib/gcc/avr/4.3.3/../../../../avr/lib/avr6\libc.a(cty_isfalse.o)
 .bss           0x00800989        0x0 c:/winavr-20100110/bin/../lib/gcc/avr/4.3.3/../../../../avr/lib/avr6\libc.a(memset.o)
 .bss           0x00800989       0xea C:\Users\Robocup\Desktop\FirmwareArms3\ArmsPicR newServos\lib\libdynamixel.a(dynamixel.o)
                0x00800989                gbInstructionPacket
                0x00800a6f                gbRxPacketLength
                0x00800a70                gbRxGetLength
                0x00800a71                giBusUsing
                0x00800a29                gbStatusPacket
 .bss           0x00800a73      0x102 C:\Users\Robocup\Desktop\FirmwareArms3\ArmsPicR newServos\lib\libdynamixel.a(dxl_hal.o)
                0x00800b74                gbDxlBufferTail
                0x00800a73                gbDxlBuffer
                0x00800b73                gbDxlBufferHead
 .bss           0x00800b75        0x0 c:/winavr-20100110/bin/../lib/gcc/avr/4.3.3/avr6\libgcc.a(_exit.o)
 .bss           0x00800b75        0x0 c:/winavr-20100110/bin/../lib/gcc/avr/4.3.3/avr6\libgcc.a(_clear_bss.o)
 *(.bss*)
 *(COMMON)
 COMMON         0x00800b75      0x75f ArmsPic.o
                0x00800b75                ids
                0x00800b87                initialQPosition
                0x00800ba3                PERcoef
                0x00800c13                MinHand
                0x00800c1b                ceroPosition
                0x00800c3f                maxDegrees
                0x00800c63                currentXPosition
                0x00800c7f                lastPosition
                0x00800c9b                maxTorque
                0x00800cbf                maxBits
                0x00800ce3                LSPBcoef
                0x00800d53                dDH
                0x00800d6f                H0
                0x00800f6f                H07
                0x00800faf                CommStatus
                0x00800fb1                H
                0x008011b1                thetaDH
                0x008011cd                aDH
                0x008011e9                currentQPosition
                0x00801205                id_hand
                0x0080120d                cw
                0x0080121f                MaxHand
                0x00801227                comando
                0x00801248                qDH
                0x00801264                desiredQPosition
                0x00801280                differentialPosition
                0x0080129c                alphaDH
                0x008012b8                desiredXPosition
 COMMON         0x008012d4        0x6 c:/winavr-20100110/bin/../lib/gcc/avr/4.3.3/../../../../avr/lib/avr6\libc.a(iob.o)
                0x008012d4                __iob
 COMMON         0x008012da        0x2 c:/winavr-20100110/bin/../lib/gcc/avr/4.3.3/../../../../avr/lib/avr6\libc.a(errno.o)
                0x008012da                errno
 COMMON         0x008012dc        0x4 c:/winavr-20100110/bin/../lib/gcc/avr/4.3.3/../../../../avr/lib/avr6\libc.a(malloc.o)
                0x008012dc                __brkval
                0x008012de                __flp
 COMMON         0x008012e0        0xa C:\Users\Robocup\Desktop\FirmwareArms3\ArmsPicR newServos\lib\libdynamixel.a(dxl_hal.o)
                0x008012e0                gwReturnDelayCountNum
                0x008012e2                gfByteTransTime_us
                0x008012e6                gwTimeoutCountNum
                0x008012e8                gwCountNum
                0x008012ea                PROVIDE (__bss_end, .)
                0x00008a00                __data_load_start = LOADADDR (.data)
                0x000090e4                __data_load_end = (__data_load_start + SIZEOF (.data))

.noinit         0x008012ea        0x0
                0x008012ea                PROVIDE (__noinit_start, .)
 *(.noinit*)
                0x008012ea                PROVIDE (__noinit_end, .)
                0x008012ea                _end = .
                0x008012ea                PROVIDE (__heap_start, .)

.eeprom         0x00810000        0x0
 *(.eeprom*)
                0x00810000                __eeprom_end = .

.fuse
 *(.fuse)
 *(.lfuse)
 *(.hfuse)
 *(.efuse)

.lock
 *(.lock*)

.signature
 *(.signature*)

.stab
 *(.stab)

.stabstr
 *(.stabstr)

.stab.excl
 *(.stab.excl)

.stab.exclstr
 *(.stab.exclstr)

.stab.index
 *(.stab.index)

.stab.indexstr
 *(.stab.indexstr)

.comment
 *(.comment)

.debug
 *(.debug)

.line
 *(.line)

.debug_srcinfo
 *(.debug_srcinfo)

.debug_sfnames
 *(.debug_sfnames)

.debug_aranges  0x00000000       0x60
 *(.debug_aranges)
 .debug_aranges
                0x00000000       0x20 ArmsPic.o
 .debug_aranges
                0x00000020       0x20 C:\Users\Robocup\Desktop\FirmwareArms3\ArmsPicR newServos\lib\libdynamixel.a(dynamixel.o)
 .debug_aranges
                0x00000040       0x20 C:\Users\Robocup\Desktop\FirmwareArms3\ArmsPicR newServos\lib\libdynamixel.a(dxl_hal.o)

.debug_pubnames
                0x00000000      0xa96
 *(.debug_pubnames)
 .debug_pubnames
                0x00000000      0x6d5 ArmsPic.o
 .debug_pubnames
                0x000006d5      0x24f C:\Users\Robocup\Desktop\FirmwareArms3\ArmsPicR newServos\lib\libdynamixel.a(dynamixel.o)
 .debug_pubnames
                0x00000924      0x172 C:\Users\Robocup\Desktop\FirmwareArms3\ArmsPicR newServos\lib\libdynamixel.a(dxl_hal.o)

.debug_info     0x00000000     0x311c
 *(.debug_info)
 .debug_info    0x00000000     0x26bd ArmsPic.o
 .debug_info    0x000026bd      0x5d9 C:\Users\Robocup\Desktop\FirmwareArms3\ArmsPicR newServos\lib\libdynamixel.a(dynamixel.o)
 .debug_info    0x00002c96      0x486 C:\Users\Robocup\Desktop\FirmwareArms3\ArmsPicR newServos\lib\libdynamixel.a(dxl_hal.o)
 *(.gnu.linkonce.wi.*)

.debug_abbrev   0x00000000      0x7a7
 *(.debug_abbrev)
 .debug_abbrev  0x00000000      0x417 ArmsPic.o
 .debug_abbrev  0x00000417      0x21d C:\Users\Robocup\Desktop\FirmwareArms3\ArmsPicR newServos\lib\libdynamixel.a(dynamixel.o)
 .debug_abbrev  0x00000634      0x173 C:\Users\Robocup\Desktop\FirmwareArms3\ArmsPicR newServos\lib\libdynamixel.a(dxl_hal.o)

.debug_line     0x00000000     0x2b17
 *(.debug_line)
 .debug_line    0x00000000     0x2256 ArmsPic.o
 .debug_line    0x00002256      0x533 C:\Users\Robocup\Desktop\FirmwareArms3\ArmsPicR newServos\lib\libdynamixel.a(dynamixel.o)
 .debug_line    0x00002789      0x38e C:\Users\Robocup\Desktop\FirmwareArms3\ArmsPicR newServos\lib\libdynamixel.a(dxl_hal.o)

.debug_frame    0x00000000      0x660
 *(.debug_frame)
 .debug_frame   0x00000000      0x440 ArmsPic.o
 .debug_frame   0x00000440      0x160 C:\Users\Robocup\Desktop\FirmwareArms3\ArmsPicR newServos\lib\libdynamixel.a(dynamixel.o)
 .debug_frame   0x000005a0       0xc0 C:\Users\Robocup\Desktop\FirmwareArms3\ArmsPicR newServos\lib\libdynamixel.a(dxl_hal.o)

.debug_str      0x00000000      0xbbe
 *(.debug_str)
 .debug_str     0x00000000      0x7f6 ArmsPic.o
                                0x881 (size before relaxing)
 .debug_str     0x000007f6      0x264 C:\Users\Robocup\Desktop\FirmwareArms3\ArmsPicR newServos\lib\libdynamixel.a(dynamixel.o)
                                0x2c2 (size before relaxing)
 .debug_str     0x00000a5a      0x164 C:\Users\Robocup\Desktop\FirmwareArms3\ArmsPicR newServos\lib\libdynamixel.a(dxl_hal.o)
                                0x29d (size before relaxing)

.debug_loc      0x00000000     0x2004
 *(.debug_loc)
 .debug_loc     0x00000000     0x1a0e ArmsPic.o
 .debug_loc     0x00001a0e      0x358 C:\Users\Robocup\Desktop\FirmwareArms3\ArmsPicR newServos\lib\libdynamixel.a(dynamixel.o)
 .debug_loc     0x00001d66      0x29e C:\Users\Robocup\Desktop\FirmwareArms3\ArmsPicR newServos\lib\libdynamixel.a(dxl_hal.o)

.debug_macinfo
 *(.debug_macinfo)
OUTPUT(ArmsPic.elf elf32-avr)
LOAD linker stubs

.debug_ranges   0x00000000      0x128
 .debug_ranges  0x00000000      0x128 ArmsPic.o
