Archive member included because of file (symbol)

c:/program files/atmel/avr tools/avr toolchain/bin/../lib/gcc/avr/4.5.1/../../../../avr/lib/avr6\libprintf_flt.a(vfprintf_flt.o)
                              (vfprintf)
c:/program files/atmel/avr tools/avr toolchain/bin/../lib/gcc/avr/4.5.1/../../../../avr/lib/avr6\libm.a(acos.o)
                              ArmsPic.o (acos)
c:/program files/atmel/avr tools/avr toolchain/bin/../lib/gcc/avr/4.5.1/../../../../avr/lib/avr6\libm.a(addsf3.o)
                              ArmsPic.o (__subsf3)
c:/program files/atmel/avr tools/avr toolchain/bin/../lib/gcc/avr/4.5.1/../../../../avr/lib/avr6\libm.a(addsf3x.o)
                              c:/program files/atmel/avr tools/avr toolchain/bin/../lib/gcc/avr/4.5.1/../../../../avr/lib/avr6\libm.a(acos.o) (__addsf3x)
c:/program files/atmel/avr tools/avr toolchain/bin/../lib/gcc/avr/4.5.1/../../../../avr/lib/avr6\libm.a(asin.o)
                              ArmsPic.o (asin)
c:/program files/atmel/avr tools/avr toolchain/bin/../lib/gcc/avr/4.5.1/../../../../avr/lib/avr6\libm.a(atan2.o)
                              ArmsPic.o (atan2)
c:/program files/atmel/avr tools/avr toolchain/bin/../lib/gcc/avr/4.5.1/../../../../avr/lib/avr6\libm.a(atan.o)
                              c:/program files/atmel/avr tools/avr toolchain/bin/../lib/gcc/avr/4.5.1/../../../../avr/lib/avr6\libm.a(atan2.o) (atan)
c:/program files/atmel/avr tools/avr toolchain/bin/../lib/gcc/avr/4.5.1/../../../../avr/lib/avr6\libm.a(cmpsf2.o)
                              ArmsPic.o (__eqsf2)
c:/program files/atmel/avr tools/avr toolchain/bin/../lib/gcc/avr/4.5.1/../../../../avr/lib/avr6\libm.a(cos.o)
                              ArmsPic.o (cos)
c:/program files/atmel/avr tools/avr toolchain/bin/../lib/gcc/avr/4.5.1/../../../../avr/lib/avr6\libm.a(divsf3.o)
                              ArmsPic.o (__divsf3)
c:/program files/atmel/avr tools/avr toolchain/bin/../lib/gcc/avr/4.5.1/../../../../avr/lib/avr6\libm.a(divsf3x.o)
                              c:/program files/atmel/avr tools/avr toolchain/bin/../lib/gcc/avr/4.5.1/../../../../avr/lib/avr6\libm.a(divsf3.o) (__divsf3x)
c:/program files/atmel/avr tools/avr toolchain/bin/../lib/gcc/avr/4.5.1/../../../../avr/lib/avr6\libm.a(fixsfsi.o)
                              ArmsPic.o (__fixsfsi)
c:/program files/atmel/avr tools/avr toolchain/bin/../lib/gcc/avr/4.5.1/../../../../avr/lib/avr6\libm.a(fixunssfsi.o)
                              ArmsPic.o (__fixunssfsi)
c:/program files/atmel/avr tools/avr toolchain/bin/../lib/gcc/avr/4.5.1/../../../../avr/lib/avr6\libm.a(floatsisf.o)
                              ArmsPic.o (__floatsisf)
c:/program files/atmel/avr tools/avr toolchain/bin/../lib/gcc/avr/4.5.1/../../../../avr/lib/avr6\libm.a(fp_arccos.o)
                              c:/program files/atmel/avr tools/avr toolchain/bin/../lib/gcc/avr/4.5.1/../../../../avr/lib/avr6\libm.a(acos.o) (__fp_arccos)
c:/program files/atmel/avr tools/avr toolchain/bin/../lib/gcc/avr/4.5.1/../../../../avr/lib/avr6\libm.a(fp_cmp.o)
                              c:/program files/atmel/avr tools/avr toolchain/bin/../lib/gcc/avr/4.5.1/../../../../avr/lib/avr6\libm.a(cmpsf2.o) (__fp_cmp)
c:/program files/atmel/avr tools/avr toolchain/bin/../lib/gcc/avr/4.5.1/../../../../avr/lib/avr6\libm.a(fp_inf.o)
                              c:/program files/atmel/avr tools/avr toolchain/bin/../lib/gcc/avr/4.5.1/../../../../avr/lib/avr6\libm.a(addsf3x.o) (__fp_inf)
c:/program files/atmel/avr tools/avr toolchain/bin/../lib/gcc/avr/4.5.1/../../../../avr/lib/avr6\libm.a(fp_nan.o)
                              c:/program files/atmel/avr tools/avr toolchain/bin/../lib/gcc/avr/4.5.1/../../../../avr/lib/avr6\libm.a(addsf3x.o) (__fp_nan)
c:/program files/atmel/avr tools/avr toolchain/bin/../lib/gcc/avr/4.5.1/../../../../avr/lib/avr6\libm.a(fp_powser.o)
                              c:/program files/atmel/avr tools/avr toolchain/bin/../lib/gcc/avr/4.5.1/../../../../avr/lib/avr6\libm.a(atan.o) (__fp_powser)
c:/program files/atmel/avr tools/avr toolchain/bin/../lib/gcc/avr/4.5.1/../../../../avr/lib/avr6\libm.a(fp_powsodd.o)
                              c:/program files/atmel/avr tools/avr toolchain/bin/../lib/gcc/avr/4.5.1/../../../../avr/lib/avr6\libm.a(asin.o) (__fp_powsodd)
c:/program files/atmel/avr tools/avr toolchain/bin/../lib/gcc/avr/4.5.1/../../../../avr/lib/avr6\libm.a(fp_pscA.o)
                              c:/program files/atmel/avr tools/avr toolchain/bin/../lib/gcc/avr/4.5.1/../../../../avr/lib/avr6\libm.a(addsf3x.o) (__fp_pscA)
c:/program files/atmel/avr tools/avr toolchain/bin/../lib/gcc/avr/4.5.1/../../../../avr/lib/avr6\libm.a(fp_pscB.o)
                              c:/program files/atmel/avr tools/avr toolchain/bin/../lib/gcc/avr/4.5.1/../../../../avr/lib/avr6\libm.a(addsf3x.o) (__fp_pscB)
c:/program files/atmel/avr tools/avr toolchain/bin/../lib/gcc/avr/4.5.1/../../../../avr/lib/avr6\libm.a(fp_rempio2.o)
[...]
Memory Configuration

Name             Origin             Length             Attributes
text             0x00000000         0x00100000         xr
data             0x00800200         0x0000fe00         rw !x
eeprom           0x00810000         0x00010000         rw !x
fuse             0x00820000         0x00000400         rw !x
lock             0x00830000         0x00000400         rw !x
signature        0x00840000         0x00000400         rw !x
*default*        0x00000000         0xffffffff

Linker script and memory map

Address of section .data set to 0x800200
LOAD c:/program files/atmel/avr tools/avr toolchain/bin/../lib/gcc/avr/4.5.1/../../../../avr/lib/avr6/crtm2561.o
LOAD ArmsPic.o
LOAD c:/program files/atmel/avr tools/avr toolchain/bin/../lib/gcc/avr/4.5.1/../../../../avr/lib/avr6\libprintf_flt.a
LOAD c:/program files/atmel/avr tools/avr toolchain/bin/../lib/gcc/avr/4.5.1/../../../../avr/lib/avr6\libm.a
LOAD c:/program files/atmel/avr tools/avr toolchain/bin/../lib/gcc/avr/4.5.1/../../../../avr/lib/avr6\libprintf_min.a
LOAD c:/program files/atmel/avr tools/avr toolchain/bin/../lib/gcc/avr/4.5.1/../../../../avr/lib/avr6\libscanf_flt.a
LOAD c:/program files/atmel/avr tools/avr toolchain/bin/../lib/gcc/avr/4.5.1/../../../../avr/lib/avr6\libscanf_min.a
LOAD c:/program files/atmel/avr tools/avr toolchain/bin/../lib/gcc/avr/4.5.1/../../../../avr/lib/avr6\libc.a
LOAD C:\Users\biorrobotica\Desktop\laura\Brazos Justina\FirmwareArms\ArmsPicR newServos\lib\libserial.a
LOAD C:\Users\biorrobotica\Desktop\laura\Brazos Justina\FirmwareArms\ArmsPicR newServos\lib\libdynamixel.a
LOAD c:/program files/atmel/avr tools/avr toolchain/bin/../lib/gcc/avr/4.5.1/avr6\libgcc.a
LOAD c:/program files/atmel/avr tools/avr toolchain/bin/../lib/gcc/avr/4.5.1/../../../../avr/lib/avr6\libc.a
LOAD c:/program files/atmel/avr tools/avr toolchain/bin/../lib/gcc/avr/4.5.1/avr6\libgcc.a

.hash
 *(.hash)

.dynsym
 *(.dynsym)

.dynstr
 *(.dynstr)

.gnu.version
 *(.gnu.version)

.gnu.version_d
 *(.gnu.version_d)

.gnu.version_r
 *(.gnu.version_r)

.rel.init
 *(.rel.init)

.rela.init
 *(.rela.init)

.rel.text
 *(.rel.text)
 *(.rel.text.*)
 *(.rel.gnu.linkonce.t*)

.rela.text
 *(.rela.text)
 *(.rela.text.*)
 *(.rela.gnu.linkonce.t*)

.rel.fini
 *(.rel.fini)

.rela.fini
 *(.rela.fini)

.rel.rodata
 *(.rel.rodata)
 *(.rel.rodata.*)
 *(.rel.gnu.linkonce.r*)

.rela.rodata
 *(.rela.rodata)
 *(.rela.rodata.*)
 *(.rela.gnu.linkonce.r*)

.rel.data
 *(.rel.data)
 *(.rel.data.*)
 *(.rel.gnu.linkonce.d*)

.rela.data
 *(.rela.data)
 *(.rela.data.*)
 *(.rela.gnu.linkonce.d*)

.rel.ctors
 *(.rel.ctors)

.rela.ctors
 *(.rela.ctors)

.rel.dtors
 *(.rel.dtors)

.rela.dtors
 *(.rela.dtors)

.rel.got
 *(.rel.got)

.rela.got
 *(.rela.got)

.rel.bss
 *(.rel.bss)

.rela.bss
 *(.rela.bss)

.rel.plt
 *(.rel.plt)

.rela.plt
 *(.rela.plt)

.text           0x00000000     0x8cda
 *(.vectors)
 .vectors       0x00000000       0xcc c:/program files/atmel/avr tools/avr toolchain/bin/../lib/gcc/avr/4.5.1/../../../../avr/lib/avr6/crtm2561.o
                0x00000000                __vector_default
                0x00000000                __vectors
 *(.vectors)
 *(.progmem.gcc*)
 .progmem.gcc_sw_table
                0x000000cc       0x70 ArmsPic.o
 .progmem.gcc_fplib
                0x0000013c       0x14 c:/program files/atmel/avr tools/avr toolchain/bin/../lib/gcc/avr/4.5.1/../../../../avr/lib/avr6\libm.a(asin.o)
 .progmem.gcc_fplib
                0x00000150       0x2d c:/program files/atmel/avr tools/avr toolchain/bin/../lib/gcc/avr/4.5.1/../../../../avr/lib/avr6\libm.a(atan.o)
 .progmem.gcc_fplib
                0x0000017d       0x28 c:/program files/atmel/avr tools/avr toolchain/bin/../lib/gcc/avr/4.5.1/../../../../avr/lib/avr6\libm.a(fp_arccos.o)
 .progmem.gcc_fplib
                0x000001a5       0x1e c:/program files/atmel/avr tools/avr toolchain/bin/../lib/gcc/avr/4.5.1/../../../../avr/lib/avr6\libm.a(fp_sinus.o)
 .progmem.gcc_fplib
                0x000001c3       0x28 c:/program files/atmel/avr tools/avr toolchain/bin/../lib/gcc/avr/4.5.1/../../../../avr/lib/avr6\libm.a(exp.o)
 .progmem.gcc_fplib
                0x000001eb       0x5a c:/program files/atmel/avr tools/avr toolchain/bin/../lib/gcc/avr/4.5.1/../../../../avr/lib/avr6\libm.a(log.o)
 *(.progmem*)
 .progmem.data  0x00000245        0x8 c:/program files/atmel/avr tools/avr toolchain/bin/../lib/gcc/avr/4.5.1/../../../../avr/lib/avr6\libprintf_flt.a(vfprintf_flt.o)
 .progmem.data  0x0000024d       0x3b c:/program files/atmel/avr tools/avr toolchain/bin/../lib/gcc/avr/4.5.1/../../../../avr/lib/avr6\libc.a(strtod.o)
 .progmem.data  0x00000288       0xfa c:/program files/atmel/avr tools/avr toolchain/bin/../lib/gcc/avr/4.5.1/../../../../avr/lib/avr6\libc.a(ftoa_engine.o)
                0x00000382                . = ALIGN (0x2)
                0x00000382                __trampolines_start = .
 *(.trampolines)
 .trampolines   0x00000382        0x0 linker stubs
 *(.trampolines*)
                0x00000382                __trampolines_end = .
 *(.jumptables)
 *(.jumptables*)
 *(.lowtext)
 *(.lowtext*)
                0x00000382                __ctors_start = .
 *(.ctors)
                0x00000382                __ctors_end = .
                0x00000382                __dtors_start = .
 *(.dtors)
                0x00000382                __dtors_end = .
 SORT(*)(.ctors)
 SORT(*)(.dtors)
 *(.init0)
 .init0         0x00000382        0x0 c:/program files/atmel/avr tools/avr toolchain/bin/../lib/gcc/avr/4.5.1/../../../../avr/lib/avr6/crtm2561.o
                0x00000382                __init
 *(.init0)
 *(.init1)
 *(.init1)
 *(.init2)
 .init2         0x00000382       0x10 c:/program files/atmel/avr tools/avr toolchain/bin/../lib/gcc/avr/4.5.1/../../../../avr/lib/avr6/crtm2561.o
 *(.init2)
 *(.init3)
 *(.init3)
 *(.init4)
 .init4         0x00000392       0x16 c:/program files/atmel/avr tools/avr toolchain/bin/../lib/gcc/avr/4.5.1/avr6\libgcc.a(_copy_data.o)
                0x00000392                __do_copy_data
 .init4         0x000003a8       0x10 c:/program files/atmel/avr tools/avr toolchain/bin/../lib/gcc/avr/4.5.1/avr6\libgcc.a(_clear_bss.o)
                0x000003a8                __do_clear_bss
 *(.init4)
 *(.init5)
 *(.init5)
 *(.init6)
 *(.init6)
 *(.init7)
 *(.init7)
 *(.init8)
 *(.init8)
 *(.init9)
 .init9         0x000003b8        0x8 c:/program files/atmel/avr tools/avr toolchain/bin/../lib/gcc/avr/4.5.1/../../../../avr/lib/avr6/crtm2561.o
 *(.init9)
 *(.text)
 .text          0x000003c0        0x4 c:/program files/atmel/avr tools/avr toolchain/bin/../lib/gcc/avr/4.5.1/../../../../avr/lib/avr6/crtm2561.o
                0x000003c0                __vector_38
                0x000003c0                __vector_22
                0x000003c0                __vector_28
                0x000003c0                __vector_1
                0x000003c0                __vector_32
                0x000003c0                __vector_34
                0x000003c0                __vector_24
                0x000003c0                __vector_12
                0x000003c0                __vector_46
                0x000003c0                __bad_interrupt
                0x000003c0                __vector_6
                0x000003c0                __vector_31
                0x000003c0                __vector_35
                0x000003c0                __vector_39
                0x000003c0                __vector_3
                0x000003c0                __vector_23
                0x000003c0                __vector_30
                0x000003c0                __vector_45
                0x000003c0                __vector_11
                0x000003c0                __vector_13
                0x000003c0                __vector_17
                0x000003c0                __vector_19
                0x000003c0                __vector_7
                0x000003c0                __vector_49
                0x000003c0                __vector_41
                0x000003c0                __vector_43
                0x000003c0                __vector_27
                0x000003c0                __vector_5
                0x000003c0                __vector_33
                0x000003c0                __vector_47
                0x000003c0                __vector_37
                0x000003c0                __vector_4
                0x000003c0                __vector_44
                0x000003c0                __vector_9
                0x000003c0                __vector_2
                0x000003c0                __vector_21
                0x000003c0                __vector_15
                0x000003c0                __vector_29
                0x000003c0                __vector_40
                0x000003c0                __vector_8
                0x000003c0                __vector_26
                0x000003c0                __vector_48
                0x000003c0                __vector_14
                0x000003c0                __vector_10
                0x000003c0                __vector_50
                0x000003c0                __vector_16
                0x000003c0                __vector_18
                0x000003c0                __vector_20
                0x000003c0                __vector_42
 .text          0x000003c4     0x65e0 ArmsPic.o
                0x000003c4                SetPosition
                0x00000584                GetPosition
                0x000006e4                GetLoad
                0x0000077c                ArmGetPosition
                0x000007de                SetSpeedPerc
                0x00000822                ChangeBaud
                0x00000894                SetMaxSpeeds
                0x000008d4                MovePerc
                0x00000972                SetTorqueControl
                0x00000a12                ArmTorqueControl
                0x00000a3a                SetTorque
                0x00000afe                SetTorque2
                0x00000bfa                TorqueEnabled
                0x00000c06                ArmTorqueEnabled
                0x00000c4a                ServoTorqueEnabled
                0x00000cea                GetVoltage
                0x00000d10                SetUpServos
                0x0000136c                Ping2
                0x000013d0                StatusReport
                0x000014cc                PrintCommStatus
                0x00001550                PrintErrorCode
                0x000015c8                Ping
                0x000015ee                ArmPing
                0x000016be                ArmTorque
                0x00001794                ArmPosition
                0x0000185c                SetConstants
                0x0000194a                updateQPosition
                0x0000197e                OpenHand
                0x000019fa                OpenGripper
                0x00001ab4                CloseGripper
                0x00001b3e                Absolute
                0x00001b72                ObjectInHand
                0x00001c06                executeGripper
                0x00001c54                multVMV
                0x00001dda                multMV
                0x00001f02                mult
                0x00002172                SetKConstants
                0x0000242a                CalculateDH
                0x000026ca                CalculateHT
                0x00002a20                ForwardKinematics
                0x00002c6e                InvH
                0x00002efc                InverseKinematics
                0x000043a6                TestMult
                0x0000448e                coefLSPB
                0x00004588                evalLSPB
                0x000047c4                coefQuintico
                0x00004930                SetdesiredPosition
                0x00004d9c                perQuintico
                0x00004eae                executeControl
                0x00005296                serial_initialize
                0x000052fc                __vector_36
                0x000053c6                showHelp
                0x00005450                is_alpha
                0x0000547a                cmdX
                0x00005554                fetchParam
                0x0000562a                fetchCommand
                0x00005e82                execCommand
                0x000066ce                is_digit
                0x000066e2                serial_write
                0x00006706                std_putchar
                0x00006740                serial_get_qstate
                0x00006780                serial_put_queue
                0x000067b6                serial_get_queue
                0x000067ec                std_getchar
                0x00006802                serial_read
                0x00006872                Leds
                0x000068e8                main
 .text          0x000069a4        0x0 c:/program files/atmel/avr tools/avr toolchain/bin/../lib/gcc/avr/4.5.1/../../../../avr/lib/avr6\libprintf_flt.a(vfprintf_flt.o)
 .text          0x000069a4        0x0 c:/program files/atmel/avr tools/avr toolchain/bin/../lib/gcc/avr/4.5.1/../../../../avr/lib/avr6\libm.a(acos.o)
 .text          0x000069a4        0x0 c:/program files/atmel/avr tools/avr toolchain/bin/../lib/gcc/avr/4.5.1/../../../../avr/lib/avr6\libm.a(addsf3.o)
 .text          0x000069a4        0x0 c:/program files/atmel/avr tools/avr toolchain/bin/../lib/gcc/avr/4.5.1/../../../../avr/lib/avr6\libm.a(addsf3x.o)
 .text          0x000069a4        0x0 c:/program files/atmel/avr tools/avr toolchain/bin/../lib/gcc/avr/4.5.1/../../../../avr/lib/avr6\libm.a(asin.o)
 .text          0x000069a4        0x0 c:/program files/atmel/avr tools/avr toolchain/bin/../lib/gcc/avr/4.5.1/../../../../avr/lib/avr6\libm.a(atan2.o)
 .text          0x000069a4        0x0 c:/program files/atmel/avr tools/avr toolchain/bin/../lib/gcc/avr/4.5.1/../../../../avr/lib/avr6\libm.a(atan.o)
 .text          0x000069a4        0x0 c:/program files/atmel/avr tools/avr toolchain/bin/../lib/gcc/avr/4.5.1/../../../../avr/lib/avr6\libm.a(cmpsf2.o)
 .text          0x000069a4        0x0 c:/program files/atmel/avr tools/avr toolchain/bin/../lib/gcc/avr/4.5.1/../../../../avr/lib/avr6\libm.a(cos.o)
 .text          0x000069a4        0x0 c:/program files/atmel/avr tools/avr toolchain/bin/../lib/gcc/avr/4.5.1/../../../../avr/lib/avr6\libm.a(divsf3.o)
 .text          0x000069a4        0x0 c:/program files/atmel/avr tools/avr toolchain/bin/../lib/gcc/avr/4.5.1/../../../../avr/lib/avr6\libm.a(divsf3x.o)
 .text          0x000069a4        0x0 c:/program files/atmel/avr tools/avr toolchain/bin/../lib/gcc/avr/4.5.1/../../../../avr/lib/avr6\libm.a(fixsfsi.o)
 .text          0x000069a4        0x0 c:/program files/atmel/avr tools/avr toolchain/bin/../lib/gcc/avr/4.5.1/../../../../avr/lib/avr6\libm.a(fixunssfsi.o)
 .text          0x000069a4        0x0 c:/program files/atmel/avr tools/avr toolchain/bin/../lib/gcc/avr/4.5.1/../../../../avr/lib/avr6\libm.a(floatsisf.o)
 .text          0x000069a4        0x0 c:/program files/atmel/avr tools/avr toolchain/bin/../lib/gcc/avr/4.5.1/../../../../avr/lib/avr6\libm.a(fp_arccos.o)
 .text          0x000069a4        0x0 c:/program files/atmel/avr tools/avr toolchain/bin/../lib/gcc/avr/4.5.1/../../../../avr/lib/avr6\libm.a(fp_cmp.o)
 .text          0x000069a4        0x0 c:/program files/atmel/avr tools/avr toolchain/bin/../lib/gcc/avr/4.5.1/../../../../avr/lib/avr6\libm.a(fp_inf.o)
 .text          0x000069a4        0x0 c:/program files/atmel/avr tools/avr toolchain/bin/../lib/gcc/avr/4.5.1/../../../../avr/lib/avr6\libm.a(fp_nan.o)
 .text          0x000069a4        0x0 c:/program files/atmel/avr tools/avr toolchain/bin/../lib/gcc/avr/4.5.1/../../../../avr/lib/avr6\libm.a(fp_powser.o)
 .text          0x000069a4        0x0 c:/program files/atmel/avr tools/avr toolchain/bin/../lib/gcc/avr/4.5.1/../../../../avr/lib/avr6\libm.a(fp_powsodd.o)
 .text          0x000069a4        0x0 c:/program files/atmel/avr tools/avr toolchain/bin/../lib/gcc/avr/4.5.1/../../../../avr/lib/avr6\libm.a(fp_pscA.o)
 .text          0x000069a4        0x0 c:/program files/atmel/avr tools/avr toolchain/bin/../lib/gcc/avr/4.5.1/../../../../avr/lib/avr6\libm.a(fp_pscB.o)
 .text          0x000069a4        0x0 c:/program files/atmel/avr tools/avr toolchain/bin/../lib/gcc/avr/4.5.1/../../../../avr/lib/avr6\libm.a(fp_rempio2.o)
 .text          0x000069a4        0x0 c:/program files/atmel/avr tools/avr toolchain/bin/../lib/gcc/avr/4.5.1/../../../../avr/lib/avr6\libm.a(fp_round.o)
 .text          0x000069a4        0x0 c:/program files/atmel/avr tools/avr toolchain/bin/../lib/gcc/avr/4.5.1/../../../../avr/lib/avr6\libm.a(fp_sinus.o)
 .text          0x000069a4        0x0 c:/program files/atmel/avr tools/avr toolchain/bin/../lib/gcc/avr/4.5.1/../../../../avr/lib/avr6\libm.a(fp_split3.o)
 .text          0x000069a4        0x0 c:/program files/atmel/avr tools/avr toolchain/bin/../lib/gcc/avr/4.5.1/../../../../avr/lib/avr6\libm.a(fp_zero.o)
 .text          0x000069a4        0x0 c:/program files/atmel/avr tools/avr toolchain/bin/../lib/gcc/avr/4.5.1/../../../../avr/lib/avr6\libm.a(gesf2.o)
 .text          0x000069a4        0x0 c:/program files/atmel/avr tools/avr toolchain/bin/../lib/gcc/avr/4.5.1/../../../../avr/lib/avr6\libm.a(inverse.o)
 .text          0x000069a4        0x0 c:/program files/atmel/avr tools/avr toolchain/bin/../lib/gcc/avr/4.5.1/../../../../avr/lib/avr6\libm.a(mulsf3.o)
 .text          0x000069a4        0x0 c:/program files/atmel/avr tools/avr toolchain/bin/../lib/gcc/avr/4.5.1/../../../../avr/lib/avr6\libm.a(mulsf3x.o)
 .text          0x000069a4        0x0 c:/program files/atmel/avr tools/avr toolchain/bin/../lib/gcc/avr/4.5.1/../../../../avr/lib/avr6\libm.a(pow.o)
 .text          0x000069a4        0x0 c:/program files/atmel/avr tools/avr toolchain/bin/../lib/gcc/avr/4.5.1/../../../../avr/lib/avr6\libm.a(sin.o)
 .text          0x000069a4        0x0 c:/program files/atmel/avr tools/avr toolchain/bin/../lib/gcc/avr/4.5.1/../../../../avr/lib/avr6\libm.a(sqrt.o)
 .text          0x000069a4        0x0 c:/program files/atmel/avr tools/avr toolchain/bin/../lib/gcc/avr/4.5.1/../../../../avr/lib/avr6\libm.a(square.o)
 .text          0x000069a4        0x0 c:/program files/atmel/avr tools/avr toolchain/bin/../lib/gcc/avr/4.5.1/../../../../avr/lib/avr6\libm.a(exp.o)
 .text          0x000069a4        0x0 c:/program files/atmel/avr tools/avr toolchain/bin/../lib/gcc/avr/4.5.1/../../../../avr/lib/avr6\libm.a(fp_mpack.o)
 .text          0x000069a4        0x0 c:/program files/atmel/avr tools/avr toolchain/bin/../lib/gcc/avr/4.5.1/../../../../avr/lib/avr6\libm.a(fp_norm2.o)
 .text          0x000069a4        0x0 c:/program files/atmel/avr tools/avr toolchain/bin/../lib/gcc/avr/4.5.1/../../../../avr/lib/avr6\libm.a(ldexp.o)
 .text          0x000069a4        0x0 c:/program files/atmel/avr tools/avr toolchain/bin/../lib/gcc/avr/4.5.1/../../../../avr/lib/avr6\libm.a(log.o)
 .text          0x000069a4        0x0 c:/program files/atmel/avr tools/avr toolchain/bin/../lib/gcc/avr/4.5.1/../../../../avr/lib/avr6\libm.a(modf.o)
 .text          0x000069a4        0x0 c:/program files/atmel/avr tools/avr toolchain/bin/../lib/gcc/avr/4.5.1/../../../../avr/lib/avr6\libc.a(strtod.o)
 .text          0x000069a4        0x0 c:/program files/atmel/avr tools/avr toolchain/bin/../lib/gcc/avr/4.5.1/../../../../avr/lib/avr6\libc.a(exit.o)
 .text          0x000069a4        0x0 c:/program files/atmel/avr tools/avr toolchain/bin/../lib/gcc/avr/4.5.1/../../../../avr/lib/avr6\libc.a(ftoa_engine.o)
 .text          0x000069a4        0x0 c:/program files/atmel/avr tools/avr toolchain/bin/../lib/gcc/avr/4.5.1/../../../../avr/lib/avr6\libc.a(isspace.o)
 .text          0x000069a4        0x0 c:/program files/atmel/avr tools/avr toolchain/bin/../lib/gcc/avr/4.5.1/../../../../avr/lib/avr6\libc.a(strncasecmp_P.o)
 .text          0x000069a4        0x0 c:/program files/atmel/avr tools/avr toolchain/bin/../lib/gcc/avr/4.5.1/../../../../avr/lib/avr6\libc.a(strnlen_P.o)
 .text          0x000069a4        0x0 c:/program files/atmel/avr tools/avr toolchain/bin/../lib/gcc/avr/4.5.1/../../../../avr/lib/avr6\libc.a(strnlen.o)
 .text          0x000069a4        0x0 c:/program files/atmel/avr tools/avr toolchain/bin/../lib/gcc/avr/4.5.1/../../../../avr/lib/avr6\libc.a(fdevopen.o)
 .text          0x000069a4        0x0 c:/program files/atmel/avr tools/avr toolchain/bin/../lib/gcc/avr/4.5.1/../../../../avr/lib/avr6\libc.a(fputc.o)
 .text          0x000069a4        0x0 c:/program files/atmel/avr tools/avr toolchain/bin/../lib/gcc/avr/4.5.1/../../../../avr/lib/avr6\libc.a(iob.o)
 .text          0x000069a4        0x0 c:/program files/atmel/avr tools/avr toolchain/bin/../lib/gcc/avr/4.5.1/../../../../avr/lib/avr6\libc.a(printf.o)
 .text          0x000069a4        0x0 c:/program files/atmel/avr tools/avr toolchain/bin/../lib/gcc/avr/4.5.1/../../../../avr/lib/avr6\libc.a(puts.o)
 .text          0x000069a4        0x0 c:/program files/atmel/avr tools/avr toolchain/bin/../lib/gcc/avr/4.5.1/../../../../avr/lib/avr6\libc.a(ultoa_invert.o)
 .text          0x000069a4        0x0 c:/program files/atmel/avr tools/avr toolchain/bin/../lib/gcc/avr/4.5.1/../../../../avr/lib/avr6\libc.a(calloc.o)
 .text          0x000069a4        0x0 c:/program files/atmel/avr tools/avr toolchain/bin/../lib/gcc/avr/4.5.1/../../../../avr/lib/avr6\libc.a(errno.o)
 .text          0x000069a4        0x0 c:/program files/atmel/avr tools/avr toolchain/bin/../lib/gcc/avr/4.5.1/../../../../avr/lib/avr6\libc.a(malloc.o)
 .text          0x000069a4        0x0 c:/program files/atmel/avr tools/avr toolchain/bin/../lib/gcc/avr/4.5.1/../../../../avr/lib/avr6\libc.a(cty_isfalse.o)
 .text          0x000069a4        0x0 c:/program files/atmel/avr tools/avr toolchain/bin/../lib/gcc/avr/4.5.1/../../../../avr/lib/avr6\libc.a(memset.o)
 .text          0x000069a4      0x454 C:\Users\biorrobotica\Desktop\laura\Brazos Justina\FirmwareArms\ArmsPicR newServos\lib\libdynamixel.a(dynamixel.o)
                0x000069a4                dxl_get_result
                0x000069ae                dxl_set_txpacket_id
                0x000069b4                dxl_set_txpacket_instruction
                0x000069ba                dxl_set_txpacket_parameter
                0x000069c4                dxl_set_txpacket_length
                0x000069ca                dxl_get_rxpacket_error
                0x000069de                dxl_get_rxpacket_length
                0x000069e6                dxl_get_rxpacket_parameter
                0x000069f2                dxl_makeword
                0x000069fe                dxl_get_lowbyte
                0x00006a06                dxl_get_highbyte
                0x00006a0e                dxl_rx_packet
                0x00006ba4                dxl_tx_packet
                0x00006c78                dxl_txrx_packet
                0x00006c9a                dxl_write_word
                0x00006cd0                dxl_read_word
                0x00006d0e                dxl_write_byte
                0x00006d3c                dxl_read_byte
                0x00006d72                dxl_ping
                0x00006d98                dxl_terminate
                0x00006d9e                dxl_initialize
 .text          0x00006df8      0x3c2 C:\Users\biorrobotica\Desktop\laura\Brazos Justina\FirmwareArms\ArmsPicR newServos\lib\libdynamixel.a(dxl_hal.o)
                0x00006df8                dxl_hal_open
                0x00006eaa                dxl_hal_close
                0x00006eac                dxl_hal_clear
                0x00006eb6                dxl_hal_tx
                0x00006efe                dxl_hal_set_timeout
                0x00006f20                dxl_hal_timeout
                0x0000705a                dxl_hal_get_qstate
                0x0000709e                dxl_hal_put_queue
                0x000070d4                dxl_hal_get_queue
                0x0000710c                dxl_hal_rx
                0x00007166                __vector_25
 .text          0x000071ba        0x0 c:/program files/atmel/avr tools/avr toolchain/bin/../lib/gcc/avr/4.5.1/avr6\libgcc.a(_exit.o)
 .text          0x000071ba        0x0 c:/program files/atmel/avr tools/avr toolchain/bin/../lib/gcc/avr/4.5.1/avr6\libgcc.a(_copy_data.o)
 .text          0x000071ba        0x0 c:/program files/atmel/avr tools/avr toolchain/bin/../lib/gcc/avr/4.5.1/avr6\libgcc.a(_clear_bss.o)
                0x000071ba                . = ALIGN (0x2)
 *(.text.*)
 .text.avr-libc
                0x000071ba      0x75e c:/program files/atmel/avr tools/avr toolchain/bin/../lib/gcc/avr/4.5.1/../../../../avr/lib/avr6\libprintf_flt.a(vfprintf_flt.o)
                0x000071ba                vfprintf
 .text.avr-libc.fplib
                0x00007918       0x1c c:/program files/atmel/avr tools/avr toolchain/bin/../lib/gcc/avr/4.5.1/../../../../avr/lib/avr6\libm.a(acos.o)
                0x00007918                acos
 .text.avr-libc.fplib
                0x00007934        0xa c:/program files/atmel/avr tools/avr toolchain/bin/../lib/gcc/avr/4.5.1/../../../../avr/lib/avr6\libm.a(addsf3.o)
                0x00007934                __subsf3
                0x00007936                __addsf3
 .text.avr-libc.fplib
                0x0000793e       0xc0 c:/program files/atmel/avr tools/avr toolchain/bin/../lib/gcc/avr/4.5.1/../../../../avr/lib/avr6\libm.a(addsf3x.o)
                0x00007958                __addsf3x
 .text.avr-libc.fplib
                0x000079fe       0x2e c:/program files/atmel/avr tools/avr toolchain/bin/../lib/gcc/avr/4.5.1/../../../../avr/lib/avr6\libm.a(asin.o)
                0x000079fe                asin
 .text.avr-libc.fplib
                0x00007a2c       0x74 c:/program files/atmel/avr tools/avr toolchain/bin/../lib/gcc/avr/4.5.1/../../../../avr/lib/avr6\libm.a(atan2.o)
                0x00007a4a                atan2
 .text.avr-libc.fplib
                0x00007aa0       0x50 c:/program files/atmel/avr tools/avr toolchain/bin/../lib/gcc/avr/4.5.1/../../../../avr/lib/avr6\libm.a(atan.o)
                0x00007aa0                atan
 .text.avr-libc.fplib
                0x00007af0        0x8 c:/program files/atmel/avr tools/avr toolchain/bin/../lib/gcc/avr/4.5.1/../../../../avr/lib/avr6\libm.a(cmpsf2.o)
                0x00007af0                __nesf2
                0x00007af0                __eqsf2
                0x00007af0                __cmpsf2
                0x00007af0                __ltsf2
                0x00007af0                __lesf2
 .text.avr-libc.fplib
                0x00007af8        0x6 c:/program files/atmel/avr tools/avr toolchain/bin/../lib/gcc/avr/4.5.1/../../../../avr/lib/avr6\libm.a(cos.o)
                0x00007af8                cos
 .text.avr-libc.fplib
                0x00007afe        0x4 c:/program files/atmel/avr tools/avr toolchain/bin/../lib/gcc/avr/4.5.1/../../../../avr/lib/avr6\libm.a(divsf3.o)
                0x00007afe                __divsf3
 .text.avr-libc.fplib
                0x00007b02       0xcc c:/program files/atmel/avr tools/avr toolchain/bin/../lib/gcc/avr/4.5.1/../../../../avr/lib/avr6\libm.a(divsf3x.o)
                0x00007b18                __divsf3x
                0x00007b1c                __divsf3_pse
 .text.avr-libc.fplib
                0x00007bce        0xa c:/program files/atmel/avr tools/avr toolchain/bin/../lib/gcc/avr/4.5.1/../../../../avr/lib/avr6\libm.a(fixsfsi.o)
                0x00007bce                __fixsfsi
 .text.avr-libc.fplib
                0x00007bd8       0x58 c:/program files/atmel/avr tools/avr toolchain/bin/../lib/gcc/avr/4.5.1/../../../../avr/lib/avr6\libm.a(fixunssfsi.o)
                0x00007bd8                __fixunssfsi
 .text.avr-libc.fplib
                0x00007c30       0x7a c:/program files/atmel/avr tools/avr toolchain/bin/../lib/gcc/avr/4.5.1/../../../../avr/lib/avr6\libm.a(floatsisf.o)
                0x00007c30                __floatunsisf
                0x00007c34                __floatsisf
 .text.avr-libc.fplib
                0x00007caa       0x36 c:/program files/atmel/avr tools/avr toolchain/bin/../lib/gcc/avr/4.5.1/../../../../avr/lib/avr6\libm.a(fp_arccos.o)
                0x00007caa                __fp_arccos
 .text.avr-libc.fplib
                0x00007ce0       0x48 c:/program files/atmel/avr tools/avr toolchain/bin/../lib/gcc/avr/4.5.1/../../../../avr/lib/avr6\libm.a(fp_cmp.o)
                0x00007ce0                __fp_cmp
 .text.avr-libc.fplib
                0x00007d28        0xc c:/program files/atmel/avr tools/avr toolchain/bin/../lib/gcc/avr/4.5.1/../../../../avr/lib/avr6\libm.a(fp_inf.o)
                0x00007d28                __fp_inf
 .text.avr-libc.fplib
                0x00007d34        0x6 c:/program files/atmel/avr tools/avr toolchain/bin/../lib/gcc/avr/4.5.1/../../../../avr/lib/avr6\libm.a(fp_nan.o)
                0x00007d34                __fp_nan
 .text.avr-libc.fplib
                0x00007d3a       0x4a c:/program files/atmel/avr tools/avr toolchain/bin/../lib/gcc/avr/4.5.1/../../../../avr/lib/avr6\libm.a(fp_powser.o)
                0x00007d3a                __fp_powser
 .text.avr-libc.fplib
                0x00007d84       0x22 c:/program files/atmel/avr tools/avr toolchain/bin/../lib/gcc/avr/4.5.1/../../../../avr/lib/avr6\libm.a(fp_powsodd.o)
                0x00007d84                __fp_powsodd
 .text.avr-libc.fplib
                0x00007da6        0xe c:/program files/atmel/avr tools/avr toolchain/bin/../lib/gcc/avr/4.5.1/../../../../avr/lib/avr6\libm.a(fp_pscA.o)
                0x00007da6                __fp_pscA
 .text.avr-libc.fplib
                0x00007db4        0xe c:/program files/atmel/avr tools/avr toolchain/bin/../lib/gcc/avr/4.5.1/../../../../avr/lib/avr6\libm.a(fp_pscB.o)
                0x00007db4                __fp_pscB
 .text.avr-libc.fplib
                0x00007dc2       0x50 c:/program files/atmel/avr tools/avr toolchain/bin/../lib/gcc/avr/4.5.1/../../../../avr/lib/avr6\libm.a(fp_rempio2.o)
                0x00007dc4                __fp_rempio2
 .text.avr-libc.fplib
                0x00007e12       0x22 c:/program files/atmel/avr tools/avr toolchain/bin/../lib/gcc/avr/4.5.1/../../../../avr/lib/avr6\libm.a(fp_round.o)
                0x00007e12                __fp_round
 .text.avr-libc.fplib
                0x00007e34       0x22 c:/program files/atmel/avr tools/avr toolchain/bin/../lib/gcc/avr/4.5.1/../../../../avr/lib/avr6\libm.a(fp_sinus.o)
                0x00007e34                __fp_sinus
 .text.avr-libc.fplib
                0x00007e56       0x44 c:/program files/atmel/avr tools/avr toolchain/bin/../lib/gcc/avr/4.5.1/../../../../avr/lib/avr6\libm.a(fp_split3.o)
                0x00007e56                __fp_split3
                0x00007e66                __fp_splitA
 .text.avr-libc.fplib
                0x00007e9a        0xe c:/program files/atmel/avr tools/avr toolchain/bin/../lib/gcc/avr/4.5.1/../../../../avr/lib/avr6\libm.a(fp_zero.o)
                0x00007e9a                __fp_zero
                0x00007e9c                __fp_szero
 .text.avr-libc.fplib
                0x00007ea8        0x8 c:/program files/atmel/avr tools/avr toolchain/bin/../lib/gcc/avr/4.5.1/../../../../avr/lib/avr6\libm.a(gesf2.o)
                0x00007ea8                __gesf2
                0x00007ea8                __gtsf2
 .text.avr-libc.fplib
                0x00007eb0        0xe c:/program files/atmel/avr tools/avr toolchain/bin/../lib/gcc/avr/4.5.1/../../../../avr/lib/avr6\libm.a(inverse.o)
                0x00007eb0                inverse
 .text.avr-libc.fplib
                0x00007ebe        0x4 c:/program files/atmel/avr tools/avr toolchain/bin/../lib/gcc/avr/4.5.1/../../../../avr/lib/avr6\libm.a(mulsf3.o)
                0x00007ebe                __mulsf3
 .text.avr-libc.fplib
                0x00007ec2       0xc2 c:/program files/atmel/avr tools/avr toolchain/bin/../lib/gcc/avr/4.5.1/../../../../avr/lib/avr6\libm.a(mulsf3x.o)
                0x00007ed6                __mulsf3x
                0x00007eda                __mulsf3_pse
 .text.avr-libc.fplib
                0x00007f84       0x98 c:/program files/atmel/avr tools/avr toolchain/bin/../lib/gcc/avr/4.5.1/../../../../avr/lib/avr6\libm.a(pow.o)
                0x00007f84                pow
 .text.avr-libc.fplib
                0x0000801c        0xc c:/program files/atmel/avr tools/avr toolchain/bin/../lib/gcc/avr/4.5.1/../../../../avr/lib/avr6\libm.a(sin.o)
                0x0000801c                sin
 .text.avr-libc.fplib
                0x00008028       0x84 c:/program files/atmel/avr tools/avr toolchain/bin/../lib/gcc/avr/4.5.1/../../../../avr/lib/avr6\libm.a(sqrt.o)
                0x00008030                sqrt
 .text.avr-libc.fplib
                0x000080ac        0x6 c:/program files/atmel/avr tools/avr toolchain/bin/../lib/gcc/avr/4.5.1/../../../../avr/lib/avr6\libm.a(square.o)
                0x000080ac                square
 .text.avr-libc.fplib
                0x000080b2       0x62 c:/program files/atmel/avr tools/avr toolchain/bin/../lib/gcc/avr/4.5.1/../../../../avr/lib/avr6\libm.a(exp.o)
                0x000080bc                exp
 .text.avr-libc.fplib
                0x00008114       0x1c c:/program files/atmel/avr tools/avr toolchain/bin/../lib/gcc/avr/4.5.1/../../../../avr/lib/avr6\libm.a(fp_mpack.o)
                0x00008114                __fp_mpack
                0x00008118                __fp_mpack_finite
 .text.avr-libc.fplib
                0x00008130        0xe c:/program files/atmel/avr tools/avr toolchain/bin/../lib/gcc/avr/4.5.1/../../../../avr/lib/avr6\libm.a(fp_norm2.o)
                0x00008130                __fp_norm2
 .text.avr-libc.fplib
                0x0000813e       0x6c c:/program files/atmel/avr tools/avr toolchain/bin/../lib/gcc/avr/4.5.1/../../../../avr/lib/avr6\libm.a(ldexp.o)
                0x00008142                ldexp
 .text.avr-libc.fplib
                0x000081aa       0x8a c:/program files/atmel/avr tools/avr toolchain/bin/../lib/gcc/avr/4.5.1/../../../../avr/lib/avr6\libm.a(log.o)
                0x000081b4                log
 .text.avr-libc.fplib
                0x00008234       0x66 c:/program files/atmel/avr tools/avr toolchain/bin/../lib/gcc/avr/4.5.1/../../../../avr/lib/avr6\libm.a(modf.o)
                0x00008234                modf
                0x00008234                modff
 .text.avr-libc
                0x0000829a      0x31c c:/program files/atmel/avr tools/avr toolchain/bin/../lib/gcc/avr/4.5.1/../../../../avr/lib/avr6\libc.a(strtod.o)
                0x0000829a                strtod
 .text.avr-libc
                0x000085b6        0x6 c:/program files/atmel/avr tools/avr toolchain/bin/../lib/gcc/avr/4.5.1/../../../../avr/lib/avr6\libc.a(exit.o)
                0x000085b6                exit
 .text.avr-libc
                0x000085bc      0x1b0 c:/program files/atmel/avr tools/avr toolchain/bin/../lib/gcc/avr/4.5.1/../../../../avr/lib/avr6\libc.a(ftoa_engine.o)
                0x000085bc                __ftoa_engine
 .text.avr-libc
                0x0000876c       0x10 c:/program files/atmel/avr tools/avr toolchain/bin/../lib/gcc/avr/4.5.1/../../../../avr/lib/avr6\libc.a(isspace.o)
                0x0000876c                isspace
 .text.avr-libc
                0x0000877c       0x30 c:/program files/atmel/avr tools/avr toolchain/bin/../lib/gcc/avr/4.5.1/../../../../avr/lib/avr6\libc.a(strncasecmp_P.o)
                0x0000877c                strncasecmp_P
 .text.avr-libc
                0x000087ac       0x16 c:/program files/atmel/avr tools/avr toolchain/bin/../lib/gcc/avr/4.5.1/../../../../avr/lib/avr6\libc.a(strnlen_P.o)
                0x000087ac                strnlen_P
 .text.avr-libc
                0x000087c2       0x16 c:/program files/atmel/avr tools/avr toolchain/bin/../lib/gcc/avr/4.5.1/../../../../avr/lib/avr6\libc.a(strnlen.o)
                0x000087c2                strnlen
 .text.avr-libc
                0x000087d8       0x96 c:/program files/atmel/avr tools/avr toolchain/bin/../lib/gcc/avr/4.5.1/../../../../avr/lib/avr6\libc.a(fdevopen.o)
                0x000087d8                fdevopen
 .text.avr-libc
                0x0000886e       0x58 c:/program files/atmel/avr tools/avr toolchain/bin/../lib/gcc/avr/4.5.1/../../../../avr/lib/avr6\libc.a(fputc.o)
                0x0000886e                fputc
 .text.avr-libc
                0x000088c6       0x24 c:/program files/atmel/avr tools/avr toolchain/bin/../lib/gcc/avr/4.5.1/../../../../avr/lib/avr6\libc.a(printf.o)
                0x000088c6                printf
 .text.avr-libc
                0x000088ea       0x6e c:/program files/atmel/avr tools/avr toolchain/bin/../lib/gcc/avr/4.5.1/../../../../avr/lib/avr6\libc.a(puts.o)
                0x000088ea                puts
 .text.avr-libc
                0x00008958       0xbc c:/program files/atmel/avr tools/avr toolchain/bin/../lib/gcc/avr/4.5.1/../../../../avr/lib/avr6\libc.a(ultoa_invert.o)
                0x00008958                __ultoa_invert
 .text.avr-libc
                0x00008a14       0x4a c:/program files/atmel/avr tools/avr toolchain/bin/../lib/gcc/avr/4.5.1/../../../../avr/lib/avr6\libc.a(calloc.o)
                0x00008a14                calloc
 .text.avr-libc
                0x00008a5e      0x266 c:/program files/atmel/avr tools/avr toolchain/bin/../lib/gcc/avr/4.5.1/../../../../avr/lib/avr6\libc.a(malloc.o)
                0x00008a5e                malloc
                0x00008b92                free
 .text.avr-libc
                0x00008cc4        0x6 c:/program files/atmel/avr tools/avr toolchain/bin/../lib/gcc/avr/4.5.1/../../../../avr/lib/avr6\libc.a(cty_isfalse.o)
                0x00008cc4                __ctype_isfalse
                0x00008cc8                __ctype_istrue
 .text.avr-libc
                0x00008cca        0xe c:/program files/atmel/avr tools/avr toolchain/bin/../lib/gcc/avr/4.5.1/../../../../avr/lib/avr6\libc.a(memset.o)
                0x00008cca                memset
 .text.libgcc   0x00008cd8        0x0 c:/program files/atmel/avr tools/avr toolchain/bin/../lib/gcc/avr/4.5.1/avr6\libgcc.a(_exit.o)
 .text.libgcc   0x00008cd8        0x0 c:/program files/atmel/avr tools/avr toolchain/bin/../lib/gcc/avr/4.5.1/avr6\libgcc.a(_copy_data.o)
 .text.libgcc   0x00008cd8        0x0 c:/program files/atmel/avr tools/avr toolchain/bin/../lib/gcc/avr/4.5.1/avr6\libgcc.a(_clear_bss.o)
                0x00008cd8                . = ALIGN (0x2)
 *(.fini9)
 .fini9         0x00008cd8        0x0 c:/program files/atmel/avr tools/avr toolchain/bin/../lib/gcc/avr/4.5.1/avr6\libgcc.a(_exit.o)
                0x00008cd8                _exit
 *(.fini9)
 *(.fini8)
 *(.fini8)
 *(.fini7)
 *(.fini7)
 *(.fini6)
 *(.fini6)
 *(.fini5)
 *(.fini5)
 *(.fini4)
 *(.fini4)
 *(.fini3)
 *(.fini3)
 *(.fini2)
 *(.fini2)
 *(.fini1)
 *(.fini1)
 *(.fini0)
 .fini0         0x00008cd8        0x2 c:/program files/atmel/avr tools/avr toolchain/bin/../lib/gcc/avr/4.5.1/avr6\libgcc.a(_exit.o)
 *(.fini0)
                0x00008cda                _etext = .

.data           0x00800200      0x6e4 load address 0x00008cda
                0x00800200                PROVIDE (__data_start, .)
 *(.data)
 .data          0x00800200        0x0 c:/program files/atmel/avr tools/avr toolchain/bin/../lib/gcc/avr/4.5.1/../../../../avr/lib/avr6/crtm2561.o
 .data          0x00800200      0x6db ArmsPic.o
                0x008008cf                maxTol
                0x008008d3                doLoop
                0x008008d5                doReading
                0x008008d7                sampleTime
 .data          0x008008db        0x0 c:/program files/atmel/avr tools/avr toolchain/bin/../lib/gcc/avr/4.5.1/../../../../avr/lib/avr6\libprintf_flt.a(vfprintf_flt.o)
 .data          0x008008db        0x0 c:/program files/atmel/avr tools/avr toolchain/bin/../lib/gcc/avr/4.5.1/../../../../avr/lib/avr6\libm.a(acos.o)
 .data          0x008008db        0x0 c:/program files/atmel/avr tools/avr toolchain/bin/../lib/gcc/avr/4.5.1/../../../../avr/lib/avr6\libm.a(addsf3.o)
 .data          0x008008db        0x0 c:/program files/atmel/avr tools/avr toolchain/bin/../lib/gcc/avr/4.5.1/../../../../avr/lib/avr6\libm.a(addsf3x.o)
 .data          0x008008db        0x0 c:/program files/atmel/avr tools/avr toolchain/bin/../lib/gcc/avr/4.5.1/../../../../avr/lib/avr6\libm.a(asin.o)
 .data          0x008008db        0x0 c:/program files/atmel/avr tools/avr toolchain/bin/../lib/gcc/avr/4.5.1/../../../../avr/lib/avr6\libm.a(atan2.o)
 .data          0x008008db        0x0 c:/program files/atmel/avr tools/avr toolchain/bin/../lib/gcc/avr/4.5.1/../../../../avr/lib/avr6\libm.a(atan.o)
 .data          0x008008db        0x0 c:/program files/atmel/avr tools/avr toolchain/bin/../lib/gcc/avr/4.5.1/../../../../avr/lib/avr6\libm.a(cmpsf2.o)
 .data          0x008008db        0x0 c:/program files/atmel/avr tools/avr toolchain/bin/../lib/gcc/avr/4.5.1/../../../../avr/lib/avr6\libm.a(cos.o)
 .data          0x008008db        0x0 c:/program files/atmel/avr tools/avr toolchain/bin/../lib/gcc/avr/4.5.1/../../../../avr/lib/avr6\libm.a(divsf3.o)
 .data          0x008008db        0x0 c:/program files/atmel/avr tools/avr toolchain/bin/../lib/gcc/avr/4.5.1/../../../../avr/lib/avr6\libm.a(divsf3x.o)
 .data          0x008008db        0x0 c:/program files/atmel/avr tools/avr toolchain/bin/../lib/gcc/avr/4.5.1/../../../../avr/lib/avr6\libm.a(fixsfsi.o)
 .data          0x008008db        0x0 c:/program files/atmel/avr tools/avr toolchain/bin/../lib/gcc/avr/4.5.1/../../../../avr/lib/avr6\libm.a(fixunssfsi.o)
 .data          0x008008db        0x0 c:/program files/atmel/avr tools/avr toolchain/bin/../lib/gcc/avr/4.5.1/../../../../avr/lib/avr6\libm.a(floatsisf.o)
 .data          0x008008db        0x0 c:/program files/atmel/avr tools/avr toolchain/bin/../lib/gcc/avr/4.5.1/../../../../avr/lib/avr6\libm.a(fp_arccos.o)
 .data          0x008008db        0x0 c:/program files/atmel/avr tools/avr toolchain/bin/../lib/gcc/avr/4.5.1/../../../../avr/lib/avr6\libm.a(fp_cmp.o)
 .data          0x008008db        0x0 c:/program files/atmel/avr tools/avr toolchain/bin/../lib/gcc/avr/4.5.1/../../../../avr/lib/avr6\libm.a(fp_inf.o)
 .data          0x008008db        0x0 c:/program files/atmel/avr tools/avr toolchain/bin/../lib/gcc/avr/4.5.1/../../../../avr/lib/avr6\libm.a(fp_nan.o)
 .data          0x008008db        0x0 c:/program files/atmel/avr tools/avr toolchain/bin/../lib/gcc/avr/4.5.1/../../../../avr/lib/avr6\libm.a(fp_powser.o)
 .data          0x008008db        0x0 c:/program files/atmel/avr tools/avr toolchain/bin/../lib/gcc/avr/4.5.1/../../../../avr/lib/avr6\libm.a(fp_powsodd.o)
 .data          0x008008db        0x0 c:/program files/atmel/avr tools/avr toolchain/bin/../lib/gcc/avr/4.5.1/../../../../avr/lib/avr6\libm.a(fp_pscA.o)
 .data          0x008008db        0x0 c:/program files/atmel/avr tools/avr toolchain/bin/../lib/gcc/avr/4.5.1/../../../../avr/lib/avr6\libm.a(fp_pscB.o)
 .data          0x008008db        0x0 c:/program files/atmel/avr tools/avr toolchain/bin/../lib/gcc/avr/4.5.1/../../../../avr/lib/avr6\libm.a(fp_rempio2.o)
 .data          0x008008db        0x0 c:/program files/atmel/avr tools/avr toolchain/bin/../lib/gcc/avr/4.5.1/../../../../avr/lib/avr6\libm.a(fp_round.o)
 .data          0x008008db        0x0 c:/program files/atmel/avr tools/avr toolchain/bin/../lib/gcc/avr/4.5.1/../../../../avr/lib/avr6\libm.a(fp_sinus.o)
 .data          0x008008db        0x0 c:/program files/atmel/avr tools/avr toolchain/bin/../lib/gcc/avr/4.5.1/../../../../avr/lib/avr6\libm.a(fp_split3.o)
 .data          0x008008db        0x0 c:/program files/atmel/avr tools/avr toolchain/bin/../lib/gcc/avr/4.5.1/../../../../avr/lib/avr6\libm.a(fp_zero.o)
 .data          0x008008db        0x0 c:/program files/atmel/avr tools/avr toolchain/bin/../lib/gcc/avr/4.5.1/../../../../avr/lib/avr6\libm.a(gesf2.o)
 .data          0x008008db        0x0 c:/program files/atmel/avr tools/avr toolchain/bin/../lib/gcc/avr/4.5.1/../../../../avr/lib/avr6\libm.a(inverse.o)
 .data          0x008008db        0x0 c:/program files/atmel/avr tools/avr toolchain/bin/../lib/gcc/avr/4.5.1/../../../../avr/lib/avr6\libm.a(mulsf3.o)
 .data          0x008008db        0x0 c:/program files/atmel/avr tools/avr toolchain/bin/../lib/gcc/avr/4.5.1/../../../../avr/lib/avr6\libm.a(mulsf3x.o)
 .data          0x008008db        0x0 c:/program files/atmel/avr tools/avr toolchain/bin/../lib/gcc/avr/4.5.1/../../../../avr/lib/avr6\libm.a(pow.o)
 .data          0x008008db        0x0 c:/program files/atmel/avr tools/avr toolchain/bin/../lib/gcc/avr/4.5.1/../../../../avr/lib/avr6\libm.a(sin.o)
 .data          0x008008db        0x0 c:/program files/atmel/avr tools/avr toolchain/bin/../lib/gcc/avr/4.5.1/../../../../avr/lib/avr6\libm.a(sqrt.o)
 .data          0x008008db        0x0 c:/program files/atmel/avr tools/avr toolchain/bin/../lib/gcc/avr/4.5.1/../../../../avr/lib/avr6\libm.a(square.o)
 .data          0x008008db        0x0 c:/program files/atmel/avr tools/avr toolchain/bin/../lib/gcc/avr/4.5.1/../../../../avr/lib/avr6\libm.a(exp.o)
 .data          0x008008db        0x0 c:/program files/atmel/avr tools/avr toolchain/bin/../lib/gcc/avr/4.5.1/../../../../avr/lib/avr6\libm.a(fp_mpack.o)
 .data          0x008008db        0x0 c:/program files/atmel/avr tools/avr toolchain/bin/../lib/gcc/avr/4.5.1/../../../../avr/lib/avr6\libm.a(fp_norm2.o)
 .data          0x008008db        0x0 c:/program files/atmel/avr tools/avr toolchain/bin/../lib/gcc/avr/4.5.1/../../../../avr/lib/avr6\libm.a(ldexp.o)
 .data          0x008008db        0x0 c:/program files/atmel/avr tools/avr toolchain/bin/../lib/gcc/avr/4.5.1/../../../../avr/lib/avr6\libm.a(log.o)
 .data          0x008008db        0x0 c:/program files/atmel/avr tools/avr toolchain/bin/../lib/gcc/avr/4.5.1/../../../../avr/lib/avr6\libm.a(modf.o)
 .data          0x008008db        0x0 c:/program files/atmel/avr tools/avr toolchain/bin/../lib/gcc/avr/4.5.1/../../../../avr/lib/avr6\libc.a(strtod.o)
 .data          0x008008db        0x0 c:/program files/atmel/avr tools/avr toolchain/bin/../lib/gcc/avr/4.5.1/../../../../avr/lib/avr6\libc.a(exit.o)
 .data          0x008008db        0x0 c:/program files/atmel/avr tools/avr toolchain/bin/../lib/gcc/avr/4.5.1/../../../../avr/lib/avr6\libc.a(ftoa_engine.o)
 .data          0x008008db        0x0 c:/program files/atmel/avr tools/avr toolchain/bin/../lib/gcc/avr/4.5.1/../../../../avr/lib/avr6\libc.a(isspace.o)
 .data          0x008008db        0x0 c:/program files/atmel/avr tools/avr toolchain/bin/../lib/gcc/avr/4.5.1/../../../../avr/lib/avr6\libc.a(strncasecmp_P.o)
 .data          0x008008db        0x0 c:/program files/atmel/avr tools/avr toolchain/bin/../lib/gcc/avr/4.5.1/../../../../avr/lib/avr6\libc.a(strnlen_P.o)
 .data          0x008008db        0x0 c:/program files/atmel/avr tools/avr toolchain/bin/../lib/gcc/avr/4.5.1/../../../../avr/lib/avr6\libc.a(strnlen.o)
 .data          0x008008db        0x0 c:/program files/atmel/avr tools/avr toolchain/bin/../lib/gcc/avr/4.5.1/../../../../avr/lib/avr6\libc.a(fdevopen.o)
 .data          0x008008db        0x0 c:/program files/atmel/avr tools/avr toolchain/bin/../lib/gcc/avr/4.5.1/../../../../avr/lib/avr6\libc.a(fputc.o)
 .data          0x008008db        0x0 c:/program files/atmel/avr tools/avr toolchain/bin/../lib/gcc/avr/4.5.1/../../../../avr/lib/avr6\libc.a(iob.o)
 .data          0x008008db        0x0 c:/program files/atmel/avr tools/avr toolchain/bin/../lib/gcc/avr/4.5.1/../../../../avr/lib/avr6\libc.a(printf.o)
 .data          0x008008db        0x0 c:/program files/atmel/avr tools/avr toolchain/bin/../lib/gcc/avr/4.5.1/../../../../avr/lib/avr6\libc.a(puts.o)
 .data          0x008008db        0x0 c:/program files/atmel/avr tools/avr toolchain/bin/../lib/gcc/avr/4.5.1/../../../../avr/lib/avr6\libc.a(ultoa_invert.o)
 .data          0x008008db        0x0 c:/program files/atmel/avr tools/avr toolchain/bin/../lib/gcc/avr/4.5.1/../../../../avr/lib/avr6\libc.a(calloc.o)
 .data          0x008008db        0x0 c:/program files/atmel/avr tools/avr toolchain/bin/../lib/gcc/avr/4.5.1/../../../../avr/lib/avr6\libc.a(errno.o)
 .data          0x008008db        0x6 c:/program files/atmel/avr tools/avr toolchain/bin/../lib/gcc/avr/4.5.1/../../../../avr/lib/avr6\libc.a(malloc.o)
                0x008008db                __malloc_margin
                0x008008dd                __malloc_heap_start
                0x008008df                __malloc_heap_end
 .data          0x008008e1        0x0 c:/program files/atmel/avr tools/avr toolchain/bin/../lib/gcc/avr/4.5.1/../../../../avr/lib/avr6\libc.a(cty_isfalse.o)
 .data          0x008008e1        0x0 c:/program files/atmel/avr tools/avr toolchain/bin/../lib/gcc/avr/4.5.1/../../../../avr/lib/avr6\libc.a(memset.o)
 .data          0x008008e1        0x2 C:\Users\biorrobotica\Desktop\laura\Brazos Justina\FirmwareArms\ArmsPicR newServos\lib\libdynamixel.a(dynamixel.o)
                0x008008e1                gbCommStatus
 .data          0x008008e3        0x0 C:\Users\biorrobotica\Desktop\laura\Brazos Justina\FirmwareArms\ArmsPicR newServos\lib\libdynamixel.a(dxl_hal.o)
 .data          0x008008e3        0x0 c:/program files/atmel/avr tools/avr toolchain/bin/../lib/gcc/avr/4.5.1/avr6\libgcc.a(_exit.o)
 .data          0x008008e3        0x0 c:/program files/atmel/avr tools/avr toolchain/bin/../lib/gcc/avr/4.5.1/avr6\libgcc.a(_copy_data.o)
 .data          0x008008e3        0x0 c:/program files/atmel/avr tools/avr toolchain/bin/../lib/gcc/avr/4.5.1/avr6\libgcc.a(_clear_bss.o)
 *(.data*)
 *(.rodata)
 *(.rodata*)
 *(.gnu.linkonce.d*)
                0x008008e4                . = ALIGN (0x2)
 *fill*         0x008008e3        0x1 00
                0x008008e4                _edata = .
                0x008008e4                PROVIDE (__data_end, .)

.bss            0x008008e4      0xa06
                0x008008e4                PROVIDE (__bss_start, .)
 *(.bss)
 .bss           0x008008e4        0x0 c:/program files/atmel/avr tools/avr toolchain/bin/../lib/gcc/avr/4.5.1/../../../../avr/lib/avr6/crtm2561.o
 .bss           0x008008e4       0xa5 ArmsPic.o
                0x008008e4                printStatus
                0x008008e6                object
                0x008008e8                doControl
                0x008008ea                printPosLoop
                0x008008ec                executionTF
                0x008008f0                timeCounter
                0x008008f2                instructionSet
                0x008008f4                doGripper
                0x008008f6                desiredForce
                0x008008fa                gripperCounter
                0x008008fc                buffer
                0x0080097c                bufferHead
                0x0080097d                bufferTail
                0x0080097e                cmdReady
                0x00800980                Voltage
                0x00800984                count
 .bss           0x00800989        0x0 c:/program files/atmel/avr tools/avr toolchain/bin/../lib/gcc/avr/4.5.1/../../../../avr/lib/avr6\libprintf_flt.a(vfprintf_flt.o)
 .bss           0x00800989        0x0 c:/program files/atmel/avr tools/avr toolchain/bin/../lib/gcc/avr/4.5.1/../../../../avr/lib/avr6\libm.a(acos.o)
 .bss           0x00800989        0x0 c:/program files/atmel/avr tools/avr toolchain/bin/../lib/gcc/avr/4.5.1/../../../../avr/lib/avr6\libm.a(addsf3.o)
 .bss           0x00800989        0x0 c:/program files/atmel/avr tools/avr toolchain/bin/../lib/gcc/avr/4.5.1/../../../../avr/lib/avr6\libm.a(addsf3x.o)
 .bss           0x00800989        0x0 c:/program files/atmel/avr tools/avr toolchain/bin/../lib/gcc/avr/4.5.1/../../../../avr/lib/avr6\libm.a(asin.o)
 .bss           0x00800989        0x0 c:/program files/atmel/avr tools/avr toolchain/bin/../lib/gcc/avr/4.5.1/../../../../avr/lib/avr6\libm.a(atan2.o)
 .bss           0x00800989        0x0 c:/program files/atmel/avr tools/avr toolchain/bin/../lib/gcc/avr/4.5.1/../../../../avr/lib/avr6\libm.a(atan.o)
 .bss           0x00800989        0x0 c:/program files/atmel/avr tools/avr toolchain/bin/../lib/gcc/avr/4.5.1/../../../../avr/lib/avr6\libm.a(cmpsf2.o)
 .bss           0x00800989        0x0 c:/program files/atmel/avr tools/avr toolchain/bin/../lib/gcc/avr/4.5.1/../../../../avr/lib/avr6\libm.a(cos.o)
 .bss           0x00800989        0x0 c:/program files/atmel/avr tools/avr toolchain/bin/../lib/gcc/avr/4.5.1/../../../../avr/lib/avr6\libm.a(divsf3.o)
 .bss           0x00800989        0x0 c:/program files/atmel/avr tools/avr toolchain/bin/../lib/gcc/avr/4.5.1/../../../../avr/lib/avr6\libm.a(divsf3x.o)
 .bss           0x00800989        0x0 c:/program files/atmel/avr tools/avr toolchain/bin/../lib/gcc/avr/4.5.1/../../../../avr/lib/avr6\libm.a(fixsfsi.o)
 .bss           0x00800989        0x0 c:/program files/atmel/avr tools/avr toolchain/bin/../lib/gcc/avr/4.5.1/../../../../avr/lib/avr6\libm.a(fixunssfsi.o)
 .bss           0x00800989        0x0 c:/program files/atmel/avr tools/avr toolchain/bin/../lib/gcc/avr/4.5.1/../../../../avr/lib/avr6\libm.a(floatsisf.o)
 .bss           0x00800989        0x0 c:/program files/atmel/avr tools/avr toolchain/bin/../lib/gcc/avr/4.5.1/../../../../avr/lib/avr6\libm.a(fp_arccos.o)
 .bss           0x00800989        0x0 c:/program files/atmel/avr tools/avr toolchain/bin/../lib/gcc/avr/4.5.1/../../../../avr/lib/avr6\libm.a(fp_cmp.o)
 .bss           0x00800989        0x0 c:/program files/atmel/avr tools/avr toolchain/bin/../lib/gcc/avr/4.5.1/../../../../avr/lib/avr6\libm.a(fp_inf.o)
 .bss           0x00800989        0x0 c:/program files/atmel/avr tools/avr toolchain/bin/../lib/gcc/avr/4.5.1/../../../../avr/lib/avr6\libm.a(fp_nan.o)
 .bss           0x00800989        0x0 c:/program files/atmel/avr tools/avr toolchain/bin/../lib/gcc/avr/4.5.1/../../../../avr/lib/avr6\libm.a(fp_powser.o)
 .bss           0x00800989        0x0 c:/program files/atmel/avr tools/avr toolchain/bin/../lib/gcc/avr/4.5.1/../../../../avr/lib/avr6\libm.a(fp_powsodd.o)
 .bss           0x00800989        0x0 c:/program files/atmel/avr tools/avr toolchain/bin/../lib/gcc/avr/4.5.1/../../../../avr/lib/avr6\libm.a(fp_pscA.o)
 .bss           0x00800989        0x0 c:/program files/atmel/avr tools/avr toolchain/bin/../lib/gcc/avr/4.5.1/../../../../avr/lib/avr6\libm.a(fp_pscB.o)
 .bss           0x00800989        0x0 c:/program files/atmel/avr tools/avr toolchain/bin/../lib/gcc/avr/4.5.1/../../../../avr/lib/avr6\libm.a(fp_rempio2.o)
 .bss           0x00800989        0x0 c:/program files/atmel/avr tools/avr toolchain/bin/../lib/gcc/avr/4.5.1/../../../../avr/lib/avr6\libm.a(fp_round.o)
 .bss           0x00800989        0x0 c:/program files/atmel/avr tools/avr toolchain/bin/../lib/gcc/avr/4.5.1/../../../../avr/lib/avr6\libm.a(fp_sinus.o)
 .bss           0x00800989        0x0 c:/program files/atmel/avr tools/avr toolchain/bin/../lib/gcc/avr/4.5.1/../../../../avr/lib/avr6\libm.a(fp_split3.o)
 .bss           0x00800989        0x0 c:/program files/atmel/avr tools/avr toolchain/bin/../lib/gcc/avr/4.5.1/../../../../avr/lib/avr6\libm.a(fp_zero.o)
 .bss           0x00800989        0x0 c:/program files/atmel/avr tools/avr toolchain/bin/../lib/gcc/avr/4.5.1/../../../../avr/lib/avr6\libm.a(gesf2.o)
 .bss           0x00800989        0x0 c:/program files/atmel/avr tools/avr toolchain/bin/../lib/gcc/avr/4.5.1/../../../../avr/lib/avr6\libm.a(inverse.o)
 .bss           0x00800989        0x0 c:/program files/atmel/avr tools/avr toolchain/bin/../lib/gcc/avr/4.5.1/../../../../avr/lib/avr6\libm.a(mulsf3.o)
 .bss           0x00800989        0x0 c:/program files/atmel/avr tools/avr toolchain/bin/../lib/gcc/avr/4.5.1/../../../../avr/lib/avr6\libm.a(mulsf3x.o)
 .bss           0x00800989        0x0 c:/program files/atmel/avr tools/avr toolchain/bin/../lib/gcc/avr/4.5.1/../../../../avr/lib/avr6\libm.a(pow.o)
 .bss           0x00800989        0x0 c:/program files/atmel/avr tools/avr toolchain/bin/../lib/gcc/avr/4.5.1/../../../../avr/lib/avr6\libm.a(sin.o)
 .bss           0x00800989        0x0 c:/program files/atmel/avr tools/avr toolchain/bin/../lib/gcc/avr/4.5.1/../../../../avr/lib/avr6\libm.a(sqrt.o)
 .bss           0x00800989        0x0 c:/program files/atmel/avr tools/avr toolchain/bin/../lib/gcc/avr/4.5.1/../../../../avr/lib/avr6\libm.a(square.o)
 .bss           0x00800989        0x0 c:/program files/atmel/avr tools/avr toolchain/bin/../lib/gcc/avr/4.5.1/../../../../avr/lib/avr6\libm.a(exp.o)
 .bss           0x00800989        0x0 c:/program files/atmel/avr tools/avr toolchain/bin/../lib/gcc/avr/4.5.1/../../../../avr/lib/avr6\libm.a(fp_mpack.o)
 .bss           0x00800989        0x0 c:/program files/atmel/avr tools/avr toolchain/bin/../lib/gcc/avr/4.5.1/../../../../avr/lib/avr6\libm.a(fp_norm2.o)
 .bss           0x00800989        0x0 c:/program files/atmel/avr tools/avr toolchain/bin/../lib/gcc/avr/4.5.1/../../../../avr/lib/avr6\libm.a(ldexp.o)
 .bss           0x00800989        0x0 c:/program files/atmel/avr tools/avr toolchain/bin/../lib/gcc/avr/4.5.1/../../../../avr/lib/avr6\libm.a(log.o)
 .bss           0x00800989        0x0 c:/program files/atmel/avr tools/avr toolchain/bin/../lib/gcc/avr/4.5.1/../../../../avr/lib/avr6\libm.a(modf.o)
 .bss           0x00800989        0x0 c:/program files/atmel/avr tools/avr toolchain/bin/../lib/gcc/avr/4.5.1/../../../../avr/lib/avr6\libc.a(strtod.o)
 .bss           0x00800989        0x0 c:/program files/atmel/avr tools/avr toolchain/bin/../lib/gcc/avr/4.5.1/../../../../avr/lib/avr6\libc.a(exit.o)
 .bss           0x00800989        0x0 c:/program files/atmel/avr tools/avr toolchain/bin/../lib/gcc/avr/4.5.1/../../../../avr/lib/avr6\libc.a(ftoa_engine.o)
 .bss           0x00800989        0x0 c:/program files/atmel/avr tools/avr toolchain/bin/../lib/gcc/avr/4.5.1/../../../../avr/lib/avr6\libc.a(isspace.o)
 .bss           0x00800989        0x0 c:/program files/atmel/avr tools/avr toolchain/bin/../lib/gcc/avr/4.5.1/../../../../avr/lib/avr6\libc.a(strncasecmp_P.o)
 .bss           0x00800989        0x0 c:/program files/atmel/avr tools/avr toolchain/bin/../lib/gcc/avr/4.5.1/../../../../avr/lib/avr6\libc.a(strnlen_P.o)
 .bss           0x00800989        0x0 c:/program files/atmel/avr tools/avr toolchain/bin/../lib/gcc/avr/4.5.1/../../../../avr/lib/avr6\libc.a(strnlen.o)
 .bss           0x00800989        0x0 c:/program files/atmel/avr tools/avr toolchain/bin/../lib/gcc/avr/4.5.1/../../../../avr/lib/avr6\libc.a(fdevopen.o)
 .bss           0x00800989        0x0 c:/program files/atmel/avr tools/avr toolchain/bin/../lib/gcc/avr/4.5.1/../../../../avr/lib/avr6\libc.a(fputc.o)
 .bss           0x00800989        0x0 c:/program files/atmel/avr tools/avr toolchain/bin/../lib/gcc/avr/4.5.1/../../../../avr/lib/avr6\libc.a(iob.o)
 .bss           0x00800989        0x0 c:/program files/atmel/avr tools/avr toolchain/bin/../lib/gcc/avr/4.5.1/../../../../avr/lib/avr6\libc.a(printf.o)
 .bss           0x00800989        0x0 c:/program files/atmel/avr tools/avr toolchain/bin/../lib/gcc/avr/4.5.1/../../../../avr/lib/avr6\libc.a(puts.o)
 .bss           0x00800989        0x0 c:/program files/atmel/avr tools/avr toolchain/bin/../lib/gcc/avr/4.5.1/../../../../avr/lib/avr6\libc.a(ultoa_invert.o)
 .bss           0x00800989        0x0 c:/program files/atmel/avr tools/avr toolchain/bin/../lib/gcc/avr/4.5.1/../../../../avr/lib/avr6\libc.a(calloc.o)
 .bss           0x00800989        0x0 c:/program files/atmel/avr tools/avr toolchain/bin/../lib/gcc/avr/4.5.1/../../../../avr/lib/avr6\libc.a(errno.o)
 .bss           0x00800989        0x0 c:/program files/atmel/avr tools/avr toolchain/bin/../lib/gcc/avr/4.5.1/../../../../avr/lib/avr6\libc.a(malloc.o)
 .bss           0x00800989        0x0 c:/program files/atmel/avr tools/avr toolchain/bin/../lib/gcc/avr/4.5.1/../../../../avr/lib/avr6\libc.a(cty_isfalse.o)
 .bss           0x00800989        0x0 c:/program files/atmel/avr tools/avr toolchain/bin/../lib/gcc/avr/4.5.1/../../../../avr/lib/avr6\libc.a(memset.o)
 .bss           0x00800989       0xea C:\Users\biorrobotica\Desktop\laura\Brazos Justina\FirmwareArms\ArmsPicR newServos\lib\libdynamixel.a(dynamixel.o)
                0x00800989                gbInstructionPacket
                0x00800a29                gbStatusPacket
                0x00800a6f                gbRxPacketLength
                0x00800a70                gbRxGetLength
                0x00800a71                giBusUsing
 .bss           0x00800a73      0x102 C:\Users\biorrobotica\Desktop\laura\Brazos Justina\FirmwareArms\ArmsPicR newServos\lib\libdynamixel.a(dxl_hal.o)
                0x00800a73                gbDxlBuffer
                0x00800b73                gbDxlBufferHead
                0x00800b74                gbDxlBufferTail
 .bss           0x00800b75        0x0 c:/program files/atmel/avr tools/avr toolchain/bin/../lib/gcc/avr/4.5.1/avr6\libgcc.a(_exit.o)
 .bss           0x00800b75        0x0 c:/program files/atmel/avr tools/avr toolchain/bin/../lib/gcc/avr/4.5.1/avr6\libgcc.a(_copy_data.o)
 .bss           0x00800b75        0x0 c:/program files/atmel/avr tools/avr toolchain/bin/../lib/gcc/avr/4.5.1/avr6\libgcc.a(_clear_bss.o)
 *(.bss*)
 *(COMMON)
 COMMON         0x00800b75      0x75f ArmsPic.o
                0x00800b75                ids
                0x00800b87                initialQPosition
                0x00800ba3                PERcoef
                0x00800c13                MinHand
                0x00800c1b                ceroPosition
                0x00800c3f                maxDegrees
                0x00800c63                currentXPosition
                0x00800c7f                lastPosition
                0x00800c9b                maxTorque
                0x00800cbf                maxBits
                0x00800ce3                LSPBcoef
                0x00800d53                dDH
                0x00800d6f                H0
                0x00800f6f                H07
                0x00800faf                CommStatus
                0x00800fb1                H
                0x008011b1                thetaDH
                0x008011cd                aDH
                0x008011e9                currentQPosition
                0x00801205                id_hand
                0x0080120d                cw
                0x0080121f                MaxHand
                0x00801227                comando
                0x00801248                qDH
                0x00801264                desiredQPosition
                0x00801280                differentialPosition
                0x0080129c                alphaDH
                0x008012b8                desiredXPosition
 COMMON         0x008012d4        0x6 c:/program files/atmel/avr tools/avr toolchain/bin/../lib/gcc/avr/4.5.1/../../../../avr/lib/avr6\libc.a(iob.o)
                0x008012d4                __iob
 COMMON         0x008012da        0x2 c:/program files/atmel/avr tools/avr toolchain/bin/../lib/gcc/avr/4.5.1/../../../../avr/lib/avr6\libc.a(errno.o)
                0x008012da                errno
 COMMON         0x008012dc        0x4 c:/program files/atmel/avr tools/avr toolchain/bin/../lib/gcc/avr/4.5.1/../../../../avr/lib/avr6\libc.a(malloc.o)
                0x008012dc                __brkval
                0x008012de                __flp
 COMMON         0x008012e0        0xa C:\Users\biorrobotica\Desktop\laura\Brazos Justina\FirmwareArms\ArmsPicR newServos\lib\libdynamixel.a(dxl_hal.o)
                0x008012e0                gwReturnDelayCountNum
                0x008012e2                gfByteTransTime_us
                0x008012e6                gwTimeoutCountNum
                0x008012e8                gwCountNum
                0x008012ea                PROVIDE (__bss_end, .)
                0x00008cda                __data_load_start = LOADADDR (.data)
                0x000093be                __data_load_end = (__data_load_start + SIZEOF (.data))

.noinit         0x008012ea        0x0
                0x008012ea                PROVIDE (__noinit_start, .)
 *(.noinit*)
                0x008012ea                PROVIDE (__noinit_end, .)
                0x008012ea                _end = .
                0x008012ea                PROVIDE (__heap_start, .)

.eeprom         0x00810000        0x0
 *(.eeprom*)
                0x00810000                __eeprom_end = .

.fuse
 *(.fuse)
 *(.lfuse)
 *(.hfuse)
 *(.efuse)

.lock
 *(.lock*)

.signature
 *(.signature*)

.stab           0x00000000     0x5b38
 *(.stab)
 .stab          0x00000000      0x6e4 c:/program files/atmel/avr tools/avr toolchain/bin/../lib/gcc/avr/4.5.1/../../../../avr/lib/avr6/crtm2561.o
 .stab          0x000006e4       0xd8 c:/program files/atmel/avr tools/avr toolchain/bin/../lib/gcc/avr/4.5.1/../../../../avr/lib/avr6\libm.a(acos.o)
                                 0xe4 (size before relaxing)
 .stab          0x000007bc       0x78 c:/program files/atmel/avr tools/avr toolchain/bin/../lib/gcc/avr/4.5.1/../../../../avr/lib/avr6\libm.a(addsf3.o)
                                 0x84 (size before relaxing)
 .stab          0x00000834      0x4bc c:/program files/atmel/avr tools/avr toolchain/bin/../lib/gcc/avr/4.5.1/../../../../avr/lib/avr6\libm.a(addsf3x.o)
                                0x4c8 (size before relaxing)
 .stab          0x00000cf0      0x144 c:/program files/atmel/avr tools/avr toolchain/bin/../lib/gcc/avr/4.5.1/../../../../avr/lib/avr6\libm.a(asin.o)
                                0x150 (size before relaxing)
 .stab          0x00000e34      0x2f4 c:/program files/atmel/avr tools/avr toolchain/bin/../lib/gcc/avr/4.5.1/../../../../avr/lib/avr6\libm.a(atan2.o)
                                0x300 (size before relaxing)
 .stab          0x00001128      0x210 c:/program files/atmel/avr tools/avr toolchain/bin/../lib/gcc/avr/4.5.1/../../../../avr/lib/avr6\libm.a(atan.o)
                                0x21c (size before relaxing)
 .stab          0x00001338       0x90 c:/program files/atmel/avr tools/avr toolchain/bin/../lib/gcc/avr/4.5.1/../../../../avr/lib/avr6\libm.a(cmpsf2.o)
                                 0x9c (size before relaxing)
 .stab          0x000013c8       0x54 c:/program files/atmel/avr tools/avr toolchain/bin/../lib/gcc/avr/4.5.1/../../../../avr/lib/avr6\libm.a(cos.o)
                                 0x60 (size before relaxing)
 .stab          0x0000141c       0x48 c:/program files/atmel/avr tools/avr toolchain/bin/../lib/gcc/avr/4.5.1/../../../../avr/lib/avr6\libm.a(divsf3.o)
                                 0x54 (size before relaxing)
 .stab          0x00001464      0x510 c:/program files/atmel/avr tools/avr toolchain/bin/../lib/gcc/avr/4.5.1/../../../../avr/lib/avr6\libm.a(divsf3x.o)
                                0x51c (size before relaxing)
 .stab          0x00001974       0x6c c:/program files/atmel/avr tools/avr toolchain/bin/../lib/gcc/avr/4.5.1/../../../../avr/lib/avr6\libm.a(fixsfsi.o)
                                 0x78 (size before relaxing)
 .stab          0x000019e0      0x240 c:/program files/atmel/avr tools/avr toolchain/bin/../lib/gcc/avr/4.5.1/../../../../avr/lib/avr6\libm.a(fixunssfsi.o)
                                0x24c (size before relaxing)
 .stab          0x00001c20      0x318 c:/program files/atmel/avr tools/avr toolchain/bin/../lib/gcc/avr/4.5.1/../../../../avr/lib/avr6\libm.a(floatsisf.o)
                                0x324 (size before relaxing)
 .stab          0x00001f38      0x174 c:/program files/atmel/avr tools/avr toolchain/bin/../lib/gcc/avr/4.5.1/../../../../avr/lib/avr6\libm.a(fp_arccos.o)
                                0x180 (size before relaxing)
 .stab          0x000020ac      0x1e0 c:/program files/atmel/avr tools/avr toolchain/bin/../lib/gcc/avr/4.5.1/../../../../avr/lib/avr6\libm.a(fp_cmp.o)
                                0x1ec (size before relaxing)
 .stab          0x0000228c       0x78 c:/program files/atmel/avr tools/avr toolchain/bin/../lib/gcc/avr/4.5.1/../../../../avr/lib/avr6\libm.a(fp_inf.o)
                                 0x84 (size before relaxing)
 .stab          0x00002304       0x54 c:/program files/atmel/avr tools/avr toolchain/bin/../lib/gcc/avr/4.5.1/../../../../avr/lib/avr6\libm.a(fp_nan.o)
                                 0x60 (size before relaxing)
 .stab          0x00002358      0x1ec c:/program files/atmel/avr tools/avr toolchain/bin/../lib/gcc/avr/4.5.1/../../../../avr/lib/avr6\libm.a(fp_powser.o)
                                0x1f8 (size before relaxing)
 .stab          0x00002544       0xfc c:/program files/atmel/avr tools/avr toolchain/bin/../lib/gcc/avr/4.5.1/../../../../avr/lib/avr6\libm.a(fp_powsodd.o)
                                0x108 (size before relaxing)
 .stab          0x00002640       0x84 c:/program files/atmel/avr tools/avr toolchain/bin/../lib/gcc/avr/4.5.1/../../../../avr/lib/avr6\libm.a(fp_pscA.o)
                                 0x90 (size before relaxing)
 .stab          0x000026c4       0x84 c:/program files/atmel/avr tools/avr toolchain/bin/../lib/gcc/avr/4.5.1/../../../../avr/lib/avr6\libm.a(fp_pscB.o)
                                 0x90 (size before relaxing)
 .stab          0x00002748      0x21c c:/program files/atmel/avr tools/avr toolchain/bin/../lib/gcc/avr/4.5.1/../../../../avr/lib/avr6\libm.a(fp_rempio2.o)
                                0x228 (size before relaxing)
 .stab          0x00002964       0xfc c:/program files/atmel/avr tools/avr toolchain/bin/../lib/gcc/avr/4.5.1/../../../../avr/lib/avr6\libm.a(fp_round.o)
                                0x108 (size before relaxing)
 .stab          0x00002a60       0xfc c:/program files/atmel/avr tools/avr toolchain/bin/../lib/gcc/avr/4.5.1/../../../../avr/lib/avr6\libm.a(fp_sinus.o)
                                0x108 (size before relaxing)
 .stab          0x00002b5c      0x1d4 c:/program files/atmel/avr tools/avr toolchain/bin/../lib/gcc/avr/4.5.1/../../../../avr/lib/avr6\libm.a(fp_split3.o)
                                0x1e0 (size before relaxing)
 .stab          0x00002d30       0x90 c:/program files/atmel/avr tools/avr toolchain/bin/../lib/gcc/avr/4.5.1/../../../../avr/lib/avr6\libm.a(fp_zero.o)
                                 0x9c (size before relaxing)
 .stab          0x00002dc0       0x6c c:/program files/atmel/avr tools/avr toolchain/bin/../lib/gcc/avr/4.5.1/../../../../avr/lib/avr6\libm.a(gesf2.o)
                                 0x78 (size before relaxing)
 .stab          0x00002e2c       0x84 c:/program files/atmel/avr tools/avr toolchain/bin/../lib/gcc/avr/4.5.1/../../../../avr/lib/avr6\libm.a(inverse.o)
                                 0x90 (size before relaxing)
 .stab          0x00002eb0       0x48 c:/program files/atmel/avr tools/avr toolchain/bin/../lib/gcc/avr/4.5.1/../../../../avr/lib/avr6\libm.a(mulsf3.o)
                                 0x54 (size before relaxing)
 .stab          0x00002ef8      0x4d4 c:/program files/atmel/avr tools/avr toolchain/bin/../lib/gcc/avr/4.5.1/../../../../avr/lib/avr6\libm.a(mulsf3x.o)
                                0x4e0 (size before relaxing)
 .stab          0x000033cc      0x3c0 c:/program files/atmel/avr tools/avr toolchain/bin/../lib/gcc/avr/4.5.1/../../../../avr/lib/avr6\libm.a(pow.o)
                                0x3cc (size before relaxing)
 .stab          0x0000378c       0x78 c:/program files/atmel/avr tools/avr toolchain/bin/../lib/gcc/avr/4.5.1/../../../../avr/lib/avr6\libm.a(sin.o)
                                 0x84 (size before relaxing)
 .stab          0x00003804      0x354 c:/program files/atmel/avr tools/avr toolchain/bin/../lib/gcc/avr/4.5.1/../../../../avr/lib/avr6\libm.a(sqrt.o)
                                0x360 (size before relaxing)
 .stab          0x00003b58       0x54 c:/program files/atmel/avr tools/avr toolchain/bin/../lib/gcc/avr/4.5.1/../../../../avr/lib/avr6\libm.a(square.o)
                                 0x60 (size before relaxing)
 .stab          0x00003bac      0x288 c:/program files/atmel/avr tools/avr toolchain/bin/../lib/gcc/avr/4.5.1/../../../../avr/lib/avr6\libm.a(exp.o)
                                0x294 (size before relaxing)
 .stab          0x00003e34       0xe4 c:/program files/atmel/avr tools/avr toolchain/bin/../lib/gcc/avr/4.5.1/../../../../avr/lib/avr6\libm.a(fp_mpack.o)
                                 0xf0 (size before relaxing)
 .stab          0x00003f18       0x84 c:/program files/atmel/avr tools/avr toolchain/bin/../lib/gcc/avr/4.5.1/../../../../avr/lib/avr6\libm.a(fp_norm2.o)
                                 0x90 (size before relaxing)
 .stab          0x00003f9c      0x2c4 c:/program files/atmel/avr tools/avr toolchain/bin/../lib/gcc/avr/4.5.1/../../../../avr/lib/avr6\libm.a(ldexp.o)
                                0x2d0 (size before relaxing)
 .stab          0x00004260      0x378 c:/program files/atmel/avr tools/avr toolchain/bin/../lib/gcc/avr/4.5.1/../../../../avr/lib/avr6\libm.a(log.o)
                                0x384 (size before relaxing)
 .stab          0x000045d8      0x2a0 c:/program files/atmel/avr tools/avr toolchain/bin/../lib/gcc/avr/4.5.1/../../../../avr/lib/avr6\libm.a(modf.o)
                                0x2ac (size before relaxing)
 .stab          0x00004878       0x30 c:/program files/atmel/avr tools/avr toolchain/bin/../lib/gcc/avr/4.5.1/../../../../avr/lib/avr6\libc.a(exit.o)
                                 0x3c (size before relaxing)
 .stab          0x000048a8      0xa38 c:/program files/atmel/avr tools/avr toolchain/bin/../lib/gcc/avr/4.5.1/../../../../avr/lib/avr6\libc.a(ftoa_engine.o)
                                0xa44 (size before relaxing)
 .stab          0x000052e0       0x9c c:/program files/atmel/avr tools/avr toolchain/bin/../lib/gcc/avr/4.5.1/../../../../avr/lib/avr6\libc.a(isspace.o)
                                 0xa8 (size before relaxing)
 .stab          0x0000537c      0x138 c:/program files/atmel/avr tools/avr toolchain/bin/../lib/gcc/avr/4.5.1/../../../../avr/lib/avr6\libc.a(strncasecmp_P.o)
                                0x144 (size before relaxing)
 .stab          0x000054b4       0x9c c:/program files/atmel/avr tools/avr toolchain/bin/../lib/gcc/avr/4.5.1/../../../../avr/lib/avr6\libc.a(strnlen_P.o)
                                 0xa8 (size before relaxing)
 .stab          0x00005550       0x9c c:/program files/atmel/avr tools/avr toolchain/bin/../lib/gcc/avr/4.5.1/../../../../avr/lib/avr6\libc.a(strnlen.o)
                                 0xa8 (size before relaxing)
 .stab          0x000055ec      0x480 c:/program files/atmel/avr tools/avr toolchain/bin/../lib/gcc/avr/4.5.1/../../../../avr/lib/avr6\libc.a(ultoa_invert.o)
                                0x48c (size before relaxing)
 .stab          0x00005a6c       0x60 c:/program files/atmel/avr tools/avr toolchain/bin/../lib/gcc/avr/4.5.1/../../../../avr/lib/avr6\libc.a(cty_isfalse.o)
                                 0x6c (size before relaxing)
 .stab          0x00005acc       0x6c c:/program files/atmel/avr tools/avr toolchain/bin/../lib/gcc/avr/4.5.1/../../../../avr/lib/avr6\libc.a(memset.o)
                                 0x78 (size before relaxing)

.stabstr        0x00000000     0x130d
 *(.stabstr)
 .stabstr       0x00000000     0x130d c:/program files/atmel/avr tools/avr toolchain/bin/../lib/gcc/avr/4.5.1/../../../../avr/lib/avr6/crtm2561.o

.stab.excl
 *(.stab.excl)

.stab.exclstr
 *(.stab.exclstr)

.stab.index
 *(.stab.index)

.stab.indexstr
 *(.stab.indexstr)

.comment
 *(.comment)

.debug
 *(.debug)

.line
 *(.line)

.debug_srcinfo
 *(.debug_srcinfo)

.debug_sfnames
 *(.debug_sfnames)

.debug_aranges  0x00000000      0x168
 *(.debug_aranges)
 .debug_aranges
                0x00000000       0x20 ArmsPic.o
 .debug_aranges
                0x00000020       0x20 c:/program files/atmel/avr tools/avr toolchain/bin/../lib/gcc/avr/4.5.1/../../../../avr/lib/avr6\libprintf_flt.a(vfprintf_flt.o)
 .debug_aranges
                0x00000040       0x20 c:/program files/atmel/avr tools/avr toolchain/bin/../lib/gcc/avr/4.5.1/../../../../avr/lib/avr6\libc.a(strtod.o)
 .debug_aranges
                0x00000060       0x20 c:/program files/atmel/avr tools/avr toolchain/bin/../lib/gcc/avr/4.5.1/../../../../avr/lib/avr6\libc.a(fdevopen.o)
 .debug_aranges
                0x00000080       0x20 c:/program files/atmel/avr tools/avr toolchain/bin/../lib/gcc/avr/4.5.1/../../../../avr/lib/avr6\libc.a(fputc.o)
 .debug_aranges
                0x000000a0       0x20 c:/program files/atmel/avr tools/avr toolchain/bin/../lib/gcc/avr/4.5.1/../../../../avr/lib/avr6\libc.a(printf.o)
 .debug_aranges
                0x000000c0       0x20 c:/program files/atmel/avr tools/avr toolchain/bin/../lib/gcc/avr/4.5.1/../../../../avr/lib/avr6\libc.a(puts.o)
 .debug_aranges
                0x000000e0       0x20 c:/program files/atmel/avr tools/avr toolchain/bin/../lib/gcc/avr/4.5.1/../../../../avr/lib/avr6\libc.a(calloc.o)
 .debug_aranges
                0x00000100       0x28 c:/program files/atmel/avr tools/avr toolchain/bin/../lib/gcc/avr/4.5.1/../../../../avr/lib/avr6\libc.a(malloc.o)
 .debug_aranges
                0x00000128       0x20 C:\Users\biorrobotica\Desktop\laura\Brazos Justina\FirmwareArms\ArmsPicR newServos\lib\libdynamixel.a(dynamixel.o)
 .debug_aranges
                0x00000148       0x20 C:\Users\biorrobotica\Desktop\laura\Brazos Justina\FirmwareArms\ArmsPicR newServos\lib\libdynamixel.a(dxl_hal.o)

.debug_pubnames
                0x00000000      0xc19
 *(.debug_pubnames)
 .debug_pubnames
                0x00000000      0x6d5 ArmsPic.o
 .debug_pubnames
                0x000006d5       0x1f c:/program files/atmel/avr tools/avr toolchain/bin/../lib/gcc/avr/4.5.1/../../../../avr/lib/avr6\libprintf_flt.a(vfprintf_flt.o)
 .debug_pubnames
                0x000006f4       0x1d c:/program files/atmel/avr tools/avr toolchain/bin/../lib/gcc/avr/4.5.1/../../../../avr/lib/avr6\libc.a(strtod.o)
 .debug_pubnames
                0x00000711       0x1f c:/program files/atmel/avr tools/avr toolchain/bin/../lib/gcc/avr/4.5.1/../../../../avr/lib/avr6\libc.a(fdevopen.o)
 .debug_pubnames
                0x00000730       0x1c c:/program files/atmel/avr tools/avr toolchain/bin/../lib/gcc/avr/4.5.1/../../../../avr/lib/avr6\libc.a(fputc.o)
 .debug_pubnames
                0x0000074c       0x1c c:/program files/atmel/avr tools/avr toolchain/bin/../lib/gcc/avr/4.5.1/../../../../avr/lib/avr6\libc.a(iob.o)
 .debug_pubnames
                0x00000768       0x1d c:/program files/atmel/avr tools/avr toolchain/bin/../lib/gcc/avr/4.5.1/../../../../avr/lib/avr6\libc.a(printf.o)
 .debug_pubnames
                0x00000785       0x1b c:/program files/atmel/avr tools/avr toolchain/bin/../lib/gcc/avr/4.5.1/../../../../avr/lib/avr6\libc.a(puts.o)
 .debug_pubnames
                0x000007a0       0x1d c:/program files/atmel/avr tools/avr toolchain/bin/../lib/gcc/avr/4.5.1/../../../../avr/lib/avr6\libc.a(calloc.o)
 .debug_pubnames
                0x000007bd       0x1c c:/program files/atmel/avr tools/avr toolchain/bin/../lib/gcc/avr/4.5.1/../../../../avr/lib/avr6\libc.a(errno.o)
 .debug_pubnames
                0x000007d9       0x7f c:/program files/atmel/avr tools/avr toolchain/bin/../lib/gcc/avr/4.5.1/../../../../avr/lib/avr6\libc.a(malloc.o)
 .debug_pubnames
                0x00000858      0x24f C:\Users\biorrobotica\Desktop\laura\Brazos Justina\FirmwareArms\ArmsPicR newServos\lib\libdynamixel.a(dynamixel.o)
 .debug_pubnames
                0x00000aa7      0x172 C:\Users\biorrobotica\Desktop\laura\Brazos Justina\FirmwareArms\ArmsPicR newServos\lib\libdynamixel.a(dxl_hal.o)

.debug_info     0x00000000     0x453a
 *(.debug_info)
 .debug_info    0x00000000     0x28f6 ArmsPic.o
 .debug_info    0x000028f6      0x3e9 c:/program files/atmel/avr tools/avr toolchain/bin/../lib/gcc/avr/4.5.1/../../../../avr/lib/avr6\libprintf_flt.a(vfprintf_flt.o)
 .debug_info    0x00002cdf      0x2d2 c:/program files/atmel/avr tools/avr toolchain/bin/../lib/gcc/avr/4.5.1/../../../../avr/lib/avr6\libc.a(strtod.o)
 .debug_info    0x00002fb1      0x1a1 c:/program files/atmel/avr tools/avr toolchain/bin/../lib/gcc/avr/4.5.1/../../../../avr/lib/avr6\libc.a(fdevopen.o)
 .debug_info    0x00003152      0x167 c:/program files/atmel/avr tools/avr toolchain/bin/../lib/gcc/avr/4.5.1/../../../../avr/lib/avr6\libc.a(fputc.o)
 .debug_info    0x000032b9      0x14f c:/program files/atmel/avr tools/avr toolchain/bin/../lib/gcc/avr/4.5.1/../../../../avr/lib/avr6\libc.a(iob.o)
 .debug_info    0x00003408      0x1c6 c:/program files/atmel/avr tools/avr toolchain/bin/../lib/gcc/avr/4.5.1/../../../../avr/lib/avr6\libc.a(printf.o)
 .debug_info    0x000035ce      0x1ab c:/program files/atmel/avr tools/avr toolchain/bin/../lib/gcc/avr/4.5.1/../../../../avr/lib/avr6\libc.a(puts.o)
 .debug_info    0x00003779       0x91 c:/program files/atmel/avr tools/avr toolchain/bin/../lib/gcc/avr/4.5.1/../../../../avr/lib/avr6\libc.a(calloc.o)
 .debug_info    0x0000380a       0x3b c:/program files/atmel/avr tools/avr toolchain/bin/../lib/gcc/avr/4.5.1/../../../../avr/lib/avr6\libc.a(errno.o)
 .debug_info    0x00003845      0x296 c:/program files/atmel/avr tools/avr toolchain/bin/../lib/gcc/avr/4.5.1/../../../../avr/lib/avr6\libc.a(malloc.o)
 .debug_info    0x00003adb      0x5d9 C:\Users\biorrobotica\Desktop\laura\Brazos Justina\FirmwareArms\ArmsPicR newServos\lib\libdynamixel.a(dynamixel.o)
 .debug_info    0x000040b4      0x486 C:\Users\biorrobotica\Desktop\laura\Brazos Justina\FirmwareArms\ArmsPicR newServos\lib\libdynamixel.a(dxl_hal.o)
 *(.gnu.linkonce.wi.*)

.debug_abbrev   0x00000000     0x10fe
 *(.debug_abbrev)
 .debug_abbrev  0x00000000      0x45d ArmsPic.o
 .debug_abbrev  0x0000045d      0x15f c:/program files/atmel/avr tools/avr toolchain/bin/../lib/gcc/avr/4.5.1/../../../../avr/lib/avr6\libprintf_flt.a(vfprintf_flt.o)
 .debug_abbrev  0x000005bc      0x165 c:/program files/atmel/avr tools/avr toolchain/bin/../lib/gcc/avr/4.5.1/../../../../avr/lib/avr6\libc.a(strtod.o)
 .debug_abbrev  0x00000721       0xfa c:/program files/atmel/avr tools/avr toolchain/bin/../lib/gcc/avr/4.5.1/../../../../avr/lib/avr6\libc.a(fdevopen.o)
 .debug_abbrev  0x0000081b       0xd9 c:/program files/atmel/avr tools/avr toolchain/bin/../lib/gcc/avr/4.5.1/../../../../avr/lib/avr6\libc.a(fputc.o)
 .debug_abbrev  0x000008f4       0xc5 c:/program files/atmel/avr tools/avr toolchain/bin/../lib/gcc/avr/4.5.1/../../../../avr/lib/avr6\libc.a(iob.o)
 .debug_abbrev  0x000009b9      0x11c c:/program files/atmel/avr tools/avr toolchain/bin/../lib/gcc/avr/4.5.1/../../../../avr/lib/avr6\libc.a(printf.o)
 .debug_abbrev  0x00000ad5      0x101 c:/program files/atmel/avr tools/avr toolchain/bin/../lib/gcc/avr/4.5.1/../../../../avr/lib/avr6\libc.a(puts.o)
 .debug_abbrev  0x00000bd6       0x75 c:/program files/atmel/avr tools/avr toolchain/bin/../lib/gcc/avr/4.5.1/../../../../avr/lib/avr6\libc.a(calloc.o)
 .debug_abbrev  0x00000c4b       0x2e c:/program files/atmel/avr tools/avr toolchain/bin/../lib/gcc/avr/4.5.1/../../../../avr/lib/avr6\libc.a(errno.o)
 .debug_abbrev  0x00000c79       0xf5 c:/program files/atmel/avr tools/avr toolchain/bin/../lib/gcc/avr/4.5.1/../../../../avr/lib/avr6\libc.a(malloc.o)
 .debug_abbrev  0x00000d6e      0x21d C:\Users\biorrobotica\Desktop\laura\Brazos Justina\FirmwareArms\ArmsPicR newServos\lib\libdynamixel.a(dynamixel.o)
 .debug_abbrev  0x00000f8b      0x173 C:\Users\biorrobotica\Desktop\laura\Brazos Justina\FirmwareArms\ArmsPicR newServos\lib\libdynamixel.a(dxl_hal.o)

.debug_line     0x00000000     0x4867
 *(.debug_line)
 .debug_line    0x00000000     0x2555 ArmsPic.o
 .debug_line    0x00002555      0xa75 c:/program files/atmel/avr tools/avr toolchain/bin/../lib/gcc/avr/4.5.1/../../../../avr/lib/avr6\libprintf_flt.a(vfprintf_flt.o)
 .debug_line    0x00002fca      0x3c5 c:/program files/atmel/avr tools/avr toolchain/bin/../lib/gcc/avr/4.5.1/../../../../avr/lib/avr6\libc.a(strtod.o)
 .debug_line    0x0000338f      0x194 c:/program files/atmel/avr tools/avr toolchain/bin/../lib/gcc/avr/4.5.1/../../../../avr/lib/avr6\libc.a(fdevopen.o)
 .debug_line    0x00003523      0x147 c:/program files/atmel/avr tools/avr toolchain/bin/../lib/gcc/avr/4.5.1/../../../../avr/lib/avr6\libc.a(fputc.o)
 .debug_line    0x0000366a       0xeb c:/program files/atmel/avr tools/avr toolchain/bin/../lib/gcc/avr/4.5.1/../../../../avr/lib/avr6\libc.a(iob.o)
 .debug_line    0x00003755      0x186 c:/program files/atmel/avr tools/avr toolchain/bin/../lib/gcc/avr/4.5.1/../../../../avr/lib/avr6\libc.a(printf.o)
 .debug_line    0x000038db      0x13e c:/program files/atmel/avr tools/avr toolchain/bin/../lib/gcc/avr/4.5.1/../../../../avr/lib/avr6\libc.a(puts.o)
 .debug_line    0x00003a19      0x133 c:/program files/atmel/avr tools/avr toolchain/bin/../lib/gcc/avr/4.5.1/../../../../avr/lib/avr6\libc.a(calloc.o)
 .debug_line    0x00003b4c       0x92 c:/program files/atmel/avr tools/avr toolchain/bin/../lib/gcc/avr/4.5.1/../../../../avr/lib/avr6\libc.a(errno.o)
 .debug_line    0x00003bde      0x3c8 c:/program files/atmel/avr tools/avr toolchain/bin/../lib/gcc/avr/4.5.1/../../../../avr/lib/avr6\libc.a(malloc.o)
 .debug_line    0x00003fa6      0x533 C:\Users\biorrobotica\Desktop\laura\Brazos Justina\FirmwareArms\ArmsPicR newServos\lib\libdynamixel.a(dynamixel.o)
 .debug_line    0x000044d9      0x38e C:\Users\biorrobotica\Desktop\laura\Brazos Justina\FirmwareArms\ArmsPicR newServos\lib\libdynamixel.a(dxl_hal.o)

.debug_frame    0x00000000      0x770
 *(.debug_frame)
 .debug_frame   0x00000000      0x440 ArmsPic.o
 .debug_frame   0x00000440       0x20 c:/program files/atmel/avr tools/avr toolchain/bin/../lib/gcc/avr/4.5.1/../../../../avr/lib/avr6\libprintf_flt.a(vfprintf_flt.o)
 .debug_frame   0x00000460       0x20 c:/program files/atmel/avr tools/avr toolchain/bin/../lib/gcc/avr/4.5.1/../../../../avr/lib/avr6\libc.a(strtod.o)
 .debug_frame   0x00000480       0x20 c:/program files/atmel/avr tools/avr toolchain/bin/../lib/gcc/avr/4.5.1/../../../../avr/lib/avr6\libc.a(fdevopen.o)
 .debug_frame   0x000004a0       0x20 c:/program files/atmel/avr tools/avr toolchain/bin/../lib/gcc/avr/4.5.1/../../../../avr/lib/avr6\libc.a(fputc.o)
 .debug_frame   0x000004c0       0x20 c:/program files/atmel/avr tools/avr toolchain/bin/../lib/gcc/avr/4.5.1/../../../../avr/lib/avr6\libc.a(printf.o)
 .debug_frame   0x000004e0       0x20 c:/program files/atmel/avr tools/avr toolchain/bin/../lib/gcc/avr/4.5.1/../../../../avr/lib/avr6\libc.a(puts.o)
 .debug_frame   0x00000500       0x20 c:/program files/atmel/avr tools/avr toolchain/bin/../lib/gcc/avr/4.5.1/../../../../avr/lib/avr6\libc.a(calloc.o)
 .debug_frame   0x00000520       0x30 c:/program files/atmel/avr tools/avr toolchain/bin/../lib/gcc/avr/4.5.1/../../../../avr/lib/avr6\libc.a(malloc.o)
 .debug_frame   0x00000550      0x160 C:\Users\biorrobotica\Desktop\laura\Brazos Justina\FirmwareArms\ArmsPicR newServos\lib\libdynamixel.a(dynamixel.o)
 .debug_frame   0x000006b0       0xc0 C:\Users\biorrobotica\Desktop\laura\Brazos Justina\FirmwareArms\ArmsPicR newServos\lib\libdynamixel.a(dxl_hal.o)

.debug_str      0x00000000     0x10ed
 *(.debug_str)
 .debug_str     0x00000000      0x832 ArmsPic.o
                                0x8bd (size before relaxing)
 .debug_str     0x00000832       0xe9 c:/program files/atmel/avr tools/avr toolchain/bin/../lib/gcc/avr/4.5.1/../../../../avr/lib/avr6\libprintf_flt.a(vfprintf_flt.o)
                                0x19d (size before relaxing)
 .debug_str     0x0000091b       0xac c:/program files/atmel/avr tools/avr toolchain/bin/../lib/gcc/avr/4.5.1/../../../../avr/lib/avr6\libc.a(strtod.o)
                                0x161 (size before relaxing)
 .debug_str     0x000009c7       0x62 c:/program files/atmel/avr tools/avr toolchain/bin/../lib/gcc/avr/4.5.1/../../../../avr/lib/avr6\libc.a(fdevopen.o)
                                0x100 (size before relaxing)
 .debug_str     0x00000a29       0x56 c:/program files/atmel/avr tools/avr toolchain/bin/../lib/gcc/avr/4.5.1/../../../../avr/lib/avr6\libc.a(fputc.o)
                                 0xfb (size before relaxing)
 .debug_str     0x00000a7f       0x4e c:/program files/atmel/avr tools/avr toolchain/bin/../lib/gcc/avr/4.5.1/../../../../avr/lib/avr6\libc.a(iob.o)
                                 0xf2 (size before relaxing)
 .debug_str     0x00000acd       0x51 c:/program files/atmel/avr tools/avr toolchain/bin/../lib/gcc/avr/4.5.1/../../../../avr/lib/avr6\libc.a(printf.o)
                                0x125 (size before relaxing)
 .debug_str     0x00000b1e       0x54 c:/program files/atmel/avr tools/avr toolchain/bin/../lib/gcc/avr/4.5.1/../../../../avr/lib/avr6\libc.a(puts.o)
                                 0xf8 (size before relaxing)
 .debug_str     0x00000b72       0x5e c:/program files/atmel/avr tools/avr toolchain/bin/../lib/gcc/avr/4.5.1/../../../../avr/lib/avr6\libc.a(calloc.o)
                                 0x8c (size before relaxing)
 .debug_str     0x00000bd0       0x51 c:/program files/atmel/avr tools/avr toolchain/bin/../lib/gcc/avr/4.5.1/../../../../avr/lib/avr6\libc.a(errno.o)
                                 0x63 (size before relaxing)
 .debug_str     0x00000c21       0xe2 c:/program files/atmel/avr tools/avr toolchain/bin/../lib/gcc/avr/4.5.1/../../../../avr/lib/avr6\libc.a(malloc.o)
                                0x16a (size before relaxing)
 .debug_str     0x00000d03      0x270 C:\Users\biorrobotica\Desktop\laura\Brazos Justina\FirmwareArms\ArmsPicR newServos\lib\libdynamixel.a(dynamixel.o)
                                0x2c2 (size before relaxing)
 .debug_str     0x00000f73      0x17a C:\Users\biorrobotica\Desktop\laura\Brazos Justina\FirmwareArms\ArmsPicR newServos\lib\libdynamixel.a(dxl_hal.o)
                                0x29d (size before relaxing)

.debug_loc      0x00000000     0x45ea
 *(.debug_loc)
 .debug_loc     0x00000000     0x2a23 ArmsPic.o
 .debug_loc     0x00002a23      0xb5d c:/program files/atmel/avr tools/avr toolchain/bin/../lib/gcc/avr/4.5.1/../../../../avr/lib/avr6\libprintf_flt.a(vfprintf_flt.o)
 .debug_loc     0x00003580      0x484 c:/program files/atmel/avr tools/avr toolchain/bin/../lib/gcc/avr/4.5.1/../../../../avr/lib/avr6\libc.a(strtod.o)
 .debug_loc     0x00003a04       0x78 c:/program files/atmel/avr tools/avr toolchain/bin/../lib/gcc/avr/4.5.1/../../../../avr/lib/avr6\libc.a(fdevopen.o)
 .debug_loc     0x00003a7c       0x50 c:/program files/atmel/avr tools/avr toolchain/bin/../lib/gcc/avr/4.5.1/../../../../avr/lib/avr6\libc.a(fputc.o)
 .debug_loc     0x00003acc       0xa7 c:/program files/atmel/avr tools/avr toolchain/bin/../lib/gcc/avr/4.5.1/../../../../avr/lib/avr6\libc.a(puts.o)
 .debug_loc     0x00003b73       0x58 c:/program files/atmel/avr tools/avr toolchain/bin/../lib/gcc/avr/4.5.1/../../../../avr/lib/avr6\libc.a(calloc.o)
 .debug_loc     0x00003bcb      0x429 c:/program files/atmel/avr tools/avr toolchain/bin/../lib/gcc/avr/4.5.1/../../../../avr/lib/avr6\libc.a(malloc.o)
 .debug_loc     0x00003ff4      0x358 C:\Users\biorrobotica\Desktop\laura\Brazos Justina\FirmwareArms\ArmsPicR newServos\lib\libdynamixel.a(dynamixel.o)
 .debug_loc     0x0000434c      0x29e C:\Users\biorrobotica\Desktop\laura\Brazos Justina\FirmwareArms\ArmsPicR newServos\lib\libdynamixel.a(dxl_hal.o)

.debug_macinfo
 *(.debug_macinfo)
OUTPUT(ArmsPic.elf elf32-avr)
LOAD linker stubs

.debug_pubtypes
                0x00000000      0x24e
 .debug_pubtypes
                0x00000000       0x80 ArmsPic.o
 .debug_pubtypes
                0x00000080       0x60 c:/program files/atmel/avr tools/avr toolchain/bin/../lib/gcc/avr/4.5.1/../../../../avr/lib/avr6\libprintf_flt.a(vfprintf_flt.o)
 .debug_pubtypes
                0x000000e0       0x2c c:/program files/atmel/avr tools/avr toolchain/bin/../lib/gcc/avr/4.5.1/../../../../avr/lib/avr6\libc.a(strtod.o)
 .debug_pubtypes
                0x0000010c       0x29 c:/program files/atmel/avr tools/avr toolchain/bin/../lib/gcc/avr/4.5.1/../../../../avr/lib/avr6\libc.a(fdevopen.o)
 .debug_pubtypes
                0x00000135       0x29 c:/program files/atmel/avr tools/avr toolchain/bin/../lib/gcc/avr/4.5.1/../../../../avr/lib/avr6\libc.a(fputc.o)
 .debug_pubtypes
                0x0000015e       0x29 c:/program files/atmel/avr tools/avr toolchain/bin/../lib/gcc/avr/4.5.1/../../../../avr/lib/avr6\libc.a(iob.o)
 .debug_pubtypes
                0x00000187       0x48 c:/program files/atmel/avr tools/avr toolchain/bin/../lib/gcc/avr/4.5.1/../../../../avr/lib/avr6\libc.a(printf.o)
 .debug_pubtypes
                0x000001cf       0x29 c:/program files/atmel/avr tools/avr toolchain/bin/../lib/gcc/avr/4.5.1/../../../../avr/lib/avr6\libc.a(puts.o)
 .debug_pubtypes
                0x000001f8       0x1d c:/program files/atmel/avr tools/avr toolchain/bin/../lib/gcc/avr/4.5.1/../../../../avr/lib/avr6\libc.a(calloc.o)
 .debug_pubtypes
                0x00000215       0x39 c:/program files/atmel/avr tools/avr toolchain/bin/../lib/gcc/avr/4.5.1/../../../../avr/lib/avr6\libc.a(malloc.o)

.debug_ranges   0x00000000      0x1f8
 .debug_ranges  0x00000000      0x128 ArmsPic.o
 .debug_ranges  0x00000128       0x28 c:/program files/atmel/avr tools/avr toolchain/bin/../lib/gcc/avr/4.5.1/../../../../avr/lib/avr6\libprintf_flt.a(vfprintf_flt.o)
 .debug_ranges  0x00000150       0x40 c:/program files/atmel/avr tools/avr toolchain/bin/../lib/gcc/avr/4.5.1/../../../../avr/lib/avr6\libc.a(strtod.o)
 .debug_ranges  0x00000190       0x10 c:/program files/atmel/avr tools/avr toolchain/bin/../lib/gcc/avr/4.5.1/../../../../avr/lib/avr6\libc.a(fdevopen.o)
 .debug_ranges  0x000001a0       0x10 c:/program files/atmel/avr tools/avr toolchain/bin/../lib/gcc/avr/4.5.1/../../../../avr/lib/avr6\libc.a(fputc.o)
 .debug_ranges  0x000001b0       0x10 c:/program files/atmel/avr tools/avr toolchain/bin/../lib/gcc/avr/4.5.1/../../../../avr/lib/avr6\libc.a(printf.o)
 .debug_ranges  0x000001c0       0x10 c:/program files/atmel/avr tools/avr toolchain/bin/../lib/gcc/avr/4.5.1/../../../../avr/lib/avr6\libc.a(puts.o)
 .debug_ranges  0x000001d0       0x10 c:/program files/atmel/avr tools/avr toolchain/bin/../lib/gcc/avr/4.5.1/../../../../avr/lib/avr6\libc.a(calloc.o)
 .debug_ranges  0x000001e0       0x18 c:/program files/atmel/avr tools/avr toolchain/bin/../lib/gcc/avr/4.5.1/../../../../avr/lib/avr6\libc.a(malloc.o)